Component: ARM Compiler 5.06 update 6 (build 750) Tool: armlink [4d35ed]

==============================================================================

Section Cross References

    main.o(.text) refers to _printf_percent.o(.ARM.Collect$$_printf_percent$$00000000) for _printf_percent
    main.o(.text) refers to _printf_f.o(.ARM.Collect$$_printf_percent$$00000003) for _printf_f
    main.o(.text) refers to printf1.o(x$fpl$printf1) for _printf_fp_dec
    main.o(.text) refers to _printf_d.o(.ARM.Collect$$_printf_percent$$00000009) for _printf_d
    main.o(.text) refers to _printf_dec.o(.text) for _printf_int_dec
    main.o(.text) refers to faddsub_clz.o(x$fpl$fadd) for __aeabi_fadd
    main.o(.text) refers to cpu_a.o(.text) for CPU_SR_Save
    main.o(.text) refers to f2d.o(x$fpl$f2d) for __aeabi_f2d
    main.o(.text) refers to noretval__2printf.o(.text) for __2printf
    main.o(.text) refers to os_core.o(.text) for OS_Sched0
    main.o(.text) refers to delay.o(.text) for delay_ms
    main.o(.text) refers to ads1118.o(.text) for stkCheck_task
    main.o(.text) refers to os_time.o(.text) for OSTimeDlyHMSM
    main.o(.text) refers to cpu_core.o(.text) for CPU_Init
    main.o(.text) refers to os_stat.o(.text) for OSStatTaskCPUUsageInit
    main.o(.text) refers to os_task.o(.text) for OSTaskCreate
    main.o(.text) refers to misc.o(.text) for NVIC_PriorityGroupConfig
    main.o(.text) refers to usart.o(.text) for uart_init
    main.o(.text) refers to led.o(.text) for LED_Init
    main.o(.text) refers to main.o(.data) for float_num
    main.o(.text) refers to os_var.o(.data) for OSSchedLockNestingCtr
    main.o(.text) refers to main.o(.bss) for FloatTaskTCB
    main.o(.text) refers to ads1118.o(.bss) for ADS1118_TASK_STK
    system_stm32f10x.o(.text) refers to system_stm32f10x.o(.data) for SystemCoreClock
    led.o(.text) refers to stm32f10x_rcc.o(.text) for RCC_APB2PeriphClockCmd
    led.o(.text) refers to stm32f10x_gpio.o(.text) for GPIO_Init
    ads1118.o(.text) refers to _printf_percent.o(.ARM.Collect$$_printf_percent$$00000000) for _printf_percent
    ads1118.o(.text) refers to _printf_d.o(.ARM.Collect$$_printf_percent$$00000009) for _printf_d
    ads1118.o(.text) refers to _printf_s.o(.ARM.Collect$$_printf_percent$$00000014) for _printf_s
    ads1118.o(.text) refers to _printf_dec.o(.text) for _printf_int_dec
    ads1118.o(.text) refers to _printf_str.o(.text) for _printf_str
    ads1118.o(.text) refers to _printf_f.o(.ARM.Collect$$_printf_percent$$00000003) for _printf_f
    ads1118.o(.text) refers to printf1.o(x$fpl$printf1) for _printf_fp_dec
    ads1118.o(.text) refers to stm32f10x_rcc.o(.text) for RCC_APB2PeriphClockCmd
    ads1118.o(.text) refers to stm32f10x_gpio.o(.text) for GPIO_Init
    ads1118.o(.text) refers to stm32f10x_spi.o(.text) for SPI_Init
    ads1118.o(.text) refers to os_task.o(.text) for OSTaskStkChk
    ads1118.o(.text) refers to noretval__2printf.o(.text) for __2printf
    ads1118.o(.text) refers to fflt_clz.o(x$fpl$fflt) for __aeabi_i2f
    ads1118.o(.text) refers to f2d.o(x$fpl$f2d) for __aeabi_f2d
    ads1118.o(.text) refers to dmul.o(x$fpl$dmul) for __aeabi_dmul
    ads1118.o(.text) refers to ddiv.o(x$fpl$ddiv) for __aeabi_ddiv
    ads1118.o(.text) refers to d2f.o(x$fpl$d2f) for __aeabi_d2f
    ads1118.o(.text) refers to os_time.o(.text) for OSTimeDlyHMSM
    ads1118.o(.text) refers to ads1118.o(.bss) for ADS1118TaskTCB
    delay.o(.text) refers to os_core.o(.text) for OSSchedLock
    delay.o(.text) refers to os_time.o(.text) for OSTimeDly
    delay.o(.text) refers to misc.o(.text) for SysTick_CLKSourceConfig
    delay.o(.text) refers to os_var.o(.data) for OSRunning
    delay.o(.text) refers to system_stm32f10x.o(.data) for SystemCoreClock
    delay.o(.text) refers to delay.o(.data) for fac_us
    delay.o(.text) refers to os_cfg_app.o(.constdata) for OSCfg_TickRate_Hz
    usart.o(.text) refers (Special) to use_no_semi_2.o(.text) for __use_no_semihosting
    usart.o(.text) refers to stm32f10x_rcc.o(.text) for RCC_APB2PeriphClockCmd
    usart.o(.text) refers to stm32f10x_usart.o(.text) for USART_DeInit
    usart.o(.text) refers to stm32f10x_gpio.o(.text) for GPIO_Init
    usart.o(.text) refers to misc.o(.text) for NVIC_Init
    usart.o(.text) refers to os_core.o(.text) for OSIntEnter
    usart.o(.text) refers to usart.o(.data) for USART_RX_STA
    usart.o(.text) refers to usart.o(.bss) for USART_RX_BUF
    usart.o(.bss) refers (Special) to use_no_semi_2.o(.text) for __use_no_semihosting
    usart.o(.data) refers (Special) to use_no_semi_2.o(.text) for __use_no_semihosting
    startup_stm32f10x_hd.o(STACK) refers (Special) to heapauxi.o(.text) for __use_two_region_memory
    startup_stm32f10x_hd.o(HEAP) refers (Special) to heapauxi.o(.text) for __use_two_region_memory
    startup_stm32f10x_hd.o(RESET) refers (Special) to heapauxi.o(.text) for __use_two_region_memory
    startup_stm32f10x_hd.o(RESET) refers to startup_stm32f10x_hd.o(STACK) for __initial_sp
[...]
    EXTI1_IRQHandler                         0x08000d4f   Thumb Code     0  startup_stm32f10x_hd.o(.text)
    EXTI2_IRQHandler                         0x08000d4f   Thumb Code     0  startup_stm32f10x_hd.o(.text)
    EXTI3_IRQHandler                         0x08000d4f   Thumb Code     0  startup_stm32f10x_hd.o(.text)
    EXTI4_IRQHandler                         0x08000d4f   Thumb Code     0  startup_stm32f10x_hd.o(.text)
    EXTI9_5_IRQHandler                       0x08000d4f   Thumb Code     0  startup_stm32f10x_hd.o(.text)
    FLASH_IRQHandler                         0x08000d4f   Thumb Code     0  startup_stm32f10x_hd.o(.text)
    FSMC_IRQHandler                          0x08000d4f   Thumb Code     0  startup_stm32f10x_hd.o(.text)
    I2C1_ER_IRQHandler                       0x08000d4f   Thumb Code     0  startup_stm32f10x_hd.o(.text)
    I2C1_EV_IRQHandler                       0x08000d4f   Thumb Code     0  startup_stm32f10x_hd.o(.text)
    I2C2_ER_IRQHandler                       0x08000d4f   Thumb Code     0  startup_stm32f10x_hd.o(.text)
    I2C2_EV_IRQHandler                       0x08000d4f   Thumb Code     0  startup_stm32f10x_hd.o(.text)
    PVD_IRQHandler                           0x08000d4f   Thumb Code     0  startup_stm32f10x_hd.o(.text)
    RCC_IRQHandler                           0x08000d4f   Thumb Code     0  startup_stm32f10x_hd.o(.text)
    RTCAlarm_IRQHandler                      0x08000d4f   Thumb Code     0  startup_stm32f10x_hd.o(.text)
    RTC_IRQHandler                           0x08000d4f   Thumb Code     0  startup_stm32f10x_hd.o(.text)
    SDIO_IRQHandler                          0x08000d4f   Thumb Code     0  startup_stm32f10x_hd.o(.text)
    SPI1_IRQHandler                          0x08000d4f   Thumb Code     0  startup_stm32f10x_hd.o(.text)
    SPI2_IRQHandler                          0x08000d4f   Thumb Code     0  startup_stm32f10x_hd.o(.text)
    SPI3_IRQHandler                          0x08000d4f   Thumb Code     0  startup_stm32f10x_hd.o(.text)
    TAMPER_IRQHandler                        0x08000d4f   Thumb Code     0  startup_stm32f10x_hd.o(.text)
    TIM1_BRK_IRQHandler                      0x08000d4f   Thumb Code     0  startup_stm32f10x_hd.o(.text)
    TIM1_CC_IRQHandler                       0x08000d4f   Thumb Code     0  startup_stm32f10x_hd.o(.text)
    TIM1_TRG_COM_IRQHandler                  0x08000d4f   Thumb Code     0  startup_stm32f10x_hd.o(.text)
    TIM1_UP_IRQHandler                       0x08000d4f   Thumb Code     0  startup_stm32f10x_hd.o(.text)
    TIM2_IRQHandler                          0x08000d4f   Thumb Code     0  startup_stm32f10x_hd.o(.text)
    TIM3_IRQHandler                          0x08000d4f   Thumb Code     0  startup_stm32f10x_hd.o(.text)
    TIM4_IRQHandler                          0x08000d4f   Thumb Code     0  startup_stm32f10x_hd.o(.text)
    TIM5_IRQHandler                          0x08000d4f   Thumb Code     0  startup_stm32f10x_hd.o(.text)
    TIM6_IRQHandler                          0x08000d4f   Thumb Code     0  startup_stm32f10x_hd.o(.text)
    TIM7_IRQHandler                          0x08000d4f   Thumb Code     0  startup_stm32f10x_hd.o(.text)
    TIM8_BRK_IRQHandler                      0x08000d4f   Thumb Code     0  startup_stm32f10x_hd.o(.text)
    TIM8_CC_IRQHandler                       0x08000d4f   Thumb Code     0  startup_stm32f10x_hd.o(.text)
    TIM8_TRG_COM_IRQHandler                  0x08000d4f   Thumb Code     0  startup_stm32f10x_hd.o(.text)
    TIM8_UP_IRQHandler                       0x08000d4f   Thumb Code     0  startup_stm32f10x_hd.o(.text)
    UART4_IRQHandler                         0x08000d4f   Thumb Code     0  startup_stm32f10x_hd.o(.text)
    UART5_IRQHandler                         0x08000d4f   Thumb Code     0  startup_stm32f10x_hd.o(.text)
    USART2_IRQHandler                        0x08000d4f   Thumb Code     0  startup_stm32f10x_hd.o(.text)
    USART3_IRQHandler                        0x08000d4f   Thumb Code     0  startup_stm32f10x_hd.o(.text)
    USBWakeUp_IRQHandler                     0x08000d4f   Thumb Code     0  startup_stm32f10x_hd.o(.text)
    USB_HP_CAN1_TX_IRQHandler                0x08000d4f   Thumb Code     0  startup_stm32f10x_hd.o(.text)
    USB_LP_CAN1_RX0_IRQHandler               0x08000d4f   Thumb Code     0  startup_stm32f10x_hd.o(.text)
    WWDG_IRQHandler                          0x08000d4f   Thumb Code     0  startup_stm32f10x_hd.o(.text)
    __user_initial_stackheap                 0x08000d51   Thumb Code     0  startup_stm32f10x_hd.o(.text)
    NVIC_PriorityGroupConfig                 0x08000d75   Thumb Code    10  misc.o(.text)
    NVIC_Init                                0x08000d7f   Thumb Code   100  misc.o(.text)
    NVIC_SetVectorTable                      0x08000de3   Thumb Code    14  misc.o(.text)
    NVIC_SystemLPConfig                      0x08000df1   Thumb Code    34  misc.o(.text)
    SysTick_CLKSourceConfig                  0x08000e13   Thumb Code    40  misc.o(.text)
    GPIO_DeInit                              0x08000e51   Thumb Code   172  stm32f10x_gpio.o(.text)
    GPIO_AFIODeInit                          0x08000efd   Thumb Code    20  stm32f10x_gpio.o(.text)
    GPIO_Init                                0x08000f11   Thumb Code   278  stm32f10x_gpio.o(.text)
    GPIO_StructInit                          0x08001027   Thumb Code    16  stm32f10x_gpio.o(.text)
    GPIO_ReadInputDataBit                    0x08001037   Thumb Code    18  stm32f10x_gpio.o(.text)
    GPIO_ReadInputData                       0x08001049   Thumb Code     8  stm32f10x_gpio.o(.text)
    GPIO_ReadOutputDataBit                   0x08001051   Thumb Code    18  stm32f10x_gpio.o(.text)
    GPIO_ReadOutputData                      0x08001063   Thumb Code     8  stm32f10x_gpio.o(.text)
    GPIO_SetBits                             0x0800106b   Thumb Code     4  stm32f10x_gpio.o(.text)
    GPIO_ResetBits                           0x0800106f   Thumb Code     4  stm32f10x_gpio.o(.text)
    GPIO_WriteBit                            0x08001073   Thumb Code    10  stm32f10x_gpio.o(.text)
    GPIO_Write                               0x0800107d   Thumb Code     4  stm32f10x_gpio.o(.text)
    GPIO_PinLockConfig                       0x08001081   Thumb Code    18  stm32f10x_gpio.o(.text)
    GPIO_EventOutputConfig                   0x08001093   Thumb Code    26  stm32f10x_gpio.o(.text)
    GPIO_EventOutputCmd                      0x080010ad   Thumb Code     6  stm32f10x_gpio.o(.text)
    GPIO_PinRemapConfig                      0x080010b3   Thumb Code   138  stm32f10x_gpio.o(.text)
    GPIO_EXTILineConfig                      0x0800113d   Thumb Code    66  stm32f10x_gpio.o(.text)
    GPIO_ETH_MediaInterfaceConfig            0x0800117f   Thumb Code     8  stm32f10x_gpio.o(.text)
    USART_DeInit                             0x080011ad   Thumb Code   134  stm32f10x_usart.o(.text)
    USART_Init                               0x08001233   Thumb Code   210  stm32f10x_usart.o(.text)
    USART_StructInit                         0x08001305   Thumb Code    24  stm32f10x_usart.o(.text)
    USART_ClockInit                          0x0800131d   Thumb Code    34  stm32f10x_usart.o(.text)
    USART_ClockStructInit                    0x0800133f   Thumb Code    12  stm32f10x_usart.o(.text)
    USART_Cmd                                0x0800134b   Thumb Code    24  stm32f10x_usart.o(.text)
    USART_ITConfig                           0x08001363   Thumb Code    74  stm32f10x_usart.o(.text)
    USART_DMACmd                             0x080013ad   Thumb Code    18  stm32f10x_usart.o(.text)
    USART_SetAddress                         0x080013bf   Thumb Code    18  stm32f10x_usart.o(.text)
    USART_WakeUpConfig                       0x080013d1   Thumb Code    18  stm32f10x_usart.o(.text)
    USART_ReceiverWakeUpCmd                  0x080013e3   Thumb Code    24  stm32f10x_usart.o(.text)
    USART_LINBreakDetectLengthConfig         0x080013fb   Thumb Code    18  stm32f10x_usart.o(.text)
    USART_LINCmd                             0x0800140d   Thumb Code    24  stm32f10x_usart.o(.text)
    USART_SendData                           0x08001425   Thumb Code     8  stm32f10x_usart.o(.text)
    USART_ReceiveData                        0x0800142d   Thumb Code    10  stm32f10x_usart.o(.text)
    USART_SendBreak                          0x08001437   Thumb Code    10  stm32f10x_usart.o(.text)
    USART_SetGuardTime                       0x08001441   Thumb Code    16  stm32f10x_usart.o(.text)
    USART_SetPrescaler                       0x08001451   Thumb Code    16  stm32f10x_usart.o(.text)
    USART_SmartCardCmd                       0x08001461   Thumb Code    24  stm32f10x_usart.o(.text)
    USART_SmartCardNACKCmd                   0x08001479   Thumb Code    24  stm32f10x_usart.o(.text)
    USART_HalfDuplexCmd                      0x08001491   Thumb Code    24  stm32f10x_usart.o(.text)
    USART_OverSampling8Cmd                   0x080014a9   Thumb Code    22  stm32f10x_usart.o(.text)
    USART_OneBitMethodCmd                    0x080014bf   Thumb Code    24  stm32f10x_usart.o(.text)
    USART_IrDAConfig                         0x080014d7   Thumb Code    18  stm32f10x_usart.o(.text)
    USART_IrDACmd                            0x080014e9   Thumb Code    24  stm32f10x_usart.o(.text)
    USART_GetFlagStatus                      0x08001501   Thumb Code    26  stm32f10x_usart.o(.text)
    USART_ClearFlag                          0x0800151b   Thumb Code    18  stm32f10x_usart.o(.text)
    USART_GetITStatus                        0x0800152d   Thumb Code    84  stm32f10x_usart.o(.text)
    USART_ClearITPendingBit                  0x08001581   Thumb Code    52  stm32f10x_usart.o(.text)
    RCC_DeInit                               0x080015b5   Thumb Code    64  stm32f10x_rcc.o(.text)
    RCC_HSEConfig                            0x080015f5   Thumb Code    70  stm32f10x_rcc.o(.text)
    RCC_GetFlagStatus                        0x0800163b   Thumb Code    56  stm32f10x_rcc.o(.text)
    RCC_WaitForHSEStartUp                    0x08001673   Thumb Code    56  stm32f10x_rcc.o(.text)
    RCC_AdjustHSICalibrationValue            0x080016ab   Thumb Code    20  stm32f10x_rcc.o(.text)
    RCC_HSICmd                               0x080016bf   Thumb Code     6  stm32f10x_rcc.o(.text)
    RCC_PLLConfig                            0x080016c5   Thumb Code    24  stm32f10x_rcc.o(.text)
    RCC_PLLCmd                               0x080016dd   Thumb Code     6  stm32f10x_rcc.o(.text)
    RCC_SYSCLKConfig                         0x080016e3   Thumb Code    18  stm32f10x_rcc.o(.text)
    RCC_GetSYSCLKSource                      0x080016f5   Thumb Code    10  stm32f10x_rcc.o(.text)
    RCC_HCLKConfig                           0x080016ff   Thumb Code    18  stm32f10x_rcc.o(.text)
    RCC_PCLK1Config                          0x08001711   Thumb Code    18  stm32f10x_rcc.o(.text)
    RCC_PCLK2Config                          0x08001723   Thumb Code    20  stm32f10x_rcc.o(.text)
    RCC_ITConfig                             0x08001737   Thumb Code    26  stm32f10x_rcc.o(.text)
    RCC_USBCLKConfig                         0x08001751   Thumb Code     8  stm32f10x_rcc.o(.text)
    RCC_ADCCLKConfig                         0x08001759   Thumb Code    18  stm32f10x_rcc.o(.text)
    RCC_LSEConfig                            0x0800176b   Thumb Code    50  stm32f10x_rcc.o(.text)
    RCC_LSICmd                               0x0800179d   Thumb Code     6  stm32f10x_rcc.o(.text)
    RCC_RTCCLKConfig                         0x080017a3   Thumb Code    12  stm32f10x_rcc.o(.text)
    RCC_RTCCLKCmd                            0x080017af   Thumb Code     8  stm32f10x_rcc.o(.text)
    RCC_GetClocksFreq                        0x080017b7   Thumb Code   192  stm32f10x_rcc.o(.text)
    RCC_AHBPeriphClockCmd                    0x08001877   Thumb Code    26  stm32f10x_rcc.o(.text)
    RCC_APB2PeriphClockCmd                   0x08001891   Thumb Code    26  stm32f10x_rcc.o(.text)
    RCC_APB1PeriphClockCmd                   0x080018ab   Thumb Code    26  stm32f10x_rcc.o(.text)
    RCC_APB2PeriphResetCmd                   0x080018c5   Thumb Code    26  stm32f10x_rcc.o(.text)
    RCC_APB1PeriphResetCmd                   0x080018df   Thumb Code    26  stm32f10x_rcc.o(.text)
    RCC_BackupResetCmd                       0x080018f9   Thumb Code     8  stm32f10x_rcc.o(.text)
    RCC_ClockSecuritySystemCmd               0x08001901   Thumb Code     6  stm32f10x_rcc.o(.text)
    RCC_MCOConfig                            0x08001907   Thumb Code     6  stm32f10x_rcc.o(.text)
    RCC_ClearFlag                            0x0800190d   Thumb Code    14  stm32f10x_rcc.o(.text)
    RCC_GetITStatus                          0x0800191b   Thumb Code    20  stm32f10x_rcc.o(.text)
    RCC_ClearITPendingBit                    0x0800192f   Thumb Code     6  stm32f10x_rcc.o(.text)
    SPI_I2S_DeInit                           0x08001959   Thumb Code    76  stm32f10x_spi.o(.text)
    SPI_Init                                 0x080019a5   Thumb Code    60  stm32f10x_spi.o(.text)
    I2S_Init                                 0x080019e1   Thumb Code   226  stm32f10x_spi.o(.text)
    SPI_StructInit                           0x08001ac3   Thumb Code    24  stm32f10x_spi.o(.text)
    I2S_StructInit                           0x08001adb   Thumb Code    20  stm32f10x_spi.o(.text)
    SPI_Cmd                                  0x08001aef   Thumb Code    24  stm32f10x_spi.o(.text)
    I2S_Cmd                                  0x08001b07   Thumb Code    24  stm32f10x_spi.o(.text)
    SPI_I2S_ITConfig                         0x08001b1f   Thumb Code    32  stm32f10x_spi.o(.text)
    SPI_I2S_DMACmd                           0x08001b3f   Thumb Code    18  stm32f10x_spi.o(.text)
    SPI_I2S_SendData                         0x08001b51   Thumb Code     4  stm32f10x_spi.o(.text)
    SPI_I2S_ReceiveData                      0x08001b55   Thumb Code     6  stm32f10x_spi.o(.text)
    SPI_NSSInternalSoftwareConfig            0x08001b5b   Thumb Code    30  stm32f10x_spi.o(.text)
    SPI_SSOutputCmd                          0x08001b79   Thumb Code    24  stm32f10x_spi.o(.text)
    SPI_DataSizeConfig                       0x08001b91   Thumb Code    18  stm32f10x_spi.o(.text)
    SPI_TransmitCRC                          0x08001ba3   Thumb Code    10  stm32f10x_spi.o(.text)
    SPI_CalculateCRC                         0x08001bad   Thumb Code    24  stm32f10x_spi.o(.text)
    SPI_GetCRC                               0x08001bc5   Thumb Code    16  stm32f10x_spi.o(.text)
    SPI_GetCRCPolynomial                     0x08001bd5   Thumb Code     6  stm32f10x_spi.o(.text)
    SPI_BiDirectionalLineConfig              0x08001bdb   Thumb Code    28  stm32f10x_spi.o(.text)
    SPI_I2S_GetFlagStatus                    0x08001bf7   Thumb Code    18  stm32f10x_spi.o(.text)
    SPI_I2S_ClearFlag                        0x08001c09   Thumb Code     6  stm32f10x_spi.o(.text)
    SPI_I2S_GetITStatus                      0x08001c0f   Thumb Code    52  stm32f10x_spi.o(.text)
    SPI_I2S_ClearITPendingBit                0x08001c43   Thumb Code    20  stm32f10x_spi.o(.text)
    BSP_CPU_ClkFreq                          0x08001c65   Thumb Code    16  bsp.o(.text)
    CPU_TS_TmrInit                           0x08001c75   Thumb Code    44  bsp.o(.text)
    CPU_TS_TmrRd                             0x08001ca1   Thumb Code     6  bsp.o(.text)
    CPU_TS32_to_uSec                         0x08001ca7   Thumb Code    54  bsp.o(.text)
    CPU_NameClr                              0x08001ce9   Thumb Code    42  cpu_core.o(.text)
    CPU_Init                                 0x08001d29   Thumb Code    12  cpu_core.o(.text)
    CPU_SW_Exception                         0x08001d35   Thumb Code     4  cpu_core.o(.text)
    CPU_NameGet                              0x08001d39   Thumb Code    70  cpu_core.o(.text)
    CPU_NameSet                              0x08001d7f   Thumb Code    96  cpu_core.o(.text)
    CPU_TS_Get32                             0x08001ddf   Thumb Code    12  cpu_core.o(.text)
    CPU_TS_Update                            0x08001deb   Thumb Code     2  cpu_core.o(.text)
    CPU_TS_TmrFreqGet                        0x08001ded   Thumb Code    30  cpu_core.o(.text)
    CPU_TS_TmrFreqSet                        0x08001e0b   Thumb Code     6  cpu_core.o(.text)
    CPU_CntLeadZeros08                       0x08001e11   Thumb Code    18  cpu_core.o(.text)
    CPU_CntLeadZeros16                       0x08001e23   Thumb Code    18  cpu_core.o(.text)
    CPU_CntLeadZeros32                       0x08001e35   Thumb Code    18  cpu_core.o(.text)
    CPU_CntLeadZeros64                       0x08001e47   Thumb Code   188  cpu_core.o(.text)
    CPU_CntTrailZeros08                      0x08001f03   Thumb Code    22  cpu_core.o(.text)
    CPU_CntTrailZeros16                      0x08001f19   Thumb Code    22  cpu_core.o(.text)
    CPU_CntTrailZeros32                      0x08001f2f   Thumb Code    22  cpu_core.o(.text)
    CPU_CntTrailZeros64                      0x08001f45   Thumb Code    62  cpu_core.o(.text)
    CPU_IntDis                               0x08001f91   Thumb Code     0  cpu_a.o(.text)
    CPU_IntEn                                0x08001f95   Thumb Code     0  cpu_a.o(.text)
    CPU_SR_Save                              0x08001f99   Thumb Code     0  cpu_a.o(.text)
    CPU_SR_Restore                           0x08001fa1   Thumb Code     0  cpu_a.o(.text)
    CPU_WaitForInt                           0x08001fa7   Thumb Code     0  cpu_a.o(.text)
    CPU_WaitForExcept                        0x08001fab   Thumb Code     0  cpu_a.o(.text)
    CPU_CntLeadZeros                         0x08001faf   Thumb Code     0  cpu_a.o(.text)
    CPU_CntTrailZeros                        0x08001fb5   Thumb Code     0  cpu_a.o(.text)
    CPU_RevBits                              0x08001fbf   Thumb Code     0  cpu_a.o(.text)
    ASCII_IsAlpha                            0x08001fc5   Thumb Code    48  lib_ascii.o(.text)
    ASCII_IsAlphaNum                         0x08001ff5   Thumb Code    76  lib_ascii.o(.text)
    ASCII_IsLower                            0x08002041   Thumb Code    20  lib_ascii.o(.text)
    ASCII_IsUpper                            0x08002055   Thumb Code    20  lib_ascii.o(.text)
    ASCII_IsDig                              0x08002069   Thumb Code    20  lib_ascii.o(.text)
    ASCII_IsDigOct                           0x0800207d   Thumb Code    20  lib_ascii.o(.text)
    ASCII_IsDigHex                           0x08002091   Thumb Code    36  lib_ascii.o(.text)
    ASCII_IsBlank                            0x080020b5   Thumb Code    20  lib_ascii.o(.text)
    ASCII_IsSpace                            0x080020c9   Thumb Code    36  lib_ascii.o(.text)
    ASCII_IsPrint                            0x080020ed   Thumb Code    20  lib_ascii.o(.text)
    ASCII_IsGraph                            0x08002101   Thumb Code    20  lib_ascii.o(.text)
    ASCII_IsPunct                            0x08002115   Thumb Code   134  lib_ascii.o(.text)
    ASCII_IsCtrl                             0x0800219b   Thumb Code    26  lib_ascii.o(.text)
    ASCII_ToLower                            0x080021b5   Thumb Code    32  lib_ascii.o(.text)
    ASCII_ToUpper                            0x080021d5   Thumb Code    32  lib_ascii.o(.text)
    ASCII_Cmp                                0x080021f5   Thumb Code    38  lib_ascii.o(.text)
    Mem_Init                                 0x0800221d   Thumb Code    54  lib_mem.o(.text)
    Mem_Set                                  0x08002253   Thumb Code    84  lib_mem.o(.text)
    Mem_Clr                                  0x080022a7   Thumb Code    18  lib_mem.o(.text)
    Mem_Move                                 0x080022b9   Thumb Code   186  lib_mem.o(.text)
    Mem_Cmp                                  0x08002373   Thumb Code   192  lib_mem.o(.text)
    Mem_HeapAlloc                            0x080024ab   Thumb Code   168  lib_mem.o(.text)
    Mem_SegGetSizeRem                        0x08002553   Thumb Code   108  lib_mem.o(.text)
    Mem_HeapGetSizeRem                       0x080025bf   Thumb Code    22  lib_mem.o(.text)
    Mem_PoolClr                              0x080025d5   Thumb Code    80  lib_mem.o(.text)
    Mem_PoolCreate                           0x08002625   Thumb Code   838  lib_mem.o(.text)
    Mem_PoolBlkGetNbrAvail                   0x0800296b   Thumb Code    52  lib_mem.o(.text)
    Mem_PoolBlkGet                           0x0800299f   Thumb Code   126  lib_mem.o(.text)
    Mem_PoolBlkGetUsedAtIx                   0x08002a1d   Thumb Code   140  lib_mem.o(.text)
    Mem_PoolBlkFree                          0x08002aa9   Thumb Code   152  lib_mem.o(.text)
    Mem_PoolBlkIxGet                         0x08002b41   Thumb Code   162  lib_mem.o(.text)
    Str_Len_N                                0x08002be5   Thumb Code    28  lib_str.o(.text)
    Str_Len                                  0x08002c01   Thumb Code    20  lib_str.o(.text)
    Str_Copy_N                               0x08002c15   Thumb Code    70  lib_str.o(.text)
    Str_Copy                                 0x08002c5b   Thumb Code    24  lib_str.o(.text)
    Str_Cat_N                                0x08002c73   Thumb Code    90  lib_str.o(.text)
    Str_Cat                                  0x08002ccd   Thumb Code    24  lib_str.o(.text)
    Str_Cmp_N                                0x08002ce5   Thumb Code   156  lib_str.o(.text)
    Str_Cmp                                  0x08002d81   Thumb Code    24  lib_str.o(.text)
    Str_CmpIgnoreCase_N                      0x08002d99   Thumb Code   264  lib_str.o(.text)
    Str_CmpIgnoreCase                        0x08002ea1   Thumb Code    24  lib_str.o(.text)
    Str_Char_N                               0x08002eb9   Thumb Code    74  lib_str.o(.text)
    Str_Char                                 0x08002f03   Thumb Code    24  lib_str.o(.text)
    Str_Char_Last_N                          0x08002f1b   Thumb Code    76  lib_str.o(.text)
    Str_Char_Last                            0x08002f67   Thumb Code    24  lib_str.o(.text)
    Str_Char_Replace_N                       0x08002f7f   Thumb Code    52  lib_str.o(.text)
    Str_Char_Replace                         0x08002fb3   Thumb Code    28  lib_str.o(.text)
    Str_Str_N                                0x08002fcf   Thumb Code   182  lib_str.o(.text)
    Str_Str                                  0x08003085   Thumb Code    24  lib_str.o(.text)
    Str_FmtNbr_Int32U                        0x08003279   Thumb Code    46  lib_str.o(.text)
    Str_FmtNbr_Int32S                        0x080032a7   Thumb Code    62  lib_str.o(.text)
    Str_ParseNbr_Int32U                      0x080034a3   Thumb Code    30  lib_str.o(.text)
    Str_ParseNbr_Int32S                      0x080034c1   Thumb Code    74  lib_str.o(.text)
    Mem_Copy                                 0x08003511   Thumb Code     0  lib_mem_a.o(.text)
    OSCfg_Init                               0x08003731   Thumb Code    86  os_cfg_app.o(.text)
    OS_IdleTask                              0x0800382d   Thumb Code    60  os_core.o(.text)
    OS_IdleTaskInit                          0x08003869   Thumb Code    68  os_core.o(.text)
    OS_RdyListInit                           0x080038ad   Thumb Code    32  os_core.o(.text)
    OSInit                                   0x080038cd   Thumb Code   300  os_core.o(.text)
    OSIntEnter                               0x080039f9   Thumb Code    34  os_core.o(.text)
    OSIntExit                                0x08003a1b   Thumb Code   192  os_core.o(.text)
    OSSched                                  0x08003adb   Thumb Code   134  os_core.o(.text)
    OS_SchedLockTimeMeasStart                0x08003b61   Thumb Code    20  os_core.o(.text)
    OSSchedLock                              0x08003b75   Thumb Code   104  os_core.o(.text)
    OS_SchedLockTimeMeasStop                 0x08003bdd   Thumb Code    44  os_core.o(.text)
    OSSchedUnlock                            0x08003c09   Thumb Code   290  os_core.o(.text)
    OSSchedRoundRobinCfg                     0x08003d2b   Thumb Code    88  os_core.o(.text)
    OS_RdyListMoveHeadToTail                 0x08003d83   Thumb Code    68  os_core.o(.text)
    OSSchedRoundRobinYield                   0x08003dc7   Thumb Code   164  os_core.o(.text)
    OSStart                                  0x08003e6b   Thumb Code    78  os_core.o(.text)
    OSVersion                                0x08003eb9   Thumb Code    12  os_core.o(.text)
    OS_PendDbgNameAdd                        0x08003ec5   Thumb Code    66  os_core.o(.text)
    OS_PendListInsertPrio                    0x08003f07   Thumb Code   102  os_core.o(.text)
    OS_PendDataInit                          0x08003f6d   Thumb Code    38  os_core.o(.text)
    OS_RdyListRemove                         0x08003f93   Thumb Code    86  os_core.o(.text)
    OS_TaskBlock                             0x08003fe9   Thumb Code    56  os_core.o(.text)
    OS_Pend                                  0x08004021   Thumb Code    98  os_core.o(.text)
    OS_PendListRemove1                       0x08004083   Thumb Code   134  os_core.o(.text)
    OS_PendListRemove                        0x08004109   Thumb Code    48  os_core.o(.text)
    OS_PendAbort1                            0x08004139   Thumb Code    36  os_core.o(.text)
    OS_RdyListInsertHead                     0x0800415d   Thumb Code    58  os_core.o(.text)
    OS_RdyListInsertTail                     0x08004197   Thumb Code    56  os_core.o(.text)
    OS_RdyListInsert                         0x080041cf   Thumb Code    40  os_core.o(.text)
    OS_TaskRdy                               0x080041f7   Thumb Code    28  os_core.o(.text)
    OS_PendAbort                             0x08004213   Thumb Code   166  os_core.o(.text)
    OS_PendDbgNameRemove                     0x080042b9   Thumb Code    34  os_core.o(.text)
    OS_PendListChangePrio                    0x080042db   Thumb Code    70  os_core.o(.text)
    OS_PendListInit                          0x08004321   Thumb Code    10  os_core.o(.text)
    OS_PendListInsertHead                    0x0800432b   Thumb Code    32  os_core.o(.text)
    OS_PendObjDel1                           0x0800434b   Thumb Code    36  os_core.o(.text)
    OS_PendObjDel                            0x0800436f   Thumb Code   162  os_core.o(.text)
    OS_Post1                                 0x08004411   Thumb Code    42  os_core.o(.text)
    OS_Post                                  0x0800443b   Thumb Code   192  os_core.o(.text)
    OS_Sched0                                0x080044fb   Thumb Code   102  os_core.o(.text)
    OS_SchedRoundRobin                       0x08004561   Thumb Code   190  os_core.o(.text)
    OS_Dbg_Init                              0x08004631   Thumb Code   146  os_dbg.o(.text)
    OS_FlagDbgListAdd                        0x080047e1   Thumb Code    38  os_flag.o(.text)
    OSFlagCreate                             0x08004807   Thumb Code   172  os_flag.o(.text)
    OS_FlagClr                               0x080048b3   Thumb Code    28  os_flag.o(.text)
    OS_FlagDbgListRemove                     0x080048cf   Thumb Code    44  os_flag.o(.text)
    OSFlagDel                                0x080048fb   Thumb Code   594  os_flag.o(.text)
    OS_FlagBlock                             0x08004b4d   Thumb Code    58  os_flag.o(.text)
    OSFlagPend                               0x08004b87   Thumb Code  1488  os_flag.o(.text)
    OSFlagPendAbort                          0x08005157   Thumb Code   292  os_flag.o(.text)
    OSFlagPendGetFlagsRdy                    0x0800527b   Thumb Code    68  os_flag.o(.text)
    OS_FlagTaskRdy                           0x080052bf   Thumb Code    86  os_flag.o(.text)
    OS_FlagPost                              0x08005315   Thumb Code   570  os_flag.o(.text)
    OSFlagPost                               0x0800554f   Thumb Code   146  os_flag.o(.text)
    OS_FlagInit                              0x080055e1   Thumb Code    14  os_flag.o(.text)
    OS_IntQPost                              0x08005609   Thumb Code   216  os_int.o(.text)
    OS_IntQRePost                            0x080056e1   Thumb Code   360  os_int.o(.text)
    OS_IntQTask                              0x08005849   Thumb Code   162  os_int.o(.text)
    OS_IntQTaskInit                          0x080058eb   Thumb Code   208  os_int.o(.text)
    OS_MemDbgListAdd                         0x08005a4d   Thumb Code    34  os_mem.o(.text)
    OSMemCreate                              0x08005a6f   Thumb Code   288  os_mem.o(.text)
    OSMemGet                                 0x08005b8f   Thumb Code   100  os_mem.o(.text)
    OSMemPut                                 0x08005bf3   Thumb Code   112  os_mem.o(.text)
    OS_MemInit                               0x08005c63   Thumb Code    14  os_mem.o(.text)
    OS_MsgPoolCreate                         0x08005c85   Thumb Code    54  os_msg.o(.text)
    OS_MsgPoolInit                           0x08005cbb   Thumb Code    70  os_msg.o(.text)
    OS_MsgQFreeAll                           0x08005d01   Thumb Code    62  os_msg.o(.text)
    OS_MsgQInit                              0x08005d3f   Thumb Code    14  os_msg.o(.text)
    OS_MsgQGet                               0x08005d4d   Thumb Code    98  os_msg.o(.text)
    OS_MsgQPut                               0x08005daf   Thumb Code   246  os_msg.o(.text)
    OS_MutexDbgListAdd                       0x08005eb1   Thumb Code    38  os_mutex.o(.text)
    OSMutexCreate                            0x08005ed7   Thumb Code   178  os_mutex.o(.text)
    OS_MutexClr                              0x08005f89   Thumb Code    38  os_mutex.o(.text)
    OS_MutexDbgListRemove                    0x08005faf   Thumb Code    44  os_mutex.o(.text)
    OSMutexDel                               0x08005fdb   Thumb Code   842  os_mutex.o(.text)
    OSMutexPend                              0x08006325   Thumb Code   706  os_mutex.o(.text)
    OSMutexPendAbort                         0x080065e7   Thumb Code   314  os_mutex.o(.text)
    OSMutexPost                              0x08006721   Thumb Code   564  os_mutex.o(.text)
    OS_MutexInit                             0x08006955   Thumb Code    14  os_mutex.o(.text)
    OS_PrioInit                              0x08006985   Thumb Code    20  os_prio.o(.text)
    OS_PrioGetHighest                        0x08006999   Thumb Code    36  os_prio.o(.text)
    OS_PrioInsert                            0x080069bd   Thumb Code    32  os_prio.o(.text)
    OS_PrioRemove                            0x080069dd   Thumb Code    32  os_prio.o(.text)
    OS_QDbgListAdd                           0x08006a01   Thumb Code    38  os_q.o(.text)
    OSQCreate                                0x08006a27   Thumb Code   186  os_q.o(.text)
    OS_QClr                                  0x08006ae1   Thumb Code    40  os_q.o(.text)
    OS_QDbgListRemove                        0x08006b09   Thumb Code    44  os_q.o(.text)
    OSQDel                                   0x08006b35   Thumb Code   362  os_q.o(.text)
    OSQFlush                                 0x08006c9f   Thumb Code   210  os_q.o(.text)
    OSQPend                                  0x08006d71   Thumb Code   538  os_q.o(.text)
    OSQPendAbort                             0x08006f8b   Thumb Code   292  os_q.o(.text)
    OS_QPost                                 0x080070af   Thumb Code   324  os_q.o(.text)
    OSQPost                                  0x080071f3   Thumb Code   198  os_q.o(.text)
    OS_QInit                                 0x080072b9   Thumb Code    14  os_q.o(.text)
    OS_SemDbgListAdd                         0x080072d9   Thumb Code    38  os_sem.o(.text)
    OSSemCreate                              0x080072ff   Thumb Code   172  os_sem.o(.text)
    OS_SemClr                                0x080073ab   Thumb Code    28  os_sem.o(.text)
    OS_SemDbgListRemove                      0x080073c7   Thumb Code    44  os_sem.o(.text)
    OSSemDel                                 0x080073f3   Thumb Code   362  os_sem.o(.text)
    OSSemPend                                0x0800755d   Thumb Code   504  os_sem.o(.text)
    OSSemPendAbort                           0x08007755   Thumb Code   292  os_sem.o(.text)
    OS_SemPost                               0x08007879   Thumb Code   350  os_sem.o(.text)
    OSSemPost                                0x080079d7   Thumb Code   144  os_sem.o(.text)
    OSSemSet                                 0x08007a67   Thumb Code   138  os_sem.o(.text)
    OS_SemInit                               0x08007af1   Thumb Code    14  os_sem.o(.text)
    OSStatReset                              0x08007b09   Thumb Code   270  os_stat.o(.text)
    OSStatTaskCPUUsageInit                   0x08007c17   Thumb Code   212  os_stat.o(.text)
    OS_StatTask                              0x08007ceb   Thumb Code   888  os_stat.o(.text)
    OS_StatTaskInit                          0x08008063   Thumb Code   138  os_stat.o(.text)
    OSTaskChangePrio                         0x08008141   Thumb Code   416  os_task.o(.text)
    OS_TaskDbgListAdd                        0x080082e1   Thumb Code    42  os_task.o(.text)
    OS_TaskInitTCB                           0x0800830b   Thumb Code   186  os_task.o(.text)
    OSTaskCreate                             0x080083c5   Thumb Code   616  os_task.o(.text)
    OS_TaskDbgListRemove                     0x0800862d   Thumb Code    64  os_task.o(.text)
    OSTaskDel                                0x0800866d   Thumb Code   424  os_task.o(.text)
    OSTaskQFlush                             0x08008815   Thumb Code   214  os_task.o(.text)
    OSTaskQPend                              0x080088eb   Thumb Code   554  os_task.o(.text)
    OSTaskQPendAbort                         0x08008b15   Thumb Code   242  os_task.o(.text)
    OS_TaskQPost                             0x08008c07   Thumb Code   526  os_task.o(.text)
    OSTaskQPost                              0x08008e15   Thumb Code   114  os_task.o(.text)
    OSTaskRegGet                             0x08008e87   Thumb Code    78  os_task.o(.text)
    OSTaskRegGetID                           0x08008ed5   Thumb Code    84  os_task.o(.text)
    OSTaskRegSet                             0x08008f29   Thumb Code    78  os_task.o(.text)
    OS_TaskResume                            0x08008f77   Thumb Code   314  os_task.o(.text)
    OSTaskResume                             0x080090b1   Thumb Code   112  os_task.o(.text)
    OSTaskSemPend                            0x08009121   Thumb Code   550  os_task.o(.text)
    OSTaskSemPendAbort                       0x08009347   Thumb Code   270  os_task.o(.text)
    OS_TaskSemPost                           0x08009455   Thumb Code  1224  os_task.o(.text)
    OSTaskSemPost                            0x0800991d   Thumb Code    98  os_task.o(.text)
    OSTaskSemSet                             0x0800997f   Thumb Code    80  os_task.o(.text)
    OSTaskStkChk                             0x080099cf   Thumb Code   224  os_task.o(.text)
    OS_TaskSuspend                           0x08009aaf   Thumb Code   328  os_task.o(.text)
    OSTaskSuspend                            0x08009bf7   Thumb Code    78  os_task.o(.text)
    OSTaskTimeQuantaSet                      0x08009c45   Thumb Code    96  os_task.o(.text)
    OS_TaskInit                              0x08009ca5   Thumb Code    18  os_task.o(.text)
    OS_TaskReturn                            0x08009cb7   Thumb Code    20  os_task.o(.text)
    OS_TickListRemove                        0x08009cf5   Thumb Code    56  os_tick.o(.text)
    OS_TickListUpdate                        0x08009d2d   Thumb Code   480  os_tick.o(.text)
    OS_TickTask                              0x08009f0d   Thumb Code    38  os_tick.o(.text)
    OS_TickListInit                          0x08009f33   Thumb Code    32  os_tick.o(.text)
    OS_TickTaskInit                          0x08009f53   Thumb Code   130  os_tick.o(.text)
    OS_TickListInsert                        0x08009fd5   Thumb Code   502  os_tick.o(.text)
    OS_TickListResetPeak                     0x0800a1cb   Thumb Code    28  os_tick.o(.text)
    OSTimeDly                                0x0800a1f1   Thumb Code   266  os_time.o(.text)
    OSTimeDlyHMSM                            0x0800a2fb   Thumb Code   480  os_time.o(.text)
    OSTimeDlyResume                          0x0800a4db   Thumb Code   466  os_time.o(.text)
    OSTimeGet                                0x0800a6ad   Thumb Code    46  os_time.o(.text)
    OSTimeSet                                0x0800a6db   Thumb Code    46  os_time.o(.text)
    OSTimeTick                               0x0800a709   Thumb Code    54  os_time.o(.text)
    OS_TmrDbgListAdd                         0x0800a755   Thumb Code    34  os_tmr.o(.text)
    OSTmrCreate                              0x0800a777   Thumb Code   248  os_tmr.o(.text)
    OS_TmrClr                                0x0800a86f   Thumb Code    36  os_tmr.o(.text)
    OS_TmrUnlink                             0x0800a893   Thumb Code    72  os_tmr.o(.text)
    OS_TmrDbgListRemove                      0x0800a8db   Thumb Code    44  os_tmr.o(.text)
    OSTmrDel                                 0x0800a907   Thumb Code   176  os_tmr.o(.text)
    OSTmrRemainGet                           0x0800a9b7   Thumb Code   184  os_tmr.o(.text)
    OS_TmrLink                               0x0800aa6f   Thumb Code   196  os_tmr.o(.text)
    OSTmrStart                               0x0800ab33   Thumb Code   210  os_tmr.o(.text)
    OSTmrStateGet                            0x0800ac05   Thumb Code   134  os_tmr.o(.text)
    OSTmrStop                                0x0800ac8b   Thumb Code   232  os_tmr.o(.text)
    OS_TmrTask                               0x0800ad73   Thumb Code   176  os_tmr.o(.text)
    OS_TmrInit                               0x0800ae23   Thumb Code   208  os_tmr.o(.text)
    OS_TmrResetPeak                          0x0800aef3   Thumb Code    28  os_tmr.o(.text)
    OSIdleTaskHook                           0x0800af6d   Thumb Code    16  os_cpu_c.o(.text)
    OSInitHook                               0x0800af7d   Thumb Code    42  os_cpu_c.o(.text)
    OSStatTaskHook                           0x0800afa7   Thumb Code    16  os_cpu_c.o(.text)
    OSTaskCreateHook                         0x0800afb7   Thumb Code    20  os_cpu_c.o(.text)
    OSTaskDelHook                            0x0800afcb   Thumb Code    20  os_cpu_c.o(.text)
    OSTaskReturnHook                         0x0800afdf   Thumb Code    20  os_cpu_c.o(.text)
    OSTaskStkInit                            0x0800aff3   Thumb Code   188  os_cpu_c.o(.text)
    OSTaskSwHook                             0x0800b0af   Thumb Code   120  os_cpu_c.o(.text)
    OSTimeTickHook                           0x0800b127   Thumb Code    16  os_cpu_c.o(.text)
    OS_CPU_SysTickHandler                    0x0800b137   Thumb Code    52  os_cpu_c.o(.text)
    OS_CPU_SysTickInit                       0x0800b16b   Thumb Code    44  os_cpu_c.o(.text)
    __use_no_semihosting                     0x0800b1d9   Thumb Code     2  use_no_semi_2.o(.text)
    __aeabi_uldivmod                         0x0800b1db   Thumb Code     0  lludivv7m.o(.text)
    _ll_udiv                                 0x0800b1db   Thumb Code   238  lludivv7m.o(.text)
    __2printf                                0x0800b2c9   Thumb Code    20  noretval__2printf.o(.text)
    _printf_str                              0x0800b2e1   Thumb Code    82  _printf_str.o(.text)
    _printf_int_dec                          0x0800b335   Thumb Code   104  _printf_dec.o(.text)
    __printf                                 0x0800b3ad   Thumb Code   270  __printf_wp.o(.text)
    __use_two_region_memory                  0x0800b4bb   Thumb Code     2  heapauxi.o(.text)
    __rt_heap_escrow$2region                 0x0800b4bd   Thumb Code     2  heapauxi.o(.text)
    __rt_heap_expand$2region                 0x0800b4bf   Thumb Code     2  heapauxi.o(.text)
    __I$use$semihosting                      0x0800b4c1   Thumb Code     0  use_no_semi.o(.text)
    __use_no_semihosting_swi                 0x0800b4c1   Thumb Code     2  use_no_semi.o(.text)
    _printf_int_common                       0x0800b4c3   Thumb Code   178  _printf_intcommon.o(.text)
    __lib_sel_fp_printf                      0x0800b575   Thumb Code     2  _printf_fp_dec.o(.text)
    _printf_fp_dec_real                      0x0800b727   Thumb Code   620  _printf_fp_dec.o(.text)
    _printf_cs_common                        0x0800b993   Thumb Code    20  _printf_char.o(.text)
    _printf_char                             0x0800b9a7   Thumb Code    16  _printf_char.o(.text)
    _printf_string                           0x0800b9b7   Thumb Code     8  _printf_char.o(.text)
    _printf_char_file                        0x0800b9c1   Thumb Code    32  _printf_char_file.o(.text)
    __rt_locale                              0x0800b9e5   Thumb Code     8  rt_locale_intlibspace.o(.text)
    _ll_udiv10                               0x0800b9ed   Thumb Code   138  lludiv10.o(.text)
    _printf_char_common                      0x0800ba83   Thumb Code    32  _printf_char_common.o(.text)
    _printf_fp_infnan                        0x0800baa9   Thumb Code   112  _printf_fp_infnan.o(.text)
    _btod_etento                             0x0800bb29   Thumb Code   224  bigflt0.o(.text)
    ferror                                   0x0800bc0d   Thumb Code     8  ferror.o(.text)
    __user_libspace                          0x0800bc15   Thumb Code     8  libspace.o(.text)
    __user_perproc_libspace                  0x0800bc15   Thumb Code     0  libspace.o(.text)
    __user_perthread_libspace                0x0800bc15   Thumb Code     0  libspace.o(.text)
    __user_setup_stackheap                   0x0800bc1d   Thumb Code    74  sys_stackheap_outer.o(.text)
    exit                                     0x0800bc67   Thumb Code    18  exit.o(.text)
    strcmp                                   0x0800bc79   Thumb Code   128  strcmpv7m.o(.text)
    _btod_d2e                                0x0800bcf9   Thumb Code    62  btod.o(CL$$btod_d2e)
    _d2e_denorm_low                          0x0800bd37   Thumb Code    70  btod.o(CL$$btod_d2e_denorm_low)
    _d2e_norm_op1                            0x0800bd7d   Thumb Code    96  btod.o(CL$$btod_d2e_norm_op1)
    __btod_div_common                        0x0800bddd   Thumb Code   696  btod.o(CL$$btod_div_common)
    _e2e                                     0x0800c115   Thumb Code   220  btod.o(CL$$btod_e2e)
    _btod_ediv                               0x0800c1f1   Thumb Code    42  btod.o(CL$$btod_ediv)
    _btod_emul                               0x0800c21b   Thumb Code    42  btod.o(CL$$btod_emul)
    __btod_mult_common                       0x0800c245   Thumb Code   580  btod.o(CL$$btod_mult_common)
    OSStartHighRdy                           0x0800c489   Thumb Code     0  os_cpu_a.o(CODE)
    PendSV_Handler                           0x0800c4bf   Thumb Code     0  os_cpu_a.o(CODE)
    __ARM_fpclassify                         0x0800c521   Thumb Code    40  fpclassify.o(i.__ARM_fpclassify)
    _is_digit                                0x0800c549   Thumb Code    14  __printf_wp.o(i._is_digit)
    _get_lc_numeric                          0x0800c559   Thumb Code    44  lc_numeric_c.o(locale$$code)
    __aeabi_d2f                              0x0800c585   Thumb Code     0  d2f.o(x$fpl$d2f)
    _d2f                                     0x0800c585   Thumb Code    98  d2f.o(x$fpl$d2f)
    __aeabi_ddiv                             0x0800c5e9   Thumb Code     0  ddiv.o(x$fpl$ddiv)
    _ddiv                                    0x0800c5e9   Thumb Code   552  ddiv.o(x$fpl$ddiv)
    __aeabi_dmul                             0x0800c899   Thumb Code     0  dmul.o(x$fpl$dmul)
    _dmul                                    0x0800c899   Thumb Code   332  dmul.o(x$fpl$dmul)
    __fpl_dnaninf                            0x0800c9ed   Thumb Code   156  dnaninf.o(x$fpl$dnaninf)
    __fpl_dretinf                            0x0800ca89   Thumb Code    12  dretinf.o(x$fpl$dretinf)
    __aeabi_f2d                              0x0800ca95   Thumb Code     0  f2d.o(x$fpl$f2d)
    _f2d                                     0x0800ca95   Thumb Code    86  f2d.o(x$fpl$f2d)
    __aeabi_fadd                             0x0800caed   Thumb Code     0  faddsub_clz.o(x$fpl$fadd)
    _fadd                                    0x0800caed   Thumb Code   196  faddsub_clz.o(x$fpl$fadd)
    __aeabi_i2f                              0x0800cbb1   Thumb Code     0  fflt_clz.o(x$fpl$fflt)
    _fflt                                    0x0800cbb1   Thumb Code    48  fflt_clz.o(x$fpl$fflt)
    __fpl_fnaninf                            0x0800cbe1   Thumb Code   140  fnaninf.o(x$fpl$fnaninf)
    __fpl_fretinf                            0x0800cc6d   Thumb Code    10  fretinf.o(x$fpl$fretinf)
    __aeabi_fsub                             0x0800cc79   Thumb Code     0  faddsub_clz.o(x$fpl$fsub)
    _fsub                                    0x0800cc79   Thumb Code   234  faddsub_clz.o(x$fpl$fsub)
    _printf_fp_dec                           0x0800cd63   Thumb Code     4  printf1.o(x$fpl$printf1)
    __I$use$fp                               0x0800cd66   Number         0  usenofp.o(x$fpl$usenofp)
    CPU_EndiannessTest                       0x0800ce68   Data           4  cpu_core.o(.constdata)
    OSCfg_IdleTaskStkBasePtr                 0x0800cf00   Data           4  os_cfg_app.o(.constdata)
    OSCfg_IdleTaskStkLimit                   0x0800cf04   Data           4  os_cfg_app.o(.constdata)
    OSCfg_IdleTaskStkSize                    0x0800cf08   Data           4  os_cfg_app.o(.constdata)
    OSCfg_IdleTaskStkSizeRAM                 0x0800cf0c   Data           4  os_cfg_app.o(.constdata)
    OSCfg_IntQBasePtr                        0x0800cf10   Data           4  os_cfg_app.o(.constdata)
    OSCfg_IntQSize                           0x0800cf14   Data           2  os_cfg_app.o(.constdata)
    OSCfg_IntQSizeRAM                        0x0800cf18   Data           4  os_cfg_app.o(.constdata)
    OSCfg_IntQTaskStkBasePtr                 0x0800cf1c   Data           4  os_cfg_app.o(.constdata)
    OSCfg_IntQTaskStkLimit                   0x0800cf20   Data           4  os_cfg_app.o(.constdata)
    OSCfg_IntQTaskStkSize                    0x0800cf24   Data           4  os_cfg_app.o(.constdata)
    OSCfg_IntQTaskStkSizeRAM                 0x0800cf28   Data           4  os_cfg_app.o(.constdata)
    OSCfg_ISRStkBasePtr                      0x0800cf2c   Data           4  os_cfg_app.o(.constdata)
    OSCfg_ISRStkSize                         0x0800cf30   Data           4  os_cfg_app.o(.constdata)
    OSCfg_ISRStkSizeRAM                      0x0800cf34   Data           4  os_cfg_app.o(.constdata)
    OSCfg_MsgPoolSize                        0x0800cf38   Data           2  os_cfg_app.o(.constdata)
    OSCfg_MsgPoolSizeRAM                     0x0800cf3c   Data           4  os_cfg_app.o(.constdata)
    OSCfg_MsgPoolBasePtr                     0x0800cf40   Data           4  os_cfg_app.o(.constdata)
    OSCfg_StatTaskPrio                       0x0800cf44   Data           1  os_cfg_app.o(.constdata)
    OSCfg_StatTaskRate_Hz                    0x0800cf48   Data           4  os_cfg_app.o(.constdata)
    OSCfg_StatTaskStkBasePtr                 0x0800cf4c   Data           4  os_cfg_app.o(.constdata)
    OSCfg_StatTaskStkLimit                   0x0800cf50   Data           4  os_cfg_app.o(.constdata)
    OSCfg_StatTaskStkSize                    0x0800cf54   Data           4  os_cfg_app.o(.constdata)
    OSCfg_StatTaskStkSizeRAM                 0x0800cf58   Data           4  os_cfg_app.o(.constdata)
    OSCfg_StkSizeMin                         0x0800cf5c   Data           4  os_cfg_app.o(.constdata)
    OSCfg_TickRate_Hz                        0x0800cf60   Data           4  os_cfg_app.o(.constdata)
    OSCfg_TickTaskPrio                       0x0800cf64   Data           1  os_cfg_app.o(.constdata)
    OSCfg_TickTaskStkBasePtr                 0x0800cf68   Data           4  os_cfg_app.o(.constdata)
    OSCfg_TickTaskStkLimit                   0x0800cf6c   Data           4  os_cfg_app.o(.constdata)
    OSCfg_TickTaskStkSize                    0x0800cf70   Data           4  os_cfg_app.o(.constdata)
    OSCfg_TickTaskStkSizeRAM                 0x0800cf74   Data           4  os_cfg_app.o(.constdata)
    OSCfg_TickWheelSize                      0x0800cf78   Data           2  os_cfg_app.o(.constdata)
    OSCfg_TickWheelSizeRAM                   0x0800cf7c   Data           4  os_cfg_app.o(.constdata)
    OSCfg_TmrTaskPrio                        0x0800cf80   Data           1  os_cfg_app.o(.constdata)
    OSCfg_TmrTaskRate_Hz                     0x0800cf84   Data           4  os_cfg_app.o(.constdata)
    OSCfg_TmrTaskStkBasePtr                  0x0800cf88   Data           4  os_cfg_app.o(.constdata)
    OSCfg_TmrTaskStkLimit                    0x0800cf8c   Data           4  os_cfg_app.o(.constdata)
    OSCfg_TmrTaskStkSize                     0x0800cf90   Data           4  os_cfg_app.o(.constdata)
    OSCfg_TmrTaskStkSizeRAM                  0x0800cf94   Data           4  os_cfg_app.o(.constdata)
    OSCfg_TmrWheelSize                       0x0800cf98   Data           2  os_cfg_app.o(.constdata)
    OSCfg_TmrWheelSizeRAM                    0x0800cf9c   Data           4  os_cfg_app.o(.constdata)
    OSCfg_DataSizeRAM                        0x0800cfa0   Data           4  os_cfg_app.o(.constdata)
    OSDbg_DbgEn                              0x0800cfa4   Data           2  os_dbg.o(.constdata)
    OSDbg_ArgChkEn                           0x0800cfa6   Data           1  os_dbg.o(.constdata)
    OSDbg_AppHooksEn                         0x0800cfa7   Data           1  os_dbg.o(.constdata)
    OSDbg_EndiannessTest                     0x0800cfa8   Data           4  os_dbg.o(.constdata)
    OSDbg_CalledFromISRChkEn                 0x0800cfac   Data           1  os_dbg.o(.constdata)
    OSDbg_FlagEn                             0x0800cfad   Data           1  os_dbg.o(.constdata)
    OSDbg_FlagGrp                            0x0800cfb0   Data          40  os_dbg.o(.constdata)
    OSDbg_FlagDelEn                          0x0800cfd8   Data           1  os_dbg.o(.constdata)
    OSDbg_FlagModeClrEn                      0x0800cfd9   Data           1  os_dbg.o(.constdata)
    OSDbg_FlagPendAbortEn                    0x0800cfda   Data           1  os_dbg.o(.constdata)
    OSDbg_FlagGrpSize                        0x0800cfdc   Data           2  os_dbg.o(.constdata)
    OSDbg_FlagWidth                          0x0800cfde   Data           2  os_dbg.o(.constdata)
    OSDbg_IntQ                               0x0800cfe0   Data           2  os_dbg.o(.constdata)
    OSDbg_ISRPostDeferredEn                  0x0800cfe2   Data           1  os_dbg.o(.constdata)
    OSDbg_Mem                                0x0800cfe4   Data          32  os_dbg.o(.constdata)
    OSDbg_MemEn                              0x0800d004   Data           1  os_dbg.o(.constdata)
    OSDbg_MemSize                            0x0800d006   Data           2  os_dbg.o(.constdata)
    OSDbg_MsgEn                              0x0800d008   Data           1  os_dbg.o(.constdata)
    OSDbg_MsgSize                            0x0800d00a   Data           2  os_dbg.o(.constdata)
    OSDbg_MsgPoolSize                        0x0800d00c   Data           2  os_dbg.o(.constdata)
    OSDbg_MsgQSize                           0x0800d00e   Data           2  os_dbg.o(.constdata)
    OSDbg_Mutex                              0x0800d010   Data          44  os_dbg.o(.constdata)
    OSDbg_MutexEn                            0x0800d03c   Data           1  os_dbg.o(.constdata)
    OSDbg_MutexDelEn                         0x0800d03d   Data           1  os_dbg.o(.constdata)
    OSDbg_MutexPendAbortEn                   0x0800d03e   Data           1  os_dbg.o(.constdata)
    OSDbg_MutexSize                          0x0800d040   Data           2  os_dbg.o(.constdata)
    OSDbg_ObjTypeChkEn                       0x0800d042   Data           1  os_dbg.o(.constdata)
    OSDbg_PendMultiEn                        0x0800d043   Data           1  os_dbg.o(.constdata)
    OSDbg_PendDataSize                       0x0800d044   Data           2  os_dbg.o(.constdata)
    OSDbg_PendListSize                       0x0800d046   Data           2  os_dbg.o(.constdata)
    OSDbg_PendObjSize                        0x0800d048   Data           2  os_dbg.o(.constdata)
    OSDbg_PrioMax                            0x0800d04a   Data           2  os_dbg.o(.constdata)
    OSDbg_PrioTblSize                        0x0800d04c   Data           2  os_dbg.o(.constdata)
    OSDbg_PtrSize                            0x0800d04e   Data           2  os_dbg.o(.constdata)
    OSDbg_Q                                  0x0800d050   Data          48  os_dbg.o(.constdata)
    OSDbg_QEn                                0x0800d080   Data           1  os_dbg.o(.constdata)
    OSDbg_QDelEn                             0x0800d081   Data           1  os_dbg.o(.constdata)
    OSDbg_QFlushEn                           0x0800d082   Data           1  os_dbg.o(.constdata)
    OSDbg_QPendAbortEn                       0x0800d083   Data           1  os_dbg.o(.constdata)
    OSDbg_QSize                              0x0800d084   Data           2  os_dbg.o(.constdata)
    OSDbg_SchedRoundRobinEn                  0x0800d086   Data           1  os_dbg.o(.constdata)
    OSDbg_Sem                                0x0800d088   Data          40  os_dbg.o(.constdata)
    OSDbg_SemEn                              0x0800d0b0   Data           1  os_dbg.o(.constdata)
    OSDbg_SemDelEn                           0x0800d0b1   Data           1  os_dbg.o(.constdata)
    OSDbg_SemPendAbortEn                     0x0800d0b2   Data           1  os_dbg.o(.constdata)
    OSDbg_SemSetEn                           0x0800d0b3   Data           1  os_dbg.o(.constdata)
    OSDbg_SemSize                            0x0800d0b4   Data           2  os_dbg.o(.constdata)
    OSDbg_RdyList                            0x0800d0b6   Data           2  os_dbg.o(.constdata)
    OSDbg_RdyListSize                        0x0800d0b8   Data           4  os_dbg.o(.constdata)
    OSDbg_StkWidth                           0x0800d0bc   Data           1  os_dbg.o(.constdata)
    OSDbg_StatTaskEn                         0x0800d0bd   Data           1  os_dbg.o(.constdata)
    OSDbg_StatTaskStkChkEn                   0x0800d0be   Data           1  os_dbg.o(.constdata)
    OSDbg_TaskChangePrioEn                   0x0800d0bf   Data           1  os_dbg.o(.constdata)
    OSDbg_TaskDelEn                          0x0800d0c0   Data           1  os_dbg.o(.constdata)
    OSDbg_TaskQEn                            0x0800d0c1   Data           1  os_dbg.o(.constdata)
    OSDbg_TaskQPendAbortEn                   0x0800d0c2   Data           1  os_dbg.o(.constdata)
    OSDbg_TaskProfileEn                      0x0800d0c3   Data           1  os_dbg.o(.constdata)
    OSDbg_TaskRegTblSize                     0x0800d0c4   Data           2  os_dbg.o(.constdata)
    OSDbg_TaskSemPendAbortEn                 0x0800d0c6   Data           1  os_dbg.o(.constdata)
    OSDbg_TaskSuspendEn                      0x0800d0c7   Data           1  os_dbg.o(.constdata)
    OSDbg_TCBSize                            0x0800d0c8   Data           2  os_dbg.o(.constdata)
    OSDbg_TickSpokeSize                      0x0800d0ca   Data           2  os_dbg.o(.constdata)
    OSDbg_TimeDlyHMSMEn                      0x0800d0cc   Data           1  os_dbg.o(.constdata)
    OSDbg_TimeDlyResumeEn                    0x0800d0cd   Data           1  os_dbg.o(.constdata)
    OSDbg_TLS_TblSize                        0x0800d0ce   Data           2  os_dbg.o(.constdata)
    OSDbg_Tmr                                0x0800d0d0   Data          52  os_dbg.o(.constdata)
    OSDbg_TmrEn                              0x0800d104   Data           1  os_dbg.o(.constdata)
    OSDbg_TmrDelEn                           0x0800d105   Data           1  os_dbg.o(.constdata)
    OSDbg_TmrSize                            0x0800d106   Data           2  os_dbg.o(.constdata)
    OSDbg_TmrSpokeSize                       0x0800d108   Data           2  os_dbg.o(.constdata)
    OSDbg_VersionNbr                         0x0800d10a   Data           2  os_dbg.o(.constdata)
    OSDbg_DataSize                           0x0800d10c   Data           4  os_dbg.o(.constdata)
    Region$$Table$$Base                      0x0800d1a4   Number         0  anon$$obj.o(Region$$Table)
    Region$$Table$$Limit                     0x0800d1c4   Number         0  anon$$obj.o(Region$$Table)
    SystemCoreClock                          0x20000004   Data           4  system_stm32f10x.o(.data)
    AHBPrescTable                            0x20000008   Data          16  system_stm32f10x.o(.data)
    __stdout                                 0x2000001c   Data           4  usart.o(.data)
    USART_RX_STA                             0x20000020   Data           2  usart.o(.data)
    CPU_TS_TmrFreq_Hz                        0x20000038   Data           4  cpu_core.o(.data)
    Mem_PoolTbl                              0x2000003c   Data           4  lib_mem.o(.data)
    OSPrioTbl                                0x20000040   Data           8  os_prio.o(.data)
    OS_AppTaskCreateHookPtr                  0x20000048   Data           4  os_var.o(.data)
    OS_AppTaskDelHookPtr                     0x2000004c   Data           4  os_var.o(.data)
    OS_AppTaskReturnHookPtr                  0x20000050   Data           4  os_var.o(.data)
    OS_AppIdleTaskHookPtr                    0x20000054   Data           4  os_var.o(.data)
    OS_AppStatTaskHookPtr                    0x20000058   Data           4  os_var.o(.data)
    OS_AppTaskSwHookPtr                      0x2000005c   Data           4  os_var.o(.data)
    OS_AppTimeTickHookPtr                    0x20000060   Data           4  os_var.o(.data)
    OSIdleTaskCtr                            0x20000064   Data           4  os_var.o(.data)
    OSIntNestingCtr                          0x20000068   Data           1  os_var.o(.data)
    OSRunning                                0x20000069   Data           1  os_var.o(.data)
    OSIntQInPtr                              0x2000006c   Data           4  os_var.o(.data)
    OSIntQOutPtr                             0x20000070   Data           4  os_var.o(.data)
    OSIntQNbrEntries                         0x20000074   Data           2  os_var.o(.data)
    OSIntQNbrEntriesMax                      0x20000076   Data           2  os_var.o(.data)
    OSIntQOvfCtr                             0x20000078   Data           2  os_var.o(.data)
    OSIntQTaskTimeMax                        0x2000007c   Data           4  os_var.o(.data)
    OSFlagDbgListPtr                         0x20000080   Data           4  os_var.o(.data)
    OSFlagQty                                0x20000084   Data           2  os_var.o(.data)
    OSMemDbgListPtr                          0x20000088   Data           4  os_var.o(.data)
    OSMemQty                                 0x2000008c   Data           2  os_var.o(.data)
    OSMutexDbgListPtr                        0x20000090   Data           4  os_var.o(.data)
    OSMutexQty                               0x20000094   Data           2  os_var.o(.data)
    OSPrioCur                                0x20000096   Data           1  os_var.o(.data)
    OSPrioHighRdy                            0x20000097   Data           1  os_var.o(.data)
    OSPrioSaved                              0x20000098   Data           1  os_var.o(.data)
    OSQDbgListPtr                            0x2000009c   Data           4  os_var.o(.data)
    OSQQty                                   0x200000a0   Data           2  os_var.o(.data)
    OSSchedLockTimeBegin                     0x200000a4   Data           4  os_var.o(.data)
    OSSchedLockTimeMax                       0x200000a8   Data           4  os_var.o(.data)
    OSSchedLockTimeMaxCur                    0x200000ac   Data           4  os_var.o(.data)
    OSSchedLockNestingCtr                    0x200000b0   Data           1  os_var.o(.data)
    OSSchedRoundRobinDfltTimeQuanta          0x200000b4   Data           4  os_var.o(.data)
    OSSchedRoundRobinEn                      0x200000b8   Data           1  os_var.o(.data)
    OSSemDbgListPtr                          0x200000bc   Data           4  os_var.o(.data)
    OSSemQty                                 0x200000c0   Data           2  os_var.o(.data)
    OSStatResetFlag                          0x200000c2   Data           1  os_var.o(.data)
    OSStatTaskCPUUsage                       0x200000c4   Data           2  os_var.o(.data)
    OSStatTaskCPUUsageMax                    0x200000c6   Data           2  os_var.o(.data)
    OSStatTaskCtr                            0x200000c8   Data           4  os_var.o(.data)
    OSStatTaskCtrMax                         0x200000cc   Data           4  os_var.o(.data)
    OSStatTaskCtrRun                         0x200000d0   Data           4  os_var.o(.data)
    OSStatTaskRdy                            0x200000d4   Data           1  os_var.o(.data)
    OSStatTaskTimeMax                        0x200000d8   Data           4  os_var.o(.data)
    OSTaskCtxSwCtr                           0x200000dc   Data           4  os_var.o(.data)
    OSTaskDbgListPtr                         0x200000e0   Data           4  os_var.o(.data)
    OSTaskQty                                0x200000e4   Data           2  os_var.o(.data)
    OSTaskRegNextAvailID                     0x200000e6   Data           1  os_var.o(.data)
    OSTickCtr                                0x200000e8   Data           4  os_var.o(.data)
    OSTickTaskTimeMax                        0x200000ec   Data           4  os_var.o(.data)
    OSTmrDbgListPtr                          0x200000f0   Data           4  os_var.o(.data)
    OSTmrQty                                 0x200000f4   Data           2  os_var.o(.data)
    OSTmrTaskTimeMax                         0x200000f8   Data           4  os_var.o(.data)
    OSTmrTickCtr                             0x200000fc   Data           4  os_var.o(.data)
    OSTmrUpdateCnt                           0x20000100   Data           4  os_var.o(.data)
    OSTmrUpdateCtr                           0x20000104   Data           4  os_var.o(.data)
    OSTCBCurPtr                              0x20000108   Data           4  os_var.o(.data)
    OSTCBHighRdyPtr                          0x2000010c   Data           4  os_var.o(.data)
    OS_CPU_ExceptStkBase                     0x20000110   Data           4  os_cpu_c.o(.data)
    StartTaskTCB                             0x20000118   Data         196  main.o(.bss)
    START_TASK_STK                           0x200001dc   Data        2048  main.o(.bss)
    Led0TaskTCB                              0x200009dc   Data         196  main.o(.bss)
    LED0_TASK_STK                            0x20000aa0   Data         320  main.o(.bss)
    FloatTaskTCB                             0x20000be0   Data         196  main.o(.bss)
    FLOAT_TASK_STK                           0x20000ca8   Data         512  main.o(.bss)
    ADS1118TaskTCB                           0x20000ea8   Data         196  ads1118.o(.bss)
    ADS1118_TASK_STK                         0x20000f70   Data         512  ads1118.o(.bss)
    USART_RX_BUF                             0x20001170   Data         200  usart.o(.bss)
    CPU_Name                                 0x20001238   Data          16  cpu_core.o(.bss)
    Mem_PoolHeap                             0x20001248   Data          72  lib_mem.o(.bss)
    Mem_Heap                                 0x20001290   Data        1024  lib_mem.o(.bss)
    OSCfg_IdleTaskStk                        0x20001690   Data         512  os_cfg_app.o(.bss)
    OSCfg_IntQ                               0x20001890   Data         320  os_cfg_app.o(.bss)
    OSCfg_IntQTaskStk                        0x200019d0   Data         512  os_cfg_app.o(.bss)
    OSCfg_ISRStk                             0x20001bd0   Data         512  os_cfg_app.o(.bss)
    OSCfg_MsgPool                            0x20001dd0   Data        1600  os_cfg_app.o(.bss)
    OSCfg_StatTaskStk                        0x20002410   Data         512  os_cfg_app.o(.bss)
    OSCfg_TickTaskStk                        0x20002610   Data         512  os_cfg_app.o(.bss)
    OSCfg_TickWheel                          0x20002810   Data         136  os_cfg_app.o(.bss)
    OSCfg_TmrTaskStk                         0x20002898   Data         512  os_cfg_app.o(.bss)
    OSCfg_TmrWheel                           0x20002a98   Data         136  os_cfg_app.o(.bss)
    OSIdleTaskTCB                            0x20002b20   Data         196  os_var.o(.bss)
    OSIntQTaskTCB                            0x20002be4   Data         196  os_var.o(.bss)
    OSMsgPool                                0x20002ca8   Data          12  os_var.o(.bss)
    OSRdyList                                0x20002cb4   Data         768  os_var.o(.bss)
    OSStatTaskTCB                            0x20002fb4   Data         196  os_var.o(.bss)
    OSTickTaskTCB                            0x20003078   Data         196  os_var.o(.bss)
    OSTmrTaskTCB                             0x2000313c   Data         196  os_var.o(.bss)
    __libspace_start                         0x20003200   Data          96  libspace.o(.bss)
    __temporary_stack_top$libspace           0x20003260   Data           0  libspace.o(.bss)



==============================================================================

Memory Map of the image

  Image Entry point : 0x08000131

  Load Region LR_IROM1 (Base: 0x08000000, Size: 0x0000d2f4, Max: 0x00080000, ABSOLUTE)

    Execution Region ER_IROM1 (Exec base: 0x08000000, Load base: 0x08000000, Size: 0x0000d1e0, Max: 0x00080000, ABSOLUTE)

    Exec Addr    Load Addr    Size         Type   Attr      Idx    E Section Name        Object

    0x08000000   0x08000000   0x00000130   Data   RO          295    RESET               startup_stm32f10x_hd.o
    0x08000130   0x08000130   0x00000008   Code   RO          903  * !!!main             c_w.l(__main.o)
    0x08000138   0x08000138   0x00000034   Code   RO         1161    !!!scatter          c_w.l(__scatter.o)
    0x0800016c   0x0800016c   0x0000001a   Code   RO         1163    !!handler_copy      c_w.l(__scatter_copy.o)
    0x08000186   0x08000186   0x00000002   PAD
    0x08000188   0x08000188   0x0000001c   Code   RO         1165    !!handler_zi        c_w.l(__scatter_zi.o)
    0x080001a4   0x080001a4   0x00000000   Code   RO          900    .ARM.Collect$$_printf_percent$$00000000  c_w.l(_printf_percent.o)
    0x080001a4   0x080001a4   0x00000006   Code   RO          899    .ARM.Collect$$_printf_percent$$00000003  c_w.l(_printf_f.o)
    0x080001aa   0x080001aa   0x00000006   Code   RO          898    .ARM.Collect$$_printf_percent$$00000009  c_w.l(_printf_d.o)
    0x080001b0   0x080001b0   0x00000006   Code   RO          897    .ARM.Collect$$_printf_percent$$00000014  c_w.l(_printf_s.o)
    0x080001b6   0x080001b6   0x00000004   Code   RO          944    .ARM.Collect$$_printf_percent$$00000017  c_w.l(_printf_percent_end.o)
    0x080001ba   0x080001ba   0x00000002   Code   RO         1038    .ARM.Collect$$libinit$$00000000  c_w.l(libinit.o)
    0x080001bc   0x080001bc   0x00000000   Code   RO         1040    .ARM.Collect$$libinit$$00000002  c_w.l(libinit2.o)
    0x080001bc   0x080001bc   0x00000000   Code   RO         1042    .ARM.Collect$$libinit$$00000004  c_w.l(libinit2.o)
    0x080001bc   0x080001bc   0x00000000   Code   RO         1045    .ARM.Collect$$libinit$$0000000A  c_w.l(libinit2.o)
    0x080001bc   0x080001bc   0x00000000   Code   RO         1047    .ARM.Collect$$libinit$$0000000C  c_w.l(libinit2.o)
    0x080001bc   0x080001bc   0x00000000   Code   RO         1049    .ARM.Collect$$libinit$$0000000E  c_w.l(libinit2.o)
    0x080001bc   0x080001bc   0x00000006   Code   RO         1050    .ARM.Collect$$libinit$$0000000F  c_w.l(libinit2.o)
    0x080001c2   0x080001c2   0x00000000   Code   RO         1052    .ARM.Collect$$libinit$$00000011  c_w.l(libinit2.o)
    0x080001c2   0x080001c2   0x00000000   Code   RO         1054    .ARM.Collect$$libinit$$00000013  c_w.l(libinit2.o)
    0x080001c2   0x080001c2   0x00000000   Code   RO         1056    .ARM.Collect$$libinit$$00000015  c_w.l(libinit2.o)
    0x080001c2   0x080001c2   0x0000000a   Code   RO         1057    .ARM.Collect$$libinit$$00000016  c_w.l(libinit2.o)
    0x080001cc   0x080001cc   0x00000000   Code   RO         1058    .ARM.Collect$$libinit$$00000017  c_w.l(libinit2.o)
    0x080001cc   0x080001cc   0x00000000   Code   RO         1060    .ARM.Collect$$libinit$$00000019  c_w.l(libinit2.o)
    0x080001cc   0x080001cc   0x00000000   Code   RO         1062    .ARM.Collect$$libinit$$0000001B  c_w.l(libinit2.o)
    0x080001cc   0x080001cc   0x00000000   Code   RO         1064    .ARM.Collect$$libinit$$0000001D  c_w.l(libinit2.o)
    0x080001cc   0x080001cc   0x00000000   Code   RO         1066    .ARM.Collect$$libinit$$0000001F  c_w.l(libinit2.o)
    0x080001cc   0x080001cc   0x00000000   Code   RO         1068    .ARM.Collect$$libinit$$00000021  c_w.l(libinit2.o)
    0x080001cc   0x080001cc   0x00000000   Code   RO         1070    .ARM.Collect$$libinit$$00000023  c_w.l(libinit2.o)
    0x080001cc   0x080001cc   0x00000000   Code   RO         1072    .ARM.Collect$$libinit$$00000025  c_w.l(libinit2.o)
    0x080001cc   0x080001cc   0x00000000   Code   RO         1076    .ARM.Collect$$libinit$$0000002C  c_w.l(libinit2.o)
    0x080001cc   0x080001cc   0x00000000   Code   RO         1078    .ARM.Collect$$libinit$$0000002E  c_w.l(libinit2.o)
    0x080001cc   0x080001cc   0x00000000   Code   RO         1080    .ARM.Collect$$libinit$$00000030  c_w.l(libinit2.o)
    0x080001cc   0x080001cc   0x00000000   Code   RO         1082    .ARM.Collect$$libinit$$00000032  c_w.l(libinit2.o)
    0x080001cc   0x080001cc   0x00000002   Code   RO         1083    .ARM.Collect$$libinit$$00000033  c_w.l(libinit2.o)
    0x080001ce   0x080001ce   0x00000002   Code   RO         1125    .ARM.Collect$$libshutdown$$00000000  c_w.l(libshutdown.o)
    0x080001d0   0x080001d0   0x00000000   Code   RO         1144    .ARM.Collect$$libshutdown$$00000002  c_w.l(libshutdown2.o)
    0x080001d0   0x080001d0   0x00000000   Code   RO         1146    .ARM.Collect$$libshutdown$$00000004  c_w.l(libshutdown2.o)
    0x080001d0   0x080001d0   0x00000000   Code   RO         1149    .ARM.Collect$$libshutdown$$00000007  c_w.l(libshutdown2.o)
    0x080001d0   0x080001d0   0x00000000   Code   RO         1152    .ARM.Collect$$libshutdown$$0000000A  c_w.l(libshutdown2.o)
    0x080001d0   0x080001d0   0x00000000   Code   RO         1154    .ARM.Collect$$libshutdown$$0000000C  c_w.l(libshutdown2.o)
    0x080001d0   0x080001d0   0x00000000   Code   RO         1157    .ARM.Collect$$libshutdown$$0000000F  c_w.l(libshutdown2.o)
    0x080001d0   0x080001d0   0x00000002   Code   RO         1158    .ARM.Collect$$libshutdown$$00000010  c_w.l(libshutdown2.o)
    0x080001d2   0x080001d2   0x00000000   Code   RO          931    .ARM.Collect$$rtentry$$00000000  c_w.l(__rtentry.o)
    0x080001d2   0x080001d2   0x00000000   Code   RO          955    .ARM.Collect$$rtentry$$00000002  c_w.l(__rtentry2.o)
    0x080001d2   0x080001d2   0x00000006   Code   RO          967    .ARM.Collect$$rtentry$$00000004  c_w.l(__rtentry4.o)
    0x080001d8   0x080001d8   0x00000000   Code   RO          957    .ARM.Collect$$rtentry$$00000009  c_w.l(__rtentry2.o)
    0x080001d8   0x080001d8   0x00000004   Code   RO          958    .ARM.Collect$$rtentry$$0000000A  c_w.l(__rtentry2.o)
    0x080001dc   0x080001dc   0x00000000   Code   RO          960    .ARM.Collect$$rtentry$$0000000C  c_w.l(__rtentry2.o)
    0x080001dc   0x080001dc   0x00000008   Code   RO          961    .ARM.Collect$$rtentry$$0000000D  c_w.l(__rtentry2.o)
    0x080001e4   0x080001e4   0x00000002   Code   RO         1084    .ARM.Collect$$rtexit$$00000000  c_w.l(rtexit.o)
    0x080001e6   0x080001e6   0x00000000   Code   RO         1097    .ARM.Collect$$rtexit$$00000002  c_w.l(rtexit2.o)
    0x080001e6   0x080001e6   0x00000004   Code   RO         1098    .ARM.Collect$$rtexit$$00000003  c_w.l(rtexit2.o)
    0x080001ea   0x080001ea   0x00000006   Code   RO         1099    .ARM.Collect$$rtexit$$00000004  c_w.l(rtexit2.o)
    0x080001f0   0x080001f0   0x000003f0   Code   RO            1    .text               main.o
    0x080005e0   0x080005e0   0x00000016   Code   RO          149    .text               stm32f10x_it.o
    0x080005f6   0x080005f6   0x00000002   PAD
    0x080005f8   0x080005f8   0x000001e0   Code   RO          181    .text               system_stm32f10x.o
    0x080007d8   0x080007d8   0x0000004c   Code   RO          199    .text               led.o
    0x08000824   0x08000824   0x00000274   Code   RO          211    .text               ads1118.o
    0x08000a98   0x08000a98   0x0000014c   Code   RO          229    .text               delay.o
    0x08000be4   0x08000be4   0x00000150   Code   RO          260    .text               usart.o
    0x08000d34   0x08000d34   0x00000040   Code   RO          296    .text               startup_stm32f10x_hd.o
    0x08000d74   0x08000d74   0x000000dc   Code   RO          300    .text               misc.o
    0x08000e50   0x08000e50   0x0000035c   Code   RO          312    .text               stm32f10x_gpio.o
    0x080011ac   0x080011ac   0x00000408   Code   RO          324    .text               stm32f10x_usart.o
    0x080015b4   0x080015b4   0x000003a4   Code   RO          336    .text               stm32f10x_rcc.o
    0x08001958   0x08001958   0x0000030c   Code   RO          425    .text               stm32f10x_spi.o
    0x08001c64   0x08001c64   0x00000084   Code   RO          464    .text               bsp.o
    0x08001ce8   0x08001ce8   0x000002a8   Code   RO          479    .text               cpu_core.o
    0x08001f90   0x08001f90   0x00000034   Code   RO          517    .text               cpu_a.o
    0x08001fc4   0x08001fc4   0x00000256   Code   RO          520    .text               lib_ascii.o
    0x0800221a   0x0800221a   0x00000002   PAD
    0x0800221c   0x0800221c   0x000009c6   Code   RO          553    .text               lib_mem.o
    0x08002be2   0x08002be2   0x00000002   PAD
    0x08002be4   0x08002be4   0x0000092c   Code   RO          572    .text               lib_str.o
    0x08003510   0x08003510   0x00000220   Code   RO          589    .text               lib_mem_a.o
    0x08003730   0x08003730   0x000000fc   Code   RO          592    .text               os_cfg_app.o
    0x0800382c   0x0800382c   0x00000e04   Code   RO          615    .text               os_core.o
    0x08004630   0x08004630   0x000001b0   Code   RO          627    .text               os_dbg.o
    0x080047e0   0x080047e0   0x00000e28   Code   RO          642    .text               os_flag.o
    0x08005608   0x08005608   0x00000444   Code   RO          654    .text               os_int.o
    0x08005a4c   0x08005a4c   0x00000238   Code   RO          666    .text               os_mem.o
    0x08005c84   0x08005c84   0x0000022c   Code   RO          678    .text               os_msg.o
    0x08005eb0   0x08005eb0   0x00000ad4   Code   RO          690    .text               os_mutex.o
    0x08006984   0x08006984   0x0000007c   Code   RO          708    .text               os_prio.o
    0x08006a00   0x08006a00   0x000008d8   Code   RO          727    .text               os_q.o
    0x080072d8   0x080072d8   0x00000830   Code   RO          739    .text               os_sem.o
    0x08007b08   0x08007b08   0x00000638   Code   RO          751    .text               os_stat.o
    0x08008140   0x08008140   0x00001bb4   Code   RO          763    .text               os_task.o
    0x08009cf4   0x08009cf4   0x000004fc   Code   RO          775    .text               os_tick.o
    0x0800a1f0   0x0800a1f0   0x00000564   Code   RO          787    .text               os_time.o
    0x0800a754   0x0800a754   0x00000818   Code   RO          799    .text               os_tmr.o
    0x0800af6c   0x0800af6c   0x0000026c   Code   RO          825    .text               os_cpu_c.o
    0x0800b1d8   0x0800b1d8   0x00000002   Code   RO          863    .text               c_w.l(use_no_semi_2.o)
    0x0800b1da   0x0800b1da   0x000000ee   Code   RO          865    .text               c_w.l(lludivv7m.o)
    0x0800b2c8   0x0800b2c8   0x00000018   Code   RO          869    .text               c_w.l(noretval__2printf.o)
    0x0800b2e0   0x0800b2e0   0x00000052   Code   RO          873    .text               c_w.l(_printf_str.o)
    0x0800b332   0x0800b332   0x00000002   PAD
    0x0800b334   0x0800b334   0x00000078   Code   RO          875    .text               c_w.l(_printf_dec.o)
    0x0800b3ac   0x0800b3ac   0x0000010e   Code   RO          885    .text               c_w.l(__printf_wp.o)
    0x0800b4ba   0x0800b4ba   0x00000006   Code   RO          901    .text               c_w.l(heapauxi.o)
    0x0800b4c0   0x0800b4c0   0x00000002   Code   RO          929    .text               c_w.l(use_no_semi.o)
    0x0800b4c2   0x0800b4c2   0x000000b2   Code   RO          936    .text               c_w.l(_printf_intcommon.o)
    0x0800b574   0x0800b574   0x0000041e   Code   RO          938    .text               c_w.l(_printf_fp_dec.o)
    0x0800b992   0x0800b992   0x0000002c   Code   RO          940    .text               c_w.l(_printf_char.o)
    0x0800b9be   0x0800b9be   0x00000002   PAD
    0x0800b9c0   0x0800b9c0   0x00000024   Code   RO          942    .text               c_w.l(_printf_char_file.o)
    0x0800b9e4   0x0800b9e4   0x00000008   Code   RO          974    .text               c_w.l(rt_locale_intlibspace.o)
    0x0800b9ec   0x0800b9ec   0x0000008a   Code   RO          976    .text               c_w.l(lludiv10.o)
    0x0800ba76   0x0800ba76   0x00000002   PAD
    0x0800ba78   0x0800ba78   0x00000030   Code   RO          978    .text               c_w.l(_printf_char_common.o)
    0x0800baa8   0x0800baa8   0x00000080   Code   RO          980    .text               c_w.l(_printf_fp_infnan.o)
    0x0800bb28   0x0800bb28   0x000000e4   Code   RO          982    .text               c_w.l(bigflt0.o)
    0x0800bc0c   0x0800bc0c   0x00000008   Code   RO         1007    .text               c_w.l(ferror.o)
    0x0800bc14   0x0800bc14   0x00000008   Code   RO         1018    .text               c_w.l(libspace.o)
    0x0800bc1c   0x0800bc1c   0x0000004a   Code   RO         1021    .text               c_w.l(sys_stackheap_outer.o)
    0x0800bc66   0x0800bc66   0x00000012   Code   RO         1025    .text               c_w.l(exit.o)
    0x0800bc78   0x0800bc78   0x00000080   Code   RO         1031    .text               c_w.l(strcmpv7m.o)
    0x0800bcf8   0x0800bcf8   0x0000003e   Code   RO          985    CL$$btod_d2e        c_w.l(btod.o)
    0x0800bd36   0x0800bd36   0x00000046   Code   RO          987    CL$$btod_d2e_denorm_low  c_w.l(btod.o)
    0x0800bd7c   0x0800bd7c   0x00000060   Code   RO          986    CL$$btod_d2e_norm_op1  c_w.l(btod.o)
    0x0800bddc   0x0800bddc   0x00000338   Code   RO          995    CL$$btod_div_common  c_w.l(btod.o)
    0x0800c114   0x0800c114   0x000000dc   Code   RO          992    CL$$btod_e2e        c_w.l(btod.o)
    0x0800c1f0   0x0800c1f0   0x0000002a   Code   RO          989    CL$$btod_ediv       c_w.l(btod.o)
    0x0800c21a   0x0800c21a   0x0000002a   Code   RO          988    CL$$btod_emul       c_w.l(btod.o)
    0x0800c244   0x0800c244   0x00000244   Code   RO          994    CL$$btod_mult_common  c_w.l(btod.o)
    0x0800c488   0x0800c488   0x00000098   Code   RO          843    CODE                os_cpu_a.o
    0x0800c520   0x0800c520   0x00000028   Code   RO         1016    i.__ARM_fpclassify  m_ws.l(fpclassify.o)
    0x0800c548   0x0800c548   0x0000000e   Code   RO          887    i._is_digit         c_w.l(__printf_wp.o)
    0x0800c556   0x0800c556   0x00000002   PAD
    0x0800c558   0x0800c558   0x0000002c   Code   RO         1012    locale$$code        c_w.l(lc_numeric_c.o)
    0x0800c584   0x0800c584   0x00000062   Code   RO          905    x$fpl$d2f           fz_ws.l(d2f.o)
    0x0800c5e6   0x0800c5e6   0x00000002   PAD
    0x0800c5e8   0x0800c5e8   0x000002b0   Code   RO          908    x$fpl$ddiv          fz_ws.l(ddiv.o)
    0x0800c898   0x0800c898   0x00000154   Code   RO          911    x$fpl$dmul          fz_ws.l(dmul.o)
    0x0800c9ec   0x0800c9ec   0x0000009c   Code   RO          945    x$fpl$dnaninf       fz_ws.l(dnaninf.o)
    0x0800ca88   0x0800ca88   0x0000000c   Code   RO          947    x$fpl$dretinf       fz_ws.l(dretinf.o)
    0x0800ca94   0x0800ca94   0x00000056   Code   RO          913    x$fpl$f2d           fz_ws.l(f2d.o)
    0x0800caea   0x0800caea   0x00000002   PAD
    0x0800caec   0x0800caec   0x000000c4   Code   RO          915    x$fpl$fadd          fz_ws.l(faddsub_clz.o)
    0x0800cbb0   0x0800cbb0   0x00000030   Code   RO          922    x$fpl$fflt          fz_ws.l(fflt_clz.o)
    0x0800cbe0   0x0800cbe0   0x0000008c   Code   RO          949    x$fpl$fnaninf       fz_ws.l(fnaninf.o)
    0x0800cc6c   0x0800cc6c   0x0000000a   Code   RO          951    x$fpl$fretinf       fz_ws.l(fretinf.o)
    0x0800cc76   0x0800cc76   0x00000002   PAD
    0x0800cc78   0x0800cc78   0x000000ea   Code   RO          917    x$fpl$fsub          fz_ws.l(faddsub_clz.o)
    0x0800cd62   0x0800cd62   0x00000004   Code   RO          927    x$fpl$printf1       fz_ws.l(printf1.o)
    0x0800cd66   0x0800cd66   0x00000000   Code   RO          953    x$fpl$usenofp       fz_ws.l(usenofp.o)
    0x0800cd66   0x0800cd66   0x00000002   PAD
    0x0800cd68   0x0800cd68   0x00000104   Data   RO          481    .constdata          cpu_core.o
    0x0800ce6c   0x0800ce6c   0x00000094   Data   RO          573    .constdata          lib_str.o
    0x0800cf00   0x0800cf00   0x000000a4   Data   RO          594    .constdata          os_cfg_app.o
    0x0800cfa4   0x0800cfa4   0x0000016c   Data   RO          628    .constdata          os_dbg.o
    0x0800d110   0x0800d110   0x00000094   Data   RO          983    .constdata          c_w.l(bigflt0.o)
    0x0800d1a4   0x0800d1a4   0x00000020   Data   RO         1159    Region$$Table       anon$$obj.o
    0x0800d1c4   0x0800d1c4   0x0000001c   Data   RO         1011    locale$$data        c_w.l(lc_numeric_c.o)


    Execution Region RW_IRAM1 (Exec base: 0x20000000, Load base: 0x0800d1e0, Size: 0x00003c60, Max: 0x00010000, ABSOLUTE)

    Exec Addr    Load Addr    Size         Type   Attr      Idx    E Section Name        Object

    0x20000000   0x0800d1e0   0x00000004   Data   RW            3    .data               main.o
    0x20000004   0x0800d1e4   0x00000014   Data   RW          182    .data               system_stm32f10x.o
    0x20000018   0x0800d1f8   0x00000004   Data   RW          230    .data               delay.o
    0x2000001c   0x0800d1fc   0x00000006   Data   RW          262    .data               usart.o
    0x20000022   0x0800d202   0x00000014   Data   RW          337    .data               stm32f10x_rcc.o
    0x20000036   0x0800d216   0x00000002   PAD
    0x20000038   0x0800d218   0x00000004   Data   RW          482    .data               cpu_core.o
    0x2000003c   0x0800d21c   0x00000004   Data   RW          555    .data               lib_mem.o
    0x20000040   0x0800d220   0x00000008   Data   RW          709    .data               os_prio.o
    0x20000048   0x0800d228   0x000000c8   Data   RW          812    .data               os_var.o
    0x20000110   0x0800d2f0   0x00000004   Data   RW          826    .data               os_cpu_c.o
    0x20000114   0x0800d2f4   0x00000004   PAD
    0x20000118        -       0x00000d90   Zero   RW            2    .bss                main.o
    0x20000ea8        -       0x000002c8   Zero   RW          212    .bss                ads1118.o
    0x20001170        -       0x000000c8   Zero   RW          261    .bss                usart.o
    0x20001238        -       0x00000010   Zero   RW          480    .bss                cpu_core.o
    0x20001248        -       0x00000448   Zero   RW          554    .bss                lib_mem.o
    0x20001690        -       0x00001490   Zero   RW          593    .bss                os_cfg_app.o
    0x20002b20        -       0x000006e0   Zero   RW          811    .bss                os_var.o
    0x20003200        -       0x00000060   Zero   RW         1019    .bss                c_w.l(libspace.o)
    0x20003260        -       0x00000200   Zero   RW          294    HEAP                startup_stm32f10x_hd.o
    0x20003460        -       0x00000800   Zero   RW          293    STACK               startup_stm32f10x_hd.o


==============================================================================

Image component sizes


      Code (inc. data)   RO Data    RW Data    ZI Data      Debug   Object Name

       628         72          0          0        712       2797   ads1118.o
       132         12          0          0          0       1123   bsp.o
        52          0          0          0          0        316   cpu_a.o
       680         14        260          4         16      14263   cpu_core.o
       332         28          0          4          0       1761   delay.o
        76          8          0          0          0        467   led.o
       598          0          0          0          0       3856   lib_ascii.o
      2502         32          0          4       1096      22116   lib_mem.o
       544          0          0          0          0        464   lib_mem_a.o
      2348          6        148          0          0      13710   lib_str.o
      1008        182          0          4       3472     281183   main.o
       220         22          0          0          0       1769   misc.o
       252        166        164          0       5264      20802   os_cfg_app.o
      3588        294          0          0          0      12405   os_core.o
       152         32          0          0          0        372   os_cpu_a.o
       620         66          0          4          0       3709   os_cpu_c.o
       432        286        364          0          0       4677   os_dbg.o
      3624        110          0          0          0       7987   os_flag.o
      1092        146          0          0          0       2292   os_int.o
       568         20          0          0          0       2716   os_mem.o
       556         12          0          0          0       2751   os_msg.o
      2772        114          0          0          0       5522   os_mutex.o
       124          4          0          8          0       1672   os_prio.o
      2264         76          0          0          0       6288   os_q.o
      2096         70          0          0          0       6308   os_sem.o
      1592        180          0          0          0       2769   os_stat.o
      7092        270          0          0          0      14134   os_task.o
      1276         90          0          0          0       3241   os_tick.o
      1380         46          0          0          0       3245   os_time.o
      2072        140          0          0          0       6434   os_tmr.o
         0          0          0        200       1760      19309   os_var.o
        64         26        304          0       2560        772   startup_stm32f10x_hd.o
       860         38          0          0          0       5709   stm32f10x_gpio.o
        22          0          0          0          0        971   stm32f10x_it.o
       932         36          0         20          0       8868   stm32f10x_rcc.o
       780         14          0          0          0       6586   stm32f10x_spi.o
      1032         22          0          0          0       8428   stm32f10x_usart.o
         0          0          0          0          0         32   sys.o
       480         38          0         20          0       1655   system_stm32f10x.o
       336         18          0          6        200       3118   usart.o

    ----------------------------------------------------------------------
     45184       2690       1272        276      15084     506597   Object Totals
         0          0         32          0          0          0   (incl. Generated)
         6          0          0          2          4          0   (incl. Padding)

    ----------------------------------------------------------------------

      Code (inc. data)   RO Data    RW Data    ZI Data      Debug   Library Member Name

         8          0          0          0          0         68   __main.o
       284          0          0          0          0        156   __printf_wp.o
         0          0          0          0          0          0   __rtentry.o
        12          0          0          0          0          0   __rtentry2.o
         6          0          0          0          0          0   __rtentry4.o
        52          8          0          0          0          0   __scatter.o
        26          0          0          0          0          0   __scatter_copy.o
        28          0          0          0          0          0   __scatter_zi.o
        44          0          0          0          0        108   _printf_char.o
        48          6          0          0          0         96   _printf_char_common.o
        36          4          0          0          0         80   _printf_char_file.o
         6          0          0          0          0          0   _printf_d.o
       120         16          0          0          0         92   _printf_dec.o
         6          0          0          0          0          0   _printf_f.o
      1054          0          0          0          0        216   _printf_fp_dec.o
       128         16          0          0          0         84   _printf_fp_infnan.o
       178          0          0          0          0         88   _printf_intcommon.o
         0          0          0          0          0          0   _printf_percent.o
         4          0          0          0          0          0   _printf_percent_end.o
         6          0          0          0          0          0   _printf_s.o
        82          0          0          0          0         80   _printf_str.o
       228          4        148          0          0         96   bigflt0.o
      1936        128          0          0          0        672   btod.o
        18          0          0          0          0         80   exit.o
         8          0          0          0          0         68   ferror.o
         6          0          0          0          0        152   heapauxi.o
        44         10         28          0          0         76   lc_numeric_c.o
         2          0          0          0          0          0   libinit.o
        18          0          0          0          0          0   libinit2.o
         2          0          0          0          0          0   libshutdown.o
         2          0          0          0          0          0   libshutdown2.o
         8          4          0          0         96         68   libspace.o
       138          0          0          0          0         80   lludiv10.o
       238          0          0          0          0        100   lludivv7m.o
        24          4          0          0          0         84   noretval__2printf.o
         8          4          0          0          0         68   rt_locale_intlibspace.o
         2          0          0          0          0          0   rtexit.o
        10          0          0          0          0          0   rtexit2.o
       128          0          0          0          0         68   strcmpv7m.o
        74          0          0          0          0         80   sys_stackheap_outer.o
         2          0          0          0          0         68   use_no_semi.o
         2          0          0          0          0         68   use_no_semi_2.o
        98          4          0          0          0         92   d2f.o
       688        140          0          0          0        208   ddiv.o
       340         12          0          0          0        104   dmul.o
       156          4          0          0          0         92   dnaninf.o
        12          0          0          0          0         68   dretinf.o
        86          4          0          0          0         84   f2d.o
       430          8          0          0          0        168   faddsub_clz.o
        48          0          0          0          0         68   fflt_clz.o
       140          4          0          0          0         84   fnaninf.o
        10          0          0          0          0         68   fretinf.o
         4          0          0          0          0         68   printf1.o
         0          0          0          0          0          0   usenofp.o
        40          0          0          0          0         68   fpclassify.o

    ----------------------------------------------------------------------
      7096        380        176          0         96       4068   Library Totals
        18          0          0          0          0          0   (incl. Padding)

    ----------------------------------------------------------------------

      Code (inc. data)   RO Data    RW Data    ZI Data      Debug   Library Name

      5026        204        176          0         96       2896   c_w.l
      2012        176          0          0          0       1104   fz_ws.l
        40          0          0          0          0         68   m_ws.l

    ----------------------------------------------------------------------
      7096        380        176          0         96       4068   Library Totals

    ----------------------------------------------------------------------

==============================================================================


      Code (inc. data)   RO Data    RW Data    ZI Data      Debug   

     52280       3070       1448        276      15180     505097   Grand Totals
     52280       3070       1448        276      15180     505097   ELF Image Totals
     52280       3070       1448        276          0          0   ROM Totals

==============================================================================

    Total RO  Size (Code + RO Data)                53728 (  52.47kB)
    Total RW  Size (RW Data + ZI Data)             15456 (  15.09kB)
    Total ROM Size (Code + RO Data + RW Data)      54004 (  52.74kB)

==============================================================================

