Component: ARM Compiler 5.06 update 6 (build 750) Tool: armlink [4d35ed]

==============================================================================

Section Cross References

    main.o(.text) refers to _printf_percent.o(.ARM.Collect$$_printf_percent$$00000000) for _printf_percent
    main.o(.text) refers to _printf_d.o(.ARM.Collect$$_printf_percent$$00000009) for _printf_d
    main.o(.text) refers to _printf_dec.o(.text) for _printf_int_dec
    main.o(.text) refers to cpu_core.o(.text) for CPU_Init
    main.o(.text) refers to os_stat.o(.text) for OSStatTaskCPUUsageInit
    main.o(.text) refers to os_app_hooks.o(.text) for App_OS_SetAllHooks
    main.o(.text) refers to os_core.o(.text) for OSSchedRoundRobinCfg
    main.o(.text) refers to cpu_a.o(.text) for CPU_SR_Save
    main.o(.text) refers to os_task.o(.text) for OSTaskCreate
    main.o(.text) refers to noretval__2printf.o(.text) for __2printf
    main.o(.text) refers to msg.o(.text) for TaskQMsg_CreateTask
    main.o(.text) refers to delay.o(.text) for delay_init
    main.o(.text) refers to misc.o(.text) for NVIC_PriorityGroupConfig
    main.o(.text) refers to usart.o(.text) for uart_init
    main.o(.text) refers to ads1118.o(.text) for GPIO_ADS_Init
    main.o(.text) refers to adc.o(.text) for Adc_Init
    main.o(.text) refers to led.o(.text) for LED_Init
    main.o(.text) refers to os_var.o(.data) for OSSchedLockNestingCtr
    main.o(.text) refers to task.o(.bss) for LED0_TASK_STK
    main.o(.text) refers to task.o(.text) for led0_task
    main.o(.text) refers to main.o(.bss) for StartTaskTCB
    system_stm32f10x.o(.text) refers to system_stm32f10x.o(.data) for SystemCoreClock
    led.o(.text) refers to stm32f10x_rcc.o(.text) for RCC_APB2PeriphClockCmd
    led.o(.text) refers to stm32f10x_gpio.o(.text) for GPIO_Init
    ads1118.o(.text) refers to stm32f10x_rcc.o(.text) for RCC_APB2PeriphClockCmd
    ads1118.o(.text) refers to stm32f10x_gpio.o(.text) for GPIO_Init
    ads1118.o(.text) refers to stm32f10x_spi.o(.text) for SPI_Init
    ads1118.o(.text) refers to fflt_clz.o(x$fpl$fflt) for __aeabi_i2f
    ads1118.o(.text) refers to os_time.o(.text) for OSTimeDlyHMSM
    task.o(.text) refers to _printf_percent.o(.ARM.Collect$$_printf_percent$$00000000) for _printf_percent
    task.o(.text) refers to _printf_d.o(.ARM.Collect$$_printf_percent$$00000009) for _printf_d
    task.o(.text) refers to _printf_s.o(.ARM.Collect$$_printf_percent$$00000014) for _printf_s
    task.o(.text) refers to _printf_dec.o(.text) for _printf_int_dec
    task.o(.text) refers to _printf_str.o(.text) for _printf_str
    task.o(.text) refers to _printf_f.o(.ARM.Collect$$_printf_percent$$00000003) for _printf_f
    task.o(.text) refers to printf1.o(x$fpl$printf1) for _printf_fp_dec
    task.o(.text) refers to os_task.o(.text) for OSTaskStkChk
    task.o(.text) refers to noretval__2printf.o(.text) for __2printf
    task.o(.text) refers to os_time.o(.text) for OSTimeDlyHMSM
    task.o(.text) refers to usart.o(.text) for Usart_ReceiveMsg
    task.o(.text) refers to faddsub_clz.o(x$fpl$fadd) for __aeabi_fadd
    task.o(.text) refers to cpu_a.o(.text) for CPU_SR_Save
    task.o(.text) refers to os_core.o(.text) for OS_Sched0
    task.o(.text) refers to delay.o(.text) for delay_ms
    task.o(.text) refers to fflt_clz.o(x$fpl$ffltu) for __aeabi_ui2f
    task.o(.text) refers to f2d.o(x$fpl$f2d) for __aeabi_f2d
    task.o(.text) refers to dmul.o(x$fpl$dmul) for __aeabi_dmul
    task.o(.text) refers to ddiv.o(x$fpl$ddiv) for __aeabi_ddiv
    task.o(.text) refers to adc.o(.text) for Get_Adc
    task.o(.text) refers to rt_memcpy_w.o(.text) for __aeabi_memcpy4
    task.o(.text) refers to os_sem.o(.text) for OSSemPend
    task.o(.text) refers to task.o(.data) for cunt
    task.o(.text) refers to task.o(.bss) for FloatTaskTCB
    task.o(.text) refers to os_var.o(.data) for OSSchedLockNestingCtr
    adc.o(.text) refers to stm32f10x_rcc.o(.text) for RCC_APB2PeriphClockCmd
    adc.o(.text) refers to stm32f10x_gpio.o(.text) for GPIO_Init
    adc.o(.text) refers to stm32f10x_adc.o(.text) for ADC_DeInit
    adc.o(.text) refers to delay.o(.text) for delay_ms
    mtx_sem.o(.text) refers to _printf_percent.o(.ARM.Collect$$_printf_percent$$00000000) for _printf_percent
    mtx_sem.o(.text) refers to _printf_d.o(.ARM.Collect$$_printf_percent$$00000009) for _printf_d
    mtx_sem.o(.text) refers to _printf_dec.o(.text) for _printf_int_dec
    mtx_sem.o(.text) refers to os_time.o(.text) for OSTimeDlyHMSM
    mtx_sem.o(.text) refers to noretval__2printf.o(.text) for __2printf
    mtx_sem.o(.text) refers to os_mutex.o(.text) for OSMutexPend
    mtx_sem.o(.text) refers to os_core.o(.text) for OSSched
    mtx_sem.o(.text) refers to os_task.o(.text) for OSTaskCreate
    mtx_sem.o(.text) refers to mtx_sem.o(.bss) for SEM_MUTEX
    mtx_sem.o(.text) refers to mtx_sem.o(.data) for times
    msg.o(.text) refers to _printf_percent.o(.ARM.Collect$$_printf_percent$$00000000) for _printf_percent
[...]
    USART_DeInit                             0x08002019   Thumb Code   134  stm32f10x_usart.o(.text)
    USART_Init                               0x0800209f   Thumb Code   210  stm32f10x_usart.o(.text)
    USART_StructInit                         0x08002171   Thumb Code    24  stm32f10x_usart.o(.text)
    USART_ClockInit                          0x08002189   Thumb Code    34  stm32f10x_usart.o(.text)
    USART_ClockStructInit                    0x080021ab   Thumb Code    12  stm32f10x_usart.o(.text)
    USART_Cmd                                0x080021b7   Thumb Code    24  stm32f10x_usart.o(.text)
    USART_ITConfig                           0x080021cf   Thumb Code    74  stm32f10x_usart.o(.text)
    USART_DMACmd                             0x08002219   Thumb Code    18  stm32f10x_usart.o(.text)
    USART_SetAddress                         0x0800222b   Thumb Code    18  stm32f10x_usart.o(.text)
    USART_WakeUpConfig                       0x0800223d   Thumb Code    18  stm32f10x_usart.o(.text)
    USART_ReceiverWakeUpCmd                  0x0800224f   Thumb Code    24  stm32f10x_usart.o(.text)
    USART_LINBreakDetectLengthConfig         0x08002267   Thumb Code    18  stm32f10x_usart.o(.text)
    USART_LINCmd                             0x08002279   Thumb Code    24  stm32f10x_usart.o(.text)
    USART_SendData                           0x08002291   Thumb Code     8  stm32f10x_usart.o(.text)
    USART_ReceiveData                        0x08002299   Thumb Code    10  stm32f10x_usart.o(.text)
    USART_SendBreak                          0x080022a3   Thumb Code    10  stm32f10x_usart.o(.text)
    USART_SetGuardTime                       0x080022ad   Thumb Code    16  stm32f10x_usart.o(.text)
    USART_SetPrescaler                       0x080022bd   Thumb Code    16  stm32f10x_usart.o(.text)
    USART_SmartCardCmd                       0x080022cd   Thumb Code    24  stm32f10x_usart.o(.text)
    USART_SmartCardNACKCmd                   0x080022e5   Thumb Code    24  stm32f10x_usart.o(.text)
    USART_HalfDuplexCmd                      0x080022fd   Thumb Code    24  stm32f10x_usart.o(.text)
    USART_OverSampling8Cmd                   0x08002315   Thumb Code    22  stm32f10x_usart.o(.text)
    USART_OneBitMethodCmd                    0x0800232b   Thumb Code    24  stm32f10x_usart.o(.text)
    USART_IrDAConfig                         0x08002343   Thumb Code    18  stm32f10x_usart.o(.text)
    USART_IrDACmd                            0x08002355   Thumb Code    24  stm32f10x_usart.o(.text)
    USART_GetFlagStatus                      0x0800236d   Thumb Code    26  stm32f10x_usart.o(.text)
    USART_ClearFlag                          0x08002387   Thumb Code    18  stm32f10x_usart.o(.text)
    USART_GetITStatus                        0x08002399   Thumb Code    84  stm32f10x_usart.o(.text)
    USART_ClearITPendingBit                  0x080023ed   Thumb Code    52  stm32f10x_usart.o(.text)
    RCC_DeInit                               0x08002421   Thumb Code    64  stm32f10x_rcc.o(.text)
    RCC_HSEConfig                            0x08002461   Thumb Code    70  stm32f10x_rcc.o(.text)
    RCC_GetFlagStatus                        0x080024a7   Thumb Code    56  stm32f10x_rcc.o(.text)
    RCC_WaitForHSEStartUp                    0x080024df   Thumb Code    56  stm32f10x_rcc.o(.text)
    RCC_AdjustHSICalibrationValue            0x08002517   Thumb Code    20  stm32f10x_rcc.o(.text)
    RCC_HSICmd                               0x0800252b   Thumb Code     6  stm32f10x_rcc.o(.text)
    RCC_PLLConfig                            0x08002531   Thumb Code    24  stm32f10x_rcc.o(.text)
    RCC_PLLCmd                               0x08002549   Thumb Code     6  stm32f10x_rcc.o(.text)
    RCC_SYSCLKConfig                         0x0800254f   Thumb Code    18  stm32f10x_rcc.o(.text)
    RCC_GetSYSCLKSource                      0x08002561   Thumb Code    10  stm32f10x_rcc.o(.text)
    RCC_HCLKConfig                           0x0800256b   Thumb Code    18  stm32f10x_rcc.o(.text)
    RCC_PCLK1Config                          0x0800257d   Thumb Code    18  stm32f10x_rcc.o(.text)
    RCC_PCLK2Config                          0x0800258f   Thumb Code    20  stm32f10x_rcc.o(.text)
    RCC_ITConfig                             0x080025a3   Thumb Code    26  stm32f10x_rcc.o(.text)
    RCC_USBCLKConfig                         0x080025bd   Thumb Code     8  stm32f10x_rcc.o(.text)
    RCC_ADCCLKConfig                         0x080025c5   Thumb Code    18  stm32f10x_rcc.o(.text)
    RCC_LSEConfig                            0x080025d7   Thumb Code    50  stm32f10x_rcc.o(.text)
    RCC_LSICmd                               0x08002609   Thumb Code     6  stm32f10x_rcc.o(.text)
    RCC_RTCCLKConfig                         0x0800260f   Thumb Code    12  stm32f10x_rcc.o(.text)
    RCC_RTCCLKCmd                            0x0800261b   Thumb Code     8  stm32f10x_rcc.o(.text)
    RCC_GetClocksFreq                        0x08002623   Thumb Code   192  stm32f10x_rcc.o(.text)
    RCC_AHBPeriphClockCmd                    0x080026e3   Thumb Code    26  stm32f10x_rcc.o(.text)
    RCC_APB2PeriphClockCmd                   0x080026fd   Thumb Code    26  stm32f10x_rcc.o(.text)
    RCC_APB1PeriphClockCmd                   0x08002717   Thumb Code    26  stm32f10x_rcc.o(.text)
    RCC_APB2PeriphResetCmd                   0x08002731   Thumb Code    26  stm32f10x_rcc.o(.text)
    RCC_APB1PeriphResetCmd                   0x0800274b   Thumb Code    26  stm32f10x_rcc.o(.text)
    RCC_BackupResetCmd                       0x08002765   Thumb Code     8  stm32f10x_rcc.o(.text)
    RCC_ClockSecuritySystemCmd               0x0800276d   Thumb Code     6  stm32f10x_rcc.o(.text)
    RCC_MCOConfig                            0x08002773   Thumb Code     6  stm32f10x_rcc.o(.text)
    RCC_ClearFlag                            0x08002779   Thumb Code    14  stm32f10x_rcc.o(.text)
    RCC_GetITStatus                          0x08002787   Thumb Code    20  stm32f10x_rcc.o(.text)
    RCC_ClearITPendingBit                    0x0800279b   Thumb Code     6  stm32f10x_rcc.o(.text)
    SPI_I2S_DeInit                           0x080027c5   Thumb Code    76  stm32f10x_spi.o(.text)
    SPI_Init                                 0x08002811   Thumb Code    60  stm32f10x_spi.o(.text)
    I2S_Init                                 0x0800284d   Thumb Code   226  stm32f10x_spi.o(.text)
    SPI_StructInit                           0x0800292f   Thumb Code    24  stm32f10x_spi.o(.text)
    I2S_StructInit                           0x08002947   Thumb Code    20  stm32f10x_spi.o(.text)
    SPI_Cmd                                  0x0800295b   Thumb Code    24  stm32f10x_spi.o(.text)
    I2S_Cmd                                  0x08002973   Thumb Code    24  stm32f10x_spi.o(.text)
    SPI_I2S_ITConfig                         0x0800298b   Thumb Code    32  stm32f10x_spi.o(.text)
    SPI_I2S_DMACmd                           0x080029ab   Thumb Code    18  stm32f10x_spi.o(.text)
    SPI_I2S_SendData                         0x080029bd   Thumb Code     4  stm32f10x_spi.o(.text)
    SPI_I2S_ReceiveData                      0x080029c1   Thumb Code     6  stm32f10x_spi.o(.text)
    SPI_NSSInternalSoftwareConfig            0x080029c7   Thumb Code    30  stm32f10x_spi.o(.text)
    SPI_SSOutputCmd                          0x080029e5   Thumb Code    24  stm32f10x_spi.o(.text)
    SPI_DataSizeConfig                       0x080029fd   Thumb Code    18  stm32f10x_spi.o(.text)
    SPI_TransmitCRC                          0x08002a0f   Thumb Code    10  stm32f10x_spi.o(.text)
    SPI_CalculateCRC                         0x08002a19   Thumb Code    24  stm32f10x_spi.o(.text)
    SPI_GetCRC                               0x08002a31   Thumb Code    16  stm32f10x_spi.o(.text)
    SPI_GetCRCPolynomial                     0x08002a41   Thumb Code     6  stm32f10x_spi.o(.text)
    SPI_BiDirectionalLineConfig              0x08002a47   Thumb Code    28  stm32f10x_spi.o(.text)
    SPI_I2S_GetFlagStatus                    0x08002a63   Thumb Code    18  stm32f10x_spi.o(.text)
    SPI_I2S_ClearFlag                        0x08002a75   Thumb Code     6  stm32f10x_spi.o(.text)
    SPI_I2S_GetITStatus                      0x08002a7b   Thumb Code    52  stm32f10x_spi.o(.text)
    SPI_I2S_ClearITPendingBit                0x08002aaf   Thumb Code    20  stm32f10x_spi.o(.text)
    BSP_CPU_ClkFreq                          0x08002ad1   Thumb Code    16  bsp.o(.text)
    CPU_TS_TmrInit                           0x08002ae1   Thumb Code    44  bsp.o(.text)
    CPU_TS_TmrRd                             0x08002b0d   Thumb Code     6  bsp.o(.text)
    CPU_TS32_to_uSec                         0x08002b13   Thumb Code    54  bsp.o(.text)
    CPU_NameClr                              0x08002b55   Thumb Code    42  cpu_core.o(.text)
    CPU_Init                                 0x08002b95   Thumb Code    12  cpu_core.o(.text)
    CPU_SW_Exception                         0x08002ba1   Thumb Code     4  cpu_core.o(.text)
    CPU_NameGet                              0x08002ba5   Thumb Code    70  cpu_core.o(.text)
    CPU_NameSet                              0x08002beb   Thumb Code    96  cpu_core.o(.text)
    CPU_TS_Get32                             0x08002c4b   Thumb Code    12  cpu_core.o(.text)
    CPU_TS_Update                            0x08002c57   Thumb Code     2  cpu_core.o(.text)
    CPU_TS_TmrFreqGet                        0x08002c59   Thumb Code    30  cpu_core.o(.text)
    CPU_TS_TmrFreqSet                        0x08002c77   Thumb Code     6  cpu_core.o(.text)
    CPU_CntLeadZeros08                       0x08002c7d   Thumb Code    18  cpu_core.o(.text)
    CPU_CntLeadZeros16                       0x08002c8f   Thumb Code    18  cpu_core.o(.text)
    CPU_CntLeadZeros32                       0x08002ca1   Thumb Code    18  cpu_core.o(.text)
    CPU_CntLeadZeros64                       0x08002cb3   Thumb Code   188  cpu_core.o(.text)
    CPU_CntTrailZeros08                      0x08002d6f   Thumb Code    22  cpu_core.o(.text)
    CPU_CntTrailZeros16                      0x08002d85   Thumb Code    22  cpu_core.o(.text)
    CPU_CntTrailZeros32                      0x08002d9b   Thumb Code    22  cpu_core.o(.text)
    CPU_CntTrailZeros64                      0x08002db1   Thumb Code    62  cpu_core.o(.text)
    CPU_IntDis                               0x08002dfd   Thumb Code     0  cpu_a.o(.text)
    CPU_IntEn                                0x08002e01   Thumb Code     0  cpu_a.o(.text)
    CPU_SR_Save                              0x08002e05   Thumb Code     0  cpu_a.o(.text)
    CPU_SR_Restore                           0x08002e0d   Thumb Code     0  cpu_a.o(.text)
    CPU_WaitForInt                           0x08002e13   Thumb Code     0  cpu_a.o(.text)
    CPU_WaitForExcept                        0x08002e17   Thumb Code     0  cpu_a.o(.text)
    CPU_CntLeadZeros                         0x08002e1b   Thumb Code     0  cpu_a.o(.text)
    CPU_CntTrailZeros                        0x08002e21   Thumb Code     0  cpu_a.o(.text)
    CPU_RevBits                              0x08002e2b   Thumb Code     0  cpu_a.o(.text)
    ASCII_IsAlpha                            0x08002e31   Thumb Code    48  lib_ascii.o(.text)
    ASCII_IsAlphaNum                         0x08002e61   Thumb Code    76  lib_ascii.o(.text)
    ASCII_IsLower                            0x08002ead   Thumb Code    20  lib_ascii.o(.text)
    ASCII_IsUpper                            0x08002ec1   Thumb Code    20  lib_ascii.o(.text)
    ASCII_IsDig                              0x08002ed5   Thumb Code    20  lib_ascii.o(.text)
    ASCII_IsDigOct                           0x08002ee9   Thumb Code    20  lib_ascii.o(.text)
    ASCII_IsDigHex                           0x08002efd   Thumb Code    36  lib_ascii.o(.text)
    ASCII_IsBlank                            0x08002f21   Thumb Code    20  lib_ascii.o(.text)
    ASCII_IsSpace                            0x08002f35   Thumb Code    36  lib_ascii.o(.text)
    ASCII_IsPrint                            0x08002f59   Thumb Code    20  lib_ascii.o(.text)
    ASCII_IsGraph                            0x08002f6d   Thumb Code    20  lib_ascii.o(.text)
    ASCII_IsPunct                            0x08002f81   Thumb Code   134  lib_ascii.o(.text)
    ASCII_IsCtrl                             0x08003007   Thumb Code    26  lib_ascii.o(.text)
    ASCII_ToLower                            0x08003021   Thumb Code    32  lib_ascii.o(.text)
    ASCII_ToUpper                            0x08003041   Thumb Code    32  lib_ascii.o(.text)
    ASCII_Cmp                                0x08003061   Thumb Code    38  lib_ascii.o(.text)
    Mem_Init                                 0x08003089   Thumb Code    54  lib_mem.o(.text)
    Mem_Set                                  0x080030bf   Thumb Code    84  lib_mem.o(.text)
    Mem_Clr                                  0x08003113   Thumb Code    18  lib_mem.o(.text)
    Mem_Move                                 0x08003125   Thumb Code   186  lib_mem.o(.text)
    Mem_Cmp                                  0x080031df   Thumb Code   192  lib_mem.o(.text)
    Mem_HeapAlloc                            0x08003317   Thumb Code   168  lib_mem.o(.text)
    Mem_SegGetSizeRem                        0x080033bf   Thumb Code   108  lib_mem.o(.text)
    Mem_HeapGetSizeRem                       0x0800342b   Thumb Code    22  lib_mem.o(.text)
    Mem_PoolClr                              0x08003441   Thumb Code    80  lib_mem.o(.text)
    Mem_PoolCreate                           0x08003491   Thumb Code   838  lib_mem.o(.text)
    Mem_PoolBlkGetNbrAvail                   0x080037d7   Thumb Code    52  lib_mem.o(.text)
    Mem_PoolBlkGet                           0x0800380b   Thumb Code   126  lib_mem.o(.text)
    Mem_PoolBlkGetUsedAtIx                   0x08003889   Thumb Code   140  lib_mem.o(.text)
    Mem_PoolBlkFree                          0x08003915   Thumb Code   152  lib_mem.o(.text)
    Mem_PoolBlkIxGet                         0x080039ad   Thumb Code   162  lib_mem.o(.text)
    Str_Len_N                                0x08003a51   Thumb Code    28  lib_str.o(.text)
    Str_Len                                  0x08003a6d   Thumb Code    20  lib_str.o(.text)
    Str_Copy_N                               0x08003a81   Thumb Code    70  lib_str.o(.text)
    Str_Copy                                 0x08003ac7   Thumb Code    24  lib_str.o(.text)
    Str_Cat_N                                0x08003adf   Thumb Code    90  lib_str.o(.text)
    Str_Cat                                  0x08003b39   Thumb Code    24  lib_str.o(.text)
    Str_Cmp_N                                0x08003b51   Thumb Code   156  lib_str.o(.text)
    Str_Cmp                                  0x08003bed   Thumb Code    24  lib_str.o(.text)
    Str_CmpIgnoreCase_N                      0x08003c05   Thumb Code   264  lib_str.o(.text)
    Str_CmpIgnoreCase                        0x08003d0d   Thumb Code    24  lib_str.o(.text)
    Str_Char_N                               0x08003d25   Thumb Code    74  lib_str.o(.text)
    Str_Char                                 0x08003d6f   Thumb Code    24  lib_str.o(.text)
    Str_Char_Last_N                          0x08003d87   Thumb Code    76  lib_str.o(.text)
    Str_Char_Last                            0x08003dd3   Thumb Code    24  lib_str.o(.text)
    Str_Char_Replace_N                       0x08003deb   Thumb Code    52  lib_str.o(.text)
    Str_Char_Replace                         0x08003e1f   Thumb Code    28  lib_str.o(.text)
    Str_Str_N                                0x08003e3b   Thumb Code   182  lib_str.o(.text)
    Str_Str                                  0x08003ef1   Thumb Code    24  lib_str.o(.text)
    Str_FmtNbr_Int32U                        0x080040e5   Thumb Code    46  lib_str.o(.text)
    Str_FmtNbr_Int32S                        0x08004113   Thumb Code    62  lib_str.o(.text)
    Str_ParseNbr_Int32U                      0x0800430f   Thumb Code    30  lib_str.o(.text)
    Str_ParseNbr_Int32S                      0x0800432d   Thumb Code    74  lib_str.o(.text)
    Mem_Copy                                 0x0800437d   Thumb Code     0  lib_mem_a.o(.text)
    OSCfg_Init                               0x0800459d   Thumb Code    86  os_cfg_app.o(.text)
    OS_IdleTask                              0x08004699   Thumb Code    60  os_core.o(.text)
    OS_IdleTaskInit                          0x080046d5   Thumb Code    68  os_core.o(.text)
    OS_RdyListInit                           0x08004719   Thumb Code    32  os_core.o(.text)
    OSInit                                   0x08004739   Thumb Code   300  os_core.o(.text)
    OSIntEnter                               0x08004865   Thumb Code    34  os_core.o(.text)
    OSIntExit                                0x08004887   Thumb Code   192  os_core.o(.text)
    OSSched                                  0x08004947   Thumb Code   134  os_core.o(.text)
    OS_SchedLockTimeMeasStart                0x080049cd   Thumb Code    20  os_core.o(.text)
    OSSchedLock                              0x080049e1   Thumb Code   104  os_core.o(.text)
    OS_SchedLockTimeMeasStop                 0x08004a49   Thumb Code    44  os_core.o(.text)
    OSSchedUnlock                            0x08004a75   Thumb Code   290  os_core.o(.text)
    OSSchedRoundRobinCfg                     0x08004b97   Thumb Code    88  os_core.o(.text)
    OS_RdyListMoveHeadToTail                 0x08004bef   Thumb Code    68  os_core.o(.text)
    OSSchedRoundRobinYield                   0x08004c33   Thumb Code   164  os_core.o(.text)
    OSStart                                  0x08004cd7   Thumb Code    78  os_core.o(.text)
    OSVersion                                0x08004d25   Thumb Code    12  os_core.o(.text)
    OS_PendDbgNameAdd                        0x08004d31   Thumb Code    66  os_core.o(.text)
    OS_PendListInsertPrio                    0x08004d73   Thumb Code   102  os_core.o(.text)
    OS_PendDataInit                          0x08004dd9   Thumb Code    38  os_core.o(.text)
    OS_RdyListRemove                         0x08004dff   Thumb Code    86  os_core.o(.text)
    OS_TaskBlock                             0x08004e55   Thumb Code    56  os_core.o(.text)
    OS_Pend                                  0x08004e8d   Thumb Code    98  os_core.o(.text)
    OS_PendListRemove1                       0x08004eef   Thumb Code   134  os_core.o(.text)
    OS_PendListRemove                        0x08004f75   Thumb Code    48  os_core.o(.text)
    OS_PendAbort1                            0x08004fa5   Thumb Code    36  os_core.o(.text)
    OS_RdyListInsertHead                     0x08004fc9   Thumb Code    58  os_core.o(.text)
    OS_RdyListInsertTail                     0x08005003   Thumb Code    56  os_core.o(.text)
    OS_RdyListInsert                         0x0800503b   Thumb Code    40  os_core.o(.text)
    OS_TaskRdy                               0x08005063   Thumb Code    28  os_core.o(.text)
    OS_PendAbort                             0x0800507f   Thumb Code   166  os_core.o(.text)
    OS_PendDbgNameRemove                     0x08005125   Thumb Code    34  os_core.o(.text)
    OS_PendListChangePrio                    0x08005147   Thumb Code    70  os_core.o(.text)
    OS_PendListInit                          0x0800518d   Thumb Code    10  os_core.o(.text)
    OS_PendListInsertHead                    0x08005197   Thumb Code    32  os_core.o(.text)
    OS_PendObjDel1                           0x080051b7   Thumb Code    36  os_core.o(.text)
    OS_PendObjDel                            0x080051db   Thumb Code   162  os_core.o(.text)
    OS_Post1                                 0x0800527d   Thumb Code    42  os_core.o(.text)
    OS_Post                                  0x080052a7   Thumb Code   192  os_core.o(.text)
    OS_Sched0                                0x08005367   Thumb Code   102  os_core.o(.text)
    OS_SchedRoundRobin                       0x080053cd   Thumb Code   190  os_core.o(.text)
    OS_Dbg_Init                              0x0800549d   Thumb Code   146  os_dbg.o(.text)
    OS_FlagDbgListAdd                        0x0800564d   Thumb Code    38  os_flag.o(.text)
    OSFlagCreate                             0x08005673   Thumb Code   172  os_flag.o(.text)
    OS_FlagClr                               0x0800571f   Thumb Code    28  os_flag.o(.text)
    OS_FlagDbgListRemove                     0x0800573b   Thumb Code    44  os_flag.o(.text)
    OSFlagDel                                0x08005767   Thumb Code   594  os_flag.o(.text)
    OS_FlagBlock                             0x080059b9   Thumb Code    58  os_flag.o(.text)
    OSFlagPend                               0x080059f3   Thumb Code  1488  os_flag.o(.text)
    OSFlagPendAbort                          0x08005fc3   Thumb Code   292  os_flag.o(.text)
    OSFlagPendGetFlagsRdy                    0x080060e7   Thumb Code    68  os_flag.o(.text)
    OS_FlagTaskRdy                           0x0800612b   Thumb Code    86  os_flag.o(.text)
    OS_FlagPost                              0x08006181   Thumb Code   570  os_flag.o(.text)
    OSFlagPost                               0x080063bb   Thumb Code   146  os_flag.o(.text)
    OS_FlagInit                              0x0800644d   Thumb Code    14  os_flag.o(.text)
    OS_IntQPost                              0x08006475   Thumb Code   216  os_int.o(.text)
    OS_IntQRePost                            0x0800654d   Thumb Code   360  os_int.o(.text)
    OS_IntQTask                              0x080066b5   Thumb Code   162  os_int.o(.text)
    OS_IntQTaskInit                          0x08006757   Thumb Code   208  os_int.o(.text)
    OS_MemDbgListAdd                         0x080068b9   Thumb Code    34  os_mem.o(.text)
    OSMemCreate                              0x080068db   Thumb Code   288  os_mem.o(.text)
    OSMemGet                                 0x080069fb   Thumb Code   100  os_mem.o(.text)
    OSMemPut                                 0x08006a5f   Thumb Code   112  os_mem.o(.text)
    OS_MemInit                               0x08006acf   Thumb Code    14  os_mem.o(.text)
    OS_MsgPoolCreate                         0x08006af1   Thumb Code    54  os_msg.o(.text)
    OS_MsgPoolInit                           0x08006b27   Thumb Code    70  os_msg.o(.text)
    OS_MsgQFreeAll                           0x08006b6d   Thumb Code    62  os_msg.o(.text)
    OS_MsgQInit                              0x08006bab   Thumb Code    14  os_msg.o(.text)
    OS_MsgQGet                               0x08006bb9   Thumb Code    98  os_msg.o(.text)
    OS_MsgQPut                               0x08006c1b   Thumb Code   246  os_msg.o(.text)
    OS_MutexDbgListAdd                       0x08006d1d   Thumb Code    38  os_mutex.o(.text)
    OSMutexCreate                            0x08006d43   Thumb Code   178  os_mutex.o(.text)
    OS_MutexClr                              0x08006df5   Thumb Code    38  os_mutex.o(.text)
    OS_MutexDbgListRemove                    0x08006e1b   Thumb Code    44  os_mutex.o(.text)
    OSMutexDel                               0x08006e47   Thumb Code   842  os_mutex.o(.text)
    OSMutexPend                              0x08007191   Thumb Code   706  os_mutex.o(.text)
    OSMutexPendAbort                         0x08007453   Thumb Code   314  os_mutex.o(.text)
    OSMutexPost                              0x0800758d   Thumb Code   564  os_mutex.o(.text)
    OS_MutexInit                             0x080077c1   Thumb Code    14  os_mutex.o(.text)
    OS_PrioInit                              0x080077f1   Thumb Code    20  os_prio.o(.text)
    OS_PrioGetHighest                        0x08007805   Thumb Code    36  os_prio.o(.text)
    OS_PrioInsert                            0x08007829   Thumb Code    32  os_prio.o(.text)
    OS_PrioRemove                            0x08007849   Thumb Code    32  os_prio.o(.text)
    OS_QDbgListAdd                           0x0800786d   Thumb Code    38  os_q.o(.text)
    OSQCreate                                0x08007893   Thumb Code   186  os_q.o(.text)
    OS_QClr                                  0x0800794d   Thumb Code    40  os_q.o(.text)
    OS_QDbgListRemove                        0x08007975   Thumb Code    44  os_q.o(.text)
    OSQDel                                   0x080079a1   Thumb Code   362  os_q.o(.text)
    OSQFlush                                 0x08007b0b   Thumb Code   210  os_q.o(.text)
    OSQPend                                  0x08007bdd   Thumb Code   538  os_q.o(.text)
    OSQPendAbort                             0x08007df7   Thumb Code   292  os_q.o(.text)
    OS_QPost                                 0x08007f1b   Thumb Code   324  os_q.o(.text)
    OSQPost                                  0x0800805f   Thumb Code   198  os_q.o(.text)
    OS_QInit                                 0x08008125   Thumb Code    14  os_q.o(.text)
    OS_SemDbgListAdd                         0x08008145   Thumb Code    38  os_sem.o(.text)
    OSSemCreate                              0x0800816b   Thumb Code   172  os_sem.o(.text)
    OS_SemClr                                0x08008217   Thumb Code    28  os_sem.o(.text)
    OS_SemDbgListRemove                      0x08008233   Thumb Code    44  os_sem.o(.text)
    OSSemDel                                 0x0800825f   Thumb Code   362  os_sem.o(.text)
    OSSemPend                                0x080083c9   Thumb Code   504  os_sem.o(.text)
    OSSemPendAbort                           0x080085c1   Thumb Code   292  os_sem.o(.text)
    OS_SemPost                               0x080086e5   Thumb Code   350  os_sem.o(.text)
    OSSemPost                                0x08008843   Thumb Code   144  os_sem.o(.text)
    OSSemSet                                 0x080088d3   Thumb Code   138  os_sem.o(.text)
    OS_SemInit                               0x0800895d   Thumb Code    14  os_sem.o(.text)
    OSStatReset                              0x08008975   Thumb Code   270  os_stat.o(.text)
    OSStatTaskCPUUsageInit                   0x08008a83   Thumb Code   212  os_stat.o(.text)
    OS_StatTask                              0x08008b57   Thumb Code   888  os_stat.o(.text)
    OS_StatTaskInit                          0x08008ecf   Thumb Code   138  os_stat.o(.text)
    OSTaskChangePrio                         0x08008fad   Thumb Code   416  os_task.o(.text)
    OS_TaskDbgListAdd                        0x0800914d   Thumb Code    42  os_task.o(.text)
    OS_TaskInitTCB                           0x08009177   Thumb Code   186  os_task.o(.text)
    OSTaskCreate                             0x08009231   Thumb Code   616  os_task.o(.text)
    OS_TaskDbgListRemove                     0x08009499   Thumb Code    64  os_task.o(.text)
    OSTaskDel                                0x080094d9   Thumb Code   424  os_task.o(.text)
    OSTaskQFlush                             0x08009681   Thumb Code   214  os_task.o(.text)
    OSTaskQPend                              0x08009757   Thumb Code   554  os_task.o(.text)
    OSTaskQPendAbort                         0x08009981   Thumb Code   242  os_task.o(.text)
    OS_TaskQPost                             0x08009a73   Thumb Code   526  os_task.o(.text)
    OSTaskQPost                              0x08009c81   Thumb Code   114  os_task.o(.text)
    OSTaskRegGet                             0x08009cf3   Thumb Code    78  os_task.o(.text)
    OSTaskRegGetID                           0x08009d41   Thumb Code    84  os_task.o(.text)
    OSTaskRegSet                             0x08009d95   Thumb Code    78  os_task.o(.text)
    OS_TaskResume                            0x08009de3   Thumb Code   314  os_task.o(.text)
    OSTaskResume                             0x08009f1d   Thumb Code   112  os_task.o(.text)
    OSTaskSemPend                            0x08009f8d   Thumb Code   550  os_task.o(.text)
    OSTaskSemPendAbort                       0x0800a1b3   Thumb Code   270  os_task.o(.text)
    OS_TaskSemPost                           0x0800a2c1   Thumb Code  1224  os_task.o(.text)
    OSTaskSemPost                            0x0800a789   Thumb Code    98  os_task.o(.text)
    OSTaskSemSet                             0x0800a7eb   Thumb Code    80  os_task.o(.text)
    OSTaskStkChk                             0x0800a83b   Thumb Code   224  os_task.o(.text)
    OS_TaskSuspend                           0x0800a91b   Thumb Code   328  os_task.o(.text)
    OSTaskSuspend                            0x0800aa63   Thumb Code    78  os_task.o(.text)
    OSTaskTimeQuantaSet                      0x0800aab1   Thumb Code    96  os_task.o(.text)
    OS_TaskInit                              0x0800ab11   Thumb Code    18  os_task.o(.text)
    OS_TaskReturn                            0x0800ab23   Thumb Code    20  os_task.o(.text)
    OS_TickListRemove                        0x0800ab61   Thumb Code    56  os_tick.o(.text)
    OS_TickListUpdate                        0x0800ab99   Thumb Code   480  os_tick.o(.text)
    OS_TickTask                              0x0800ad79   Thumb Code    38  os_tick.o(.text)
    OS_TickListInit                          0x0800ad9f   Thumb Code    32  os_tick.o(.text)
    OS_TickTaskInit                          0x0800adbf   Thumb Code   130  os_tick.o(.text)
    OS_TickListInsert                        0x0800ae41   Thumb Code   502  os_tick.o(.text)
    OS_TickListResetPeak                     0x0800b037   Thumb Code    28  os_tick.o(.text)
    OSTimeDly                                0x0800b05d   Thumb Code   266  os_time.o(.text)
    OSTimeDlyHMSM                            0x0800b167   Thumb Code   480  os_time.o(.text)
    OSTimeDlyResume                          0x0800b347   Thumb Code   466  os_time.o(.text)
    OSTimeGet                                0x0800b519   Thumb Code    46  os_time.o(.text)
    OSTimeSet                                0x0800b547   Thumb Code    46  os_time.o(.text)
    OSTimeTick                               0x0800b575   Thumb Code    54  os_time.o(.text)
    OS_TmrDbgListAdd                         0x0800b5c1   Thumb Code    34  os_tmr.o(.text)
    OSTmrCreate                              0x0800b5e3   Thumb Code   248  os_tmr.o(.text)
    OS_TmrClr                                0x0800b6db   Thumb Code    36  os_tmr.o(.text)
    OS_TmrUnlink                             0x0800b6ff   Thumb Code    72  os_tmr.o(.text)
    OS_TmrDbgListRemove                      0x0800b747   Thumb Code    44  os_tmr.o(.text)
    OSTmrDel                                 0x0800b773   Thumb Code   176  os_tmr.o(.text)
    OSTmrRemainGet                           0x0800b823   Thumb Code   184  os_tmr.o(.text)
    OS_TmrLink                               0x0800b8db   Thumb Code   196  os_tmr.o(.text)
    OSTmrStart                               0x0800b99f   Thumb Code   210  os_tmr.o(.text)
    OSTmrStateGet                            0x0800ba71   Thumb Code   134  os_tmr.o(.text)
    OSTmrStop                                0x0800baf7   Thumb Code   232  os_tmr.o(.text)
    OS_TmrTask                               0x0800bbdf   Thumb Code   176  os_tmr.o(.text)
    OS_TmrInit                               0x0800bc8f   Thumb Code   208  os_tmr.o(.text)
    OS_TmrResetPeak                          0x0800bd5f   Thumb Code    28  os_tmr.o(.text)
    OSIdleTaskHook                           0x0800bdd9   Thumb Code    16  os_cpu_c.o(.text)
    OSInitHook                               0x0800bde9   Thumb Code    42  os_cpu_c.o(.text)
    OSStatTaskHook                           0x0800be13   Thumb Code    16  os_cpu_c.o(.text)
    OSTaskCreateHook                         0x0800be23   Thumb Code    20  os_cpu_c.o(.text)
    OSTaskDelHook                            0x0800be37   Thumb Code    20  os_cpu_c.o(.text)
    OSTaskReturnHook                         0x0800be4b   Thumb Code    20  os_cpu_c.o(.text)
    OSTaskStkInit                            0x0800be5f   Thumb Code   188  os_cpu_c.o(.text)
    OSTaskSwHook                             0x0800bf1b   Thumb Code   120  os_cpu_c.o(.text)
    OSTimeTickHook                           0x0800bf93   Thumb Code    16  os_cpu_c.o(.text)
    OS_CPU_SysTickHandler                    0x0800bfa3   Thumb Code    52  os_cpu_c.o(.text)
    OS_CPU_SysTickInit                       0x0800bfd7   Thumb Code    44  os_cpu_c.o(.text)
    App_OS_TimeTickHook                      0x0800c045   Thumb Code     2  os_app_hooks.o(.text)
    App_OS_TaskSwHook                        0x0800c047   Thumb Code     2  os_app_hooks.o(.text)
    App_OS_StatTaskHook                      0x0800c049   Thumb Code     2  os_app_hooks.o(.text)
    App_OS_IdleTaskHook                      0x0800c04b   Thumb Code    36  os_app_hooks.o(.text)
    App_OS_TaskReturnHook                    0x0800c06f   Thumb Code     2  os_app_hooks.o(.text)
    App_OS_TaskDelHook                       0x0800c071   Thumb Code     2  os_app_hooks.o(.text)
    App_OS_TaskCreateHook                    0x0800c073   Thumb Code     2  os_app_hooks.o(.text)
    App_OS_SetAllHooks                       0x0800c075   Thumb Code    90  os_app_hooks.o(.text)
    App_OS_ClrAllHooks                       0x0800c0cf   Thumb Code    64  os_app_hooks.o(.text)
    App_OS_InitHook                          0x0800c10f   Thumb Code     2  os_app_hooks.o(.text)
    __use_no_semihosting                     0x0800c139   Thumb Code     2  use_no_semi_2.o(.text)
    __aeabi_uldivmod                         0x0800c13b   Thumb Code     0  lludivv7m.o(.text)
    _ll_udiv                                 0x0800c13b   Thumb Code   238  lludivv7m.o(.text)
    __2printf                                0x0800c229   Thumb Code    20  noretval__2printf.o(.text)
    __2sprintf                               0x0800c241   Thumb Code    34  noretval__2sprintf.o(.text)
    __printf                                 0x0800c269   Thumb Code   104  __printf.o(.text)
    _printf_str                              0x0800c2d1   Thumb Code    82  _printf_str.o(.text)
    _printf_int_dec                          0x0800c325   Thumb Code   104  _printf_dec.o(.text)
    strlen                                   0x0800c39d   Thumb Code    62  strlen.o(.text)
    __aeabi_memcpy4                          0x0800c3db   Thumb Code     0  rt_memcpy_w.o(.text)
    __aeabi_memcpy8                          0x0800c3db   Thumb Code     0  rt_memcpy_w.o(.text)
    __rt_memcpy_w                            0x0800c3db   Thumb Code   100  rt_memcpy_w.o(.text)
    _memcpy_lastbytes_aligned                0x0800c423   Thumb Code     0  rt_memcpy_w.o(.text)
    __aeabi_memclr4                          0x0800c43f   Thumb Code     0  rt_memclr_w.o(.text)
    __aeabi_memclr8                          0x0800c43f   Thumb Code     0  rt_memclr_w.o(.text)
    __rt_memclr_w                            0x0800c43f   Thumb Code    78  rt_memclr_w.o(.text)
    _memset_w                                0x0800c443   Thumb Code     0  rt_memclr_w.o(.text)
    __use_two_region_memory                  0x0800c48d   Thumb Code     2  heapauxi.o(.text)
    __rt_heap_escrow$2region                 0x0800c48f   Thumb Code     2  heapauxi.o(.text)
    __rt_heap_expand$2region                 0x0800c491   Thumb Code     2  heapauxi.o(.text)
    __I$use$semihosting                      0x0800c493   Thumb Code     0  use_no_semi.o(.text)
    __use_no_semihosting_swi                 0x0800c493   Thumb Code     2  use_no_semi.o(.text)
    _printf_int_common                       0x0800c495   Thumb Code   178  _printf_intcommon.o(.text)
    __lib_sel_fp_printf                      0x0800c547   Thumb Code     2  _printf_fp_dec.o(.text)
    _printf_fp_dec_real                      0x0800c6f9   Thumb Code   620  _printf_fp_dec.o(.text)
    _printf_char_common                      0x0800c96f   Thumb Code    32  _printf_char_common.o(.text)
    _sputc                                   0x0800c995   Thumb Code    10  _sputc.o(.text)
    _printf_cs_common                        0x0800c99f   Thumb Code    20  _printf_char.o(.text)
    _printf_char                             0x0800c9b3   Thumb Code    16  _printf_char.o(.text)
    _printf_string                           0x0800c9c3   Thumb Code     8  _printf_char.o(.text)
    _printf_char_file                        0x0800c9cd   Thumb Code    32  _printf_char_file.o(.text)
    __rt_locale                              0x0800c9f1   Thumb Code     8  rt_locale_intlibspace.o(.text)
    _ll_udiv10                               0x0800c9f9   Thumb Code   138  lludiv10.o(.text)
    _printf_fp_infnan                        0x0800ca85   Thumb Code   112  _printf_fp_infnan.o(.text)
    _btod_etento                             0x0800cb05   Thumb Code   224  bigflt0.o(.text)
    ferror                                   0x0800cbe9   Thumb Code     8  ferror.o(.text)
    __user_libspace                          0x0800cbf1   Thumb Code     8  libspace.o(.text)
    __user_perproc_libspace                  0x0800cbf1   Thumb Code     0  libspace.o(.text)
    __user_perthread_libspace                0x0800cbf1   Thumb Code     0  libspace.o(.text)
    __user_setup_stackheap                   0x0800cbf9   Thumb Code    74  sys_stackheap_outer.o(.text)
    exit                                     0x0800cc43   Thumb Code    18  exit.o(.text)
    strcmp                                   0x0800cc55   Thumb Code   128  strcmpv7m.o(.text)
    _btod_d2e                                0x0800ccd5   Thumb Code    62  btod.o(CL$$btod_d2e)
    _d2e_denorm_low                          0x0800cd13   Thumb Code    70  btod.o(CL$$btod_d2e_denorm_low)
    _d2e_norm_op1                            0x0800cd59   Thumb Code    96  btod.o(CL$$btod_d2e_norm_op1)
    __btod_div_common                        0x0800cdb9   Thumb Code   696  btod.o(CL$$btod_div_common)
    _e2e                                     0x0800d0f1   Thumb Code   220  btod.o(CL$$btod_e2e)
    _btod_ediv                               0x0800d1cd   Thumb Code    42  btod.o(CL$$btod_ediv)
    _btod_emul                               0x0800d1f7   Thumb Code    42  btod.o(CL$$btod_emul)
    __btod_mult_common                       0x0800d221   Thumb Code   580  btod.o(CL$$btod_mult_common)
    OSStartHighRdy                           0x0800d465   Thumb Code     0  os_cpu_a.o(CODE)
    PendSV_Handler                           0x0800d49b   Thumb Code     0  os_cpu_a.o(CODE)
    __ARM_fpclassify                         0x0800d4fd   Thumb Code    40  fpclassify.o(i.__ARM_fpclassify)
    _get_lc_numeric                          0x0800d525   Thumb Code    44  lc_numeric_c.o(locale$$code)
    __aeabi_ddiv                             0x0800d551   Thumb Code     0  ddiv.o(x$fpl$ddiv)
    _ddiv                                    0x0800d551   Thumb Code   552  ddiv.o(x$fpl$ddiv)
    __aeabi_dmul                             0x0800d801   Thumb Code     0  dmul.o(x$fpl$dmul)
    _dmul                                    0x0800d801   Thumb Code   332  dmul.o(x$fpl$dmul)
    __fpl_dnaninf                            0x0800d955   Thumb Code   156  dnaninf.o(x$fpl$dnaninf)
    __fpl_dretinf                            0x0800d9f1   Thumb Code    12  dretinf.o(x$fpl$dretinf)
    __aeabi_f2d                              0x0800d9fd   Thumb Code     0  f2d.o(x$fpl$f2d)
    _f2d                                     0x0800d9fd   Thumb Code    86  f2d.o(x$fpl$f2d)
    __aeabi_fadd                             0x0800da55   Thumb Code     0  faddsub_clz.o(x$fpl$fadd)
    _fadd                                    0x0800da55   Thumb Code   196  faddsub_clz.o(x$fpl$fadd)
    __aeabi_i2f                              0x0800db19   Thumb Code     0  fflt_clz.o(x$fpl$fflt)
    _fflt                                    0x0800db19   Thumb Code    48  fflt_clz.o(x$fpl$fflt)
    __aeabi_ui2f                             0x0800db49   Thumb Code     0  fflt_clz.o(x$fpl$ffltu)
    _ffltu                                   0x0800db49   Thumb Code    38  fflt_clz.o(x$fpl$ffltu)
    __fpl_fnaninf                            0x0800db6f   Thumb Code   140  fnaninf.o(x$fpl$fnaninf)
    __fpl_fretinf                            0x0800dbfb   Thumb Code    10  fretinf.o(x$fpl$fretinf)
    __aeabi_fsub                             0x0800dc05   Thumb Code     0  faddsub_clz.o(x$fpl$fsub)
    _fsub                                    0x0800dc05   Thumb Code   234  faddsub_clz.o(x$fpl$fsub)
    _printf_fp_dec                           0x0800dcef   Thumb Code     4  printf1.o(x$fpl$printf1)
    __I$use$fp                               0x0800dcf2   Number         0  usenofp.o(x$fpl$usenofp)
    CPU_EndiannessTest                       0x0800ddf4   Data           4  cpu_core.o(.constdata)
    OSCfg_IdleTaskStkBasePtr                 0x0800de8c   Data           4  os_cfg_app.o(.constdata)
    OSCfg_IdleTaskStkLimit                   0x0800de90   Data           4  os_cfg_app.o(.constdata)
    OSCfg_IdleTaskStkSize                    0x0800de94   Data           4  os_cfg_app.o(.constdata)
    OSCfg_IdleTaskStkSizeRAM                 0x0800de98   Data           4  os_cfg_app.o(.constdata)
    OSCfg_IntQBasePtr                        0x0800de9c   Data           4  os_cfg_app.o(.constdata)
    OSCfg_IntQSize                           0x0800dea0   Data           2  os_cfg_app.o(.constdata)
    OSCfg_IntQSizeRAM                        0x0800dea4   Data           4  os_cfg_app.o(.constdata)
    OSCfg_IntQTaskStkBasePtr                 0x0800dea8   Data           4  os_cfg_app.o(.constdata)
    OSCfg_IntQTaskStkLimit                   0x0800deac   Data           4  os_cfg_app.o(.constdata)
    OSCfg_IntQTaskStkSize                    0x0800deb0   Data           4  os_cfg_app.o(.constdata)
    OSCfg_IntQTaskStkSizeRAM                 0x0800deb4   Data           4  os_cfg_app.o(.constdata)
    OSCfg_ISRStkBasePtr                      0x0800deb8   Data           4  os_cfg_app.o(.constdata)
    OSCfg_ISRStkSize                         0x0800debc   Data           4  os_cfg_app.o(.constdata)
    OSCfg_ISRStkSizeRAM                      0x0800dec0   Data           4  os_cfg_app.o(.constdata)
    OSCfg_MsgPoolSize                        0x0800dec4   Data           2  os_cfg_app.o(.constdata)
    OSCfg_MsgPoolSizeRAM                     0x0800dec8   Data           4  os_cfg_app.o(.constdata)
    OSCfg_MsgPoolBasePtr                     0x0800decc   Data           4  os_cfg_app.o(.constdata)
    OSCfg_StatTaskPrio                       0x0800ded0   Data           1  os_cfg_app.o(.constdata)
    OSCfg_StatTaskRate_Hz                    0x0800ded4   Data           4  os_cfg_app.o(.constdata)
    OSCfg_StatTaskStkBasePtr                 0x0800ded8   Data           4  os_cfg_app.o(.constdata)
    OSCfg_StatTaskStkLimit                   0x0800dedc   Data           4  os_cfg_app.o(.constdata)
    OSCfg_StatTaskStkSize                    0x0800dee0   Data           4  os_cfg_app.o(.constdata)
    OSCfg_StatTaskStkSizeRAM                 0x0800dee4   Data           4  os_cfg_app.o(.constdata)
    OSCfg_StkSizeMin                         0x0800dee8   Data           4  os_cfg_app.o(.constdata)
    OSCfg_TickRate_Hz                        0x0800deec   Data           4  os_cfg_app.o(.constdata)
    OSCfg_TickTaskPrio                       0x0800def0   Data           1  os_cfg_app.o(.constdata)
    OSCfg_TickTaskStkBasePtr                 0x0800def4   Data           4  os_cfg_app.o(.constdata)
    OSCfg_TickTaskStkLimit                   0x0800def8   Data           4  os_cfg_app.o(.constdata)
    OSCfg_TickTaskStkSize                    0x0800defc   Data           4  os_cfg_app.o(.constdata)
    OSCfg_TickTaskStkSizeRAM                 0x0800df00   Data           4  os_cfg_app.o(.constdata)
    OSCfg_TickWheelSize                      0x0800df04   Data           2  os_cfg_app.o(.constdata)
    OSCfg_TickWheelSizeRAM                   0x0800df08   Data           4  os_cfg_app.o(.constdata)
    OSCfg_TmrTaskPrio                        0x0800df0c   Data           1  os_cfg_app.o(.constdata)
    OSCfg_TmrTaskRate_Hz                     0x0800df10   Data           4  os_cfg_app.o(.constdata)
    OSCfg_TmrTaskStkBasePtr                  0x0800df14   Data           4  os_cfg_app.o(.constdata)
    OSCfg_TmrTaskStkLimit                    0x0800df18   Data           4  os_cfg_app.o(.constdata)
    OSCfg_TmrTaskStkSize                     0x0800df1c   Data           4  os_cfg_app.o(.constdata)
    OSCfg_TmrTaskStkSizeRAM                  0x0800df20   Data           4  os_cfg_app.o(.constdata)
    OSCfg_TmrWheelSize                       0x0800df24   Data           2  os_cfg_app.o(.constdata)
    OSCfg_TmrWheelSizeRAM                    0x0800df28   Data           4  os_cfg_app.o(.constdata)
    OSCfg_DataSizeRAM                        0x0800df2c   Data           4  os_cfg_app.o(.constdata)
    OSDbg_DbgEn                              0x0800df30   Data           2  os_dbg.o(.constdata)
    OSDbg_ArgChkEn                           0x0800df32   Data           1  os_dbg.o(.constdata)
    OSDbg_AppHooksEn                         0x0800df33   Data           1  os_dbg.o(.constdata)
    OSDbg_EndiannessTest                     0x0800df34   Data           4  os_dbg.o(.constdata)
    OSDbg_CalledFromISRChkEn                 0x0800df38   Data           1  os_dbg.o(.constdata)
    OSDbg_FlagEn                             0x0800df39   Data           1  os_dbg.o(.constdata)
    OSDbg_FlagGrp                            0x0800df3c   Data          40  os_dbg.o(.constdata)
    OSDbg_FlagDelEn                          0x0800df64   Data           1  os_dbg.o(.constdata)
    OSDbg_FlagModeClrEn                      0x0800df65   Data           1  os_dbg.o(.constdata)
    OSDbg_FlagPendAbortEn                    0x0800df66   Data           1  os_dbg.o(.constdata)
    OSDbg_FlagGrpSize                        0x0800df68   Data           2  os_dbg.o(.constdata)
    OSDbg_FlagWidth                          0x0800df6a   Data           2  os_dbg.o(.constdata)
    OSDbg_IntQ                               0x0800df6c   Data           2  os_dbg.o(.constdata)
    OSDbg_ISRPostDeferredEn                  0x0800df6e   Data           1  os_dbg.o(.constdata)
    OSDbg_Mem                                0x0800df70   Data          32  os_dbg.o(.constdata)
    OSDbg_MemEn                              0x0800df90   Data           1  os_dbg.o(.constdata)
    OSDbg_MemSize                            0x0800df92   Data           2  os_dbg.o(.constdata)
    OSDbg_MsgEn                              0x0800df94   Data           1  os_dbg.o(.constdata)
    OSDbg_MsgSize                            0x0800df96   Data           2  os_dbg.o(.constdata)
    OSDbg_MsgPoolSize                        0x0800df98   Data           2  os_dbg.o(.constdata)
    OSDbg_MsgQSize                           0x0800df9a   Data           2  os_dbg.o(.constdata)
    OSDbg_Mutex                              0x0800df9c   Data          44  os_dbg.o(.constdata)
    OSDbg_MutexEn                            0x0800dfc8   Data           1  os_dbg.o(.constdata)
    OSDbg_MutexDelEn                         0x0800dfc9   Data           1  os_dbg.o(.constdata)
    OSDbg_MutexPendAbortEn                   0x0800dfca   Data           1  os_dbg.o(.constdata)
    OSDbg_MutexSize                          0x0800dfcc   Data           2  os_dbg.o(.constdata)
    OSDbg_ObjTypeChkEn                       0x0800dfce   Data           1  os_dbg.o(.constdata)
    OSDbg_PendMultiEn                        0x0800dfcf   Data           1  os_dbg.o(.constdata)
    OSDbg_PendDataSize                       0x0800dfd0   Data           2  os_dbg.o(.constdata)
    OSDbg_PendListSize                       0x0800dfd2   Data           2  os_dbg.o(.constdata)
    OSDbg_PendObjSize                        0x0800dfd4   Data           2  os_dbg.o(.constdata)
    OSDbg_PrioMax                            0x0800dfd6   Data           2  os_dbg.o(.constdata)
    OSDbg_PrioTblSize                        0x0800dfd8   Data           2  os_dbg.o(.constdata)
    OSDbg_PtrSize                            0x0800dfda   Data           2  os_dbg.o(.constdata)
    OSDbg_Q                                  0x0800dfdc   Data          48  os_dbg.o(.constdata)
    OSDbg_QEn                                0x0800e00c   Data           1  os_dbg.o(.constdata)
    OSDbg_QDelEn                             0x0800e00d   Data           1  os_dbg.o(.constdata)
    OSDbg_QFlushEn                           0x0800e00e   Data           1  os_dbg.o(.constdata)
    OSDbg_QPendAbortEn                       0x0800e00f   Data           1  os_dbg.o(.constdata)
    OSDbg_QSize                              0x0800e010   Data           2  os_dbg.o(.constdata)
    OSDbg_SchedRoundRobinEn                  0x0800e012   Data           1  os_dbg.o(.constdata)
    OSDbg_Sem                                0x0800e014   Data          40  os_dbg.o(.constdata)
    OSDbg_SemEn                              0x0800e03c   Data           1  os_dbg.o(.constdata)
    OSDbg_SemDelEn                           0x0800e03d   Data           1  os_dbg.o(.constdata)
    OSDbg_SemPendAbortEn                     0x0800e03e   Data           1  os_dbg.o(.constdata)
    OSDbg_SemSetEn                           0x0800e03f   Data           1  os_dbg.o(.constdata)
    OSDbg_SemSize                            0x0800e040   Data           2  os_dbg.o(.constdata)
    OSDbg_RdyList                            0x0800e042   Data           2  os_dbg.o(.constdata)
    OSDbg_RdyListSize                        0x0800e044   Data           4  os_dbg.o(.constdata)
    OSDbg_StkWidth                           0x0800e048   Data           1  os_dbg.o(.constdata)
    OSDbg_StatTaskEn                         0x0800e049   Data           1  os_dbg.o(.constdata)
    OSDbg_StatTaskStkChkEn                   0x0800e04a   Data           1  os_dbg.o(.constdata)
    OSDbg_TaskChangePrioEn                   0x0800e04b   Data           1  os_dbg.o(.constdata)
    OSDbg_TaskDelEn                          0x0800e04c   Data           1  os_dbg.o(.constdata)
    OSDbg_TaskQEn                            0x0800e04d   Data           1  os_dbg.o(.constdata)
    OSDbg_TaskQPendAbortEn                   0x0800e04e   Data           1  os_dbg.o(.constdata)
    OSDbg_TaskProfileEn                      0x0800e04f   Data           1  os_dbg.o(.constdata)
    OSDbg_TaskRegTblSize                     0x0800e050   Data           2  os_dbg.o(.constdata)
    OSDbg_TaskSemPendAbortEn                 0x0800e052   Data           1  os_dbg.o(.constdata)
    OSDbg_TaskSuspendEn                      0x0800e053   Data           1  os_dbg.o(.constdata)
    OSDbg_TCBSize                            0x0800e054   Data           2  os_dbg.o(.constdata)
    OSDbg_TickSpokeSize                      0x0800e056   Data           2  os_dbg.o(.constdata)
    OSDbg_TimeDlyHMSMEn                      0x0800e058   Data           1  os_dbg.o(.constdata)
    OSDbg_TimeDlyResumeEn                    0x0800e059   Data           1  os_dbg.o(.constdata)
    OSDbg_TLS_TblSize                        0x0800e05a   Data           2  os_dbg.o(.constdata)
    OSDbg_Tmr                                0x0800e05c   Data          52  os_dbg.o(.constdata)
    OSDbg_TmrEn                              0x0800e090   Data           1  os_dbg.o(.constdata)
    OSDbg_TmrDelEn                           0x0800e091   Data           1  os_dbg.o(.constdata)
    OSDbg_TmrSize                            0x0800e092   Data           2  os_dbg.o(.constdata)
    OSDbg_TmrSpokeSize                       0x0800e094   Data           2  os_dbg.o(.constdata)
    OSDbg_VersionNbr                         0x0800e096   Data           2  os_dbg.o(.constdata)
    OSDbg_DataSize                           0x0800e098   Data           4  os_dbg.o(.constdata)
    Region$$Table$$Base                      0x0800e178   Number         0  anon$$obj.o(Region$$Table)
    Region$$Table$$Limit                     0x0800e198   Number         0  anon$$obj.o(Region$$Table)
    SystemCoreClock                          0x20000000   Data           4  system_stm32f10x.o(.data)
    AHBPrescTable                            0x20000004   Data          16  system_stm32f10x.o(.data)
    __stdout                                 0x20000028   Data           4  usart.o(.data)
    USART_RX_STA                             0x2000002c   Data           2  usart.o(.data)
    CPU_TS_TmrFreq_Hz                        0x20000044   Data           4  cpu_core.o(.data)
    Mem_PoolTbl                              0x20000048   Data           4  lib_mem.o(.data)
    OSPrioTbl                                0x2000004c   Data           8  os_prio.o(.data)
    OS_AppTaskCreateHookPtr                  0x20000054   Data           4  os_var.o(.data)
    OS_AppTaskDelHookPtr                     0x20000058   Data           4  os_var.o(.data)
    OS_AppTaskReturnHookPtr                  0x2000005c   Data           4  os_var.o(.data)
    OS_AppIdleTaskHookPtr                    0x20000060   Data           4  os_var.o(.data)
    OS_AppStatTaskHookPtr                    0x20000064   Data           4  os_var.o(.data)
    OS_AppTaskSwHookPtr                      0x20000068   Data           4  os_var.o(.data)
    OS_AppTimeTickHookPtr                    0x2000006c   Data           4  os_var.o(.data)
    OSIdleTaskCtr                            0x20000070   Data           4  os_var.o(.data)
    OSIntNestingCtr                          0x20000074   Data           1  os_var.o(.data)
    OSRunning                                0x20000075   Data           1  os_var.o(.data)
    OSIntQInPtr                              0x20000078   Data           4  os_var.o(.data)
    OSIntQOutPtr                             0x2000007c   Data           4  os_var.o(.data)
    OSIntQNbrEntries                         0x20000080   Data           2  os_var.o(.data)
    OSIntQNbrEntriesMax                      0x20000082   Data           2  os_var.o(.data)
    OSIntQOvfCtr                             0x20000084   Data           2  os_var.o(.data)
    OSIntQTaskTimeMax                        0x20000088   Data           4  os_var.o(.data)
    OSFlagDbgListPtr                         0x2000008c   Data           4  os_var.o(.data)
    OSFlagQty                                0x20000090   Data           2  os_var.o(.data)
    OSMemDbgListPtr                          0x20000094   Data           4  os_var.o(.data)
    OSMemQty                                 0x20000098   Data           2  os_var.o(.data)
    OSMutexDbgListPtr                        0x2000009c   Data           4  os_var.o(.data)
    OSMutexQty                               0x200000a0   Data           2  os_var.o(.data)
    OSPrioCur                                0x200000a2   Data           1  os_var.o(.data)
    OSPrioHighRdy                            0x200000a3   Data           1  os_var.o(.data)
    OSPrioSaved                              0x200000a4   Data           1  os_var.o(.data)
    OSQDbgListPtr                            0x200000a8   Data           4  os_var.o(.data)
    OSQQty                                   0x200000ac   Data           2  os_var.o(.data)
    OSSchedLockTimeBegin                     0x200000b0   Data           4  os_var.o(.data)
    OSSchedLockTimeMax                       0x200000b4   Data           4  os_var.o(.data)
    OSSchedLockTimeMaxCur                    0x200000b8   Data           4  os_var.o(.data)
    OSSchedLockNestingCtr                    0x200000bc   Data           1  os_var.o(.data)
    OSSchedRoundRobinDfltTimeQuanta          0x200000c0   Data           4  os_var.o(.data)
    OSSchedRoundRobinEn                      0x200000c4   Data           1  os_var.o(.data)
    OSSemDbgListPtr                          0x200000c8   Data           4  os_var.o(.data)
    OSSemQty                                 0x200000cc   Data           2  os_var.o(.data)
    OSStatResetFlag                          0x200000ce   Data           1  os_var.o(.data)
    OSStatTaskCPUUsage                       0x200000d0   Data           2  os_var.o(.data)
    OSStatTaskCPUUsageMax                    0x200000d2   Data           2  os_var.o(.data)
    OSStatTaskCtr                            0x200000d4   Data           4  os_var.o(.data)
    OSStatTaskCtrMax                         0x200000d8   Data           4  os_var.o(.data)
    OSStatTaskCtrRun                         0x200000dc   Data           4  os_var.o(.data)
    OSStatTaskRdy                            0x200000e0   Data           1  os_var.o(.data)
    OSStatTaskTimeMax                        0x200000e4   Data           4  os_var.o(.data)
    OSTaskCtxSwCtr                           0x200000e8   Data           4  os_var.o(.data)
    OSTaskDbgListPtr                         0x200000ec   Data           4  os_var.o(.data)
    OSTaskQty                                0x200000f0   Data           2  os_var.o(.data)
    OSTaskRegNextAvailID                     0x200000f2   Data           1  os_var.o(.data)
    OSTickCtr                                0x200000f4   Data           4  os_var.o(.data)
    OSTickTaskTimeMax                        0x200000f8   Data           4  os_var.o(.data)
    OSTmrDbgListPtr                          0x200000fc   Data           4  os_var.o(.data)
    OSTmrQty                                 0x20000100   Data           2  os_var.o(.data)
    OSTmrTaskTimeMax                         0x20000104   Data           4  os_var.o(.data)
    OSTmrTickCtr                             0x20000108   Data           4  os_var.o(.data)
    OSTmrUpdateCnt                           0x2000010c   Data           4  os_var.o(.data)
    OSTmrUpdateCtr                           0x20000110   Data           4  os_var.o(.data)
    OSTCBCurPtr                              0x20000114   Data           4  os_var.o(.data)
    OSTCBHighRdyPtr                          0x20000118   Data           4  os_var.o(.data)
    OS_CPU_ExceptStkBase                     0x2000011c   Data           4  os_cpu_c.o(.data)
    StartTaskTCB                             0x20000124   Data         196  main.o(.bss)
    START_TASK_STK                           0x200001e8   Data        2048  main.o(.bss)
    SuspendResumeTaskTCB                     0x200009e8   Data         196  task.o(.bss)
    SuspendResume_TASK_STK                   0x20000ab0   Data         512  task.o(.bss)
    Led0TaskTCB                              0x20000cb0   Data         196  task.o(.bss)
    LED0_TASK_STK                            0x20000d74   Data         320  task.o(.bss)
    FloatTaskTCB                             0x20000eb4   Data         196  task.o(.bss)
    FLOAT_TASK_STK                           0x20000f78   Data         512  task.o(.bss)
    ADCTaskTCB                               0x20001178   Data         196  task.o(.bss)
    ADC_TASK_STK                             0x20001240   Data         512  task.o(.bss)
    SchedRoundTaskTCB                        0x20001440   Data         196  task.o(.bss)
    SchedRound_TASK_STK                      0x20001504   Data         512  task.o(.bss)
    tmr1                                     0x20001704   Data          52  task.o(.bss)
    tmr2                                     0x20001738   Data          52  task.o(.bss)
    share_resource                           0x2000176c   Data          30  task.o(.bss)
    MY_SEM_SHARE                             0x2000178c   Data          40  task.o(.bss)
    SemShare1TaskTCB                         0x200017b4   Data         196  task.o(.bss)
    SemShare1_TASK_STK                       0x20001878   Data         512  task.o(.bss)
    SemShare2TaskTCB                         0x20001a78   Data         196  task.o(.bss)
    SemShare2_TASK_STK                       0x20001b3c   Data         512  task.o(.bss)
    MY_SEM_SYNC                              0x20001d3c   Data          40  task.o(.bss)
    SemSync1TaskTCB                          0x20001d64   Data         196  task.o(.bss)
    SemSync1_TASK_STK                        0x20001e28   Data         512  task.o(.bss)
    SemSync2TaskTCB                          0x20002028   Data         196  task.o(.bss)
    SemSync2_TASK_STK                        0x200020ec   Data         512  task.o(.bss)
    EMAIL_Msg                                0x200022ec   Data          48  msg.o(.bss)
    DATA_Msg                                 0x2000231c   Data          48  msg.o(.bss)
    data                                     0x2000234c   Data          10  msg.o(.bss)
    Msg1SendTaskTCB                          0x20002358   Data         196  msg.o(.bss)
    Msg1Send_TASK_STK                        0x2000241c   Data         512  msg.o(.bss)
    Msg1RecTaskTCB                           0x2000261c   Data         196  msg.o(.bss)
    Msg1Rec_TASK_STK                         0x200026e0   Data         512  msg.o(.bss)
    msgtmr                                   0x200028e0   Data          52  msg.o(.bss)
    Msg2TaskTCB                              0x20002914   Data         196  msg.o(.bss)
    Msg2_TASK_STK                            0x200029d8   Data         512  msg.o(.bss)
    TaskQ_Data                               0x20002bd8   Data          10  msg.o(.bss)
    msgQctmr                                 0x20002be4   Data          52  msg.o(.bss)
    Msgdis_TaskTCB                           0x20002c18   Data         196  msg.o(.bss)
    MSGDIS_TASK_STK                          0x20002cdc   Data         512  msg.o(.bss)
    USART_RX_BUF                             0x20002edc   Data         200  usart.o(.bss)
    CPU_Name                                 0x20002fa4   Data          16  cpu_core.o(.bss)
    Mem_PoolHeap                             0x20002fb4   Data          72  lib_mem.o(.bss)
    Mem_Heap                                 0x20002ffc   Data        1024  lib_mem.o(.bss)
    OSCfg_IdleTaskStk                        0x200033fc   Data         512  os_cfg_app.o(.bss)
    OSCfg_IntQ                               0x200035fc   Data         320  os_cfg_app.o(.bss)
    OSCfg_IntQTaskStk                        0x2000373c   Data         512  os_cfg_app.o(.bss)
    OSCfg_ISRStk                             0x2000393c   Data         512  os_cfg_app.o(.bss)
    OSCfg_MsgPool                            0x20003b3c   Data        1600  os_cfg_app.o(.bss)
    OSCfg_StatTaskStk                        0x2000417c   Data         512  os_cfg_app.o(.bss)
    OSCfg_TickTaskStk                        0x2000437c   Data         512  os_cfg_app.o(.bss)
    OSCfg_TickWheel                          0x2000457c   Data         136  os_cfg_app.o(.bss)
    OSCfg_TmrTaskStk                         0x20004604   Data         512  os_cfg_app.o(.bss)
    OSCfg_TmrWheel                           0x20004804   Data         136  os_cfg_app.o(.bss)
    OSIdleTaskTCB                            0x2000488c   Data         196  os_var.o(.bss)
    OSIntQTaskTCB                            0x20004950   Data         196  os_var.o(.bss)
    OSMsgPool                                0x20004a14   Data          12  os_var.o(.bss)
    OSRdyList                                0x20004a20   Data         768  os_var.o(.bss)
    OSStatTaskTCB                            0x20004d20   Data         196  os_var.o(.bss)
    OSTickTaskTCB                            0x20004de4   Data         196  os_var.o(.bss)
    OSTmrTaskTCB                             0x20004ea8   Data         196  os_var.o(.bss)
    __libspace_start                         0x20004f6c   Data          96  libspace.o(.bss)
    __temporary_stack_top$libspace           0x20004fcc   Data           0  libspace.o(.bss)



==============================================================================

Memory Map of the image

  Image Entry point : 0x08000131

  Load Region LR_IROM1 (Base: 0x08000000, Size: 0x0000e2d8, Max: 0x00080000, ABSOLUTE)

    Execution Region ER_IROM1 (Exec base: 0x08000000, Load base: 0x08000000, Size: 0x0000e1b4, Max: 0x00080000, ABSOLUTE)

    Exec Addr    Load Addr    Size         Type   Attr      Idx    E Section Name        Object

    0x08000000   0x08000000   0x00000130   Data   RO          384    RESET               startup_stm32f10x_hd.o
    0x08000130   0x08000130   0x00000008   Code   RO         1002  * !!!main             c_w.l(__main.o)
    0x08000138   0x08000138   0x00000034   Code   RO         1260    !!!scatter          c_w.l(__scatter.o)
    0x0800016c   0x0800016c   0x0000001a   Code   RO         1262    !!handler_copy      c_w.l(__scatter_copy.o)
    0x08000186   0x08000186   0x00000002   PAD
    0x08000188   0x08000188   0x0000001c   Code   RO         1264    !!handler_zi        c_w.l(__scatter_zi.o)
    0x080001a4   0x080001a4   0x00000000   Code   RO          993    .ARM.Collect$$_printf_percent$$00000000  c_w.l(_printf_percent.o)
    0x080001a4   0x080001a4   0x00000006   Code   RO          992    .ARM.Collect$$_printf_percent$$00000003  c_w.l(_printf_f.o)
    0x080001aa   0x080001aa   0x00000006   Code   RO          991    .ARM.Collect$$_printf_percent$$00000009  c_w.l(_printf_d.o)
    0x080001b0   0x080001b0   0x00000006   Code   RO          990    .ARM.Collect$$_printf_percent$$00000014  c_w.l(_printf_s.o)
    0x080001b6   0x080001b6   0x00000004   Code   RO         1045    .ARM.Collect$$_printf_percent$$00000017  c_w.l(_printf_percent_end.o)
    0x080001ba   0x080001ba   0x00000002   Code   RO         1137    .ARM.Collect$$libinit$$00000000  c_w.l(libinit.o)
    0x080001bc   0x080001bc   0x00000000   Code   RO         1139    .ARM.Collect$$libinit$$00000002  c_w.l(libinit2.o)
    0x080001bc   0x080001bc   0x00000000   Code   RO         1141    .ARM.Collect$$libinit$$00000004  c_w.l(libinit2.o)
    0x080001bc   0x080001bc   0x00000000   Code   RO         1144    .ARM.Collect$$libinit$$0000000A  c_w.l(libinit2.o)
    0x080001bc   0x080001bc   0x00000000   Code   RO         1146    .ARM.Collect$$libinit$$0000000C  c_w.l(libinit2.o)
    0x080001bc   0x080001bc   0x00000000   Code   RO         1148    .ARM.Collect$$libinit$$0000000E  c_w.l(libinit2.o)
    0x080001bc   0x080001bc   0x00000006   Code   RO         1149    .ARM.Collect$$libinit$$0000000F  c_w.l(libinit2.o)
    0x080001c2   0x080001c2   0x00000000   Code   RO         1151    .ARM.Collect$$libinit$$00000011  c_w.l(libinit2.o)
    0x080001c2   0x080001c2   0x00000000   Code   RO         1153    .ARM.Collect$$libinit$$00000013  c_w.l(libinit2.o)
    0x080001c2   0x080001c2   0x00000000   Code   RO         1155    .ARM.Collect$$libinit$$00000015  c_w.l(libinit2.o)
    0x080001c2   0x080001c2   0x0000000a   Code   RO         1156    .ARM.Collect$$libinit$$00000016  c_w.l(libinit2.o)
    0x080001cc   0x080001cc   0x00000000   Code   RO         1157    .ARM.Collect$$libinit$$00000017  c_w.l(libinit2.o)
    0x080001cc   0x080001cc   0x00000000   Code   RO         1159    .ARM.Collect$$libinit$$00000019  c_w.l(libinit2.o)
    0x080001cc   0x080001cc   0x00000000   Code   RO         1161    .ARM.Collect$$libinit$$0000001B  c_w.l(libinit2.o)
    0x080001cc   0x080001cc   0x00000000   Code   RO         1163    .ARM.Collect$$libinit$$0000001D  c_w.l(libinit2.o)
    0x080001cc   0x080001cc   0x00000000   Code   RO         1165    .ARM.Collect$$libinit$$0000001F  c_w.l(libinit2.o)
    0x080001cc   0x080001cc   0x00000000   Code   RO         1167    .ARM.Collect$$libinit$$00000021  c_w.l(libinit2.o)
    0x080001cc   0x080001cc   0x00000000   Code   RO         1169    .ARM.Collect$$libinit$$00000023  c_w.l(libinit2.o)
    0x080001cc   0x080001cc   0x00000000   Code   RO         1171    .ARM.Collect$$libinit$$00000025  c_w.l(libinit2.o)
    0x080001cc   0x080001cc   0x00000000   Code   RO         1175    .ARM.Collect$$libinit$$0000002C  c_w.l(libinit2.o)
    0x080001cc   0x080001cc   0x00000000   Code   RO         1177    .ARM.Collect$$libinit$$0000002E  c_w.l(libinit2.o)
    0x080001cc   0x080001cc   0x00000000   Code   RO         1179    .ARM.Collect$$libinit$$00000030  c_w.l(libinit2.o)
    0x080001cc   0x080001cc   0x00000000   Code   RO         1181    .ARM.Collect$$libinit$$00000032  c_w.l(libinit2.o)
    0x080001cc   0x080001cc   0x00000002   Code   RO         1182    .ARM.Collect$$libinit$$00000033  c_w.l(libinit2.o)
    0x080001ce   0x080001ce   0x00000002   Code   RO         1224    .ARM.Collect$$libshutdown$$00000000  c_w.l(libshutdown.o)
    0x080001d0   0x080001d0   0x00000000   Code   RO         1243    .ARM.Collect$$libshutdown$$00000002  c_w.l(libshutdown2.o)
    0x080001d0   0x080001d0   0x00000000   Code   RO         1245    .ARM.Collect$$libshutdown$$00000004  c_w.l(libshutdown2.o)
    0x080001d0   0x080001d0   0x00000000   Code   RO         1248    .ARM.Collect$$libshutdown$$00000007  c_w.l(libshutdown2.o)
    0x080001d0   0x080001d0   0x00000000   Code   RO         1251    .ARM.Collect$$libshutdown$$0000000A  c_w.l(libshutdown2.o)
    0x080001d0   0x080001d0   0x00000000   Code   RO         1253    .ARM.Collect$$libshutdown$$0000000C  c_w.l(libshutdown2.o)
    0x080001d0   0x080001d0   0x00000000   Code   RO         1256    .ARM.Collect$$libshutdown$$0000000F  c_w.l(libshutdown2.o)
    0x080001d0   0x080001d0   0x00000002   Code   RO         1257    .ARM.Collect$$libshutdown$$00000010  c_w.l(libshutdown2.o)
    0x080001d2   0x080001d2   0x00000000   Code   RO         1028    .ARM.Collect$$rtentry$$00000000  c_w.l(__rtentry.o)
    0x080001d2   0x080001d2   0x00000000   Code   RO         1056    .ARM.Collect$$rtentry$$00000002  c_w.l(__rtentry2.o)
    0x080001d2   0x080001d2   0x00000006   Code   RO         1068    .ARM.Collect$$rtentry$$00000004  c_w.l(__rtentry4.o)
    0x080001d8   0x080001d8   0x00000000   Code   RO         1058    .ARM.Collect$$rtentry$$00000009  c_w.l(__rtentry2.o)
    0x080001d8   0x080001d8   0x00000004   Code   RO         1059    .ARM.Collect$$rtentry$$0000000A  c_w.l(__rtentry2.o)
    0x080001dc   0x080001dc   0x00000000   Code   RO         1061    .ARM.Collect$$rtentry$$0000000C  c_w.l(__rtentry2.o)
    0x080001dc   0x080001dc   0x00000008   Code   RO         1062    .ARM.Collect$$rtentry$$0000000D  c_w.l(__rtentry2.o)
    0x080001e4   0x080001e4   0x00000002   Code   RO         1183    .ARM.Collect$$rtexit$$00000000  c_w.l(rtexit.o)
    0x080001e6   0x080001e6   0x00000000   Code   RO         1196    .ARM.Collect$$rtexit$$00000002  c_w.l(rtexit2.o)
    0x080001e6   0x080001e6   0x00000004   Code   RO         1197    .ARM.Collect$$rtexit$$00000003  c_w.l(rtexit2.o)
    0x080001ea   0x080001ea   0x00000006   Code   RO         1198    .ARM.Collect$$rtexit$$00000004  c_w.l(rtexit2.o)
    0x080001f0   0x080001f0   0x00000234   Code   RO            1    .text               main.o
    0x08000424   0x08000424   0x00000016   Code   RO          166    .text               stm32f10x_it.o
    0x0800043a   0x0800043a   0x00000002   PAD
    0x0800043c   0x0800043c   0x000001e0   Code   RO          198    .text               system_stm32f10x.o
    0x0800061c   0x0800061c   0x0000004c   Code   RO          216    .text               led.o
    0x08000668   0x08000668   0x000001cc   Code   RO          228    .text               ads1118.o
    0x08000834   0x08000834   0x000004e0   Code   RO          246    .text               task.o
    0x08000d14   0x08000d14   0x000000ec   Code   RO          268    .text               adc.o
    0x08000e00   0x08000e00   0x00000664   Code   RO          299    .text               msg.o
    0x08001464   0x08001464   0x0000014c   Code   RO          318    .text               delay.o
    0x080015b0   0x080015b0   0x000001a0   Code   RO          349    .text               usart.o
    0x08001750   0x08001750   0x00000040   Code   RO          385    .text               startup_stm32f10x_hd.o
    0x08001790   0x08001790   0x000000dc   Code   RO          389    .text               misc.o
    0x0800186c   0x0800186c   0x0000044e   Code   RO          401    .text               stm32f10x_adc.o
    0x08001cba   0x08001cba   0x00000002   PAD
    0x08001cbc   0x08001cbc   0x0000035c   Code   RO          413    .text               stm32f10x_gpio.o
    0x08002018   0x08002018   0x00000408   Code   RO          425    .text               stm32f10x_usart.o
    0x08002420   0x08002420   0x000003a4   Code   RO          437    .text               stm32f10x_rcc.o
    0x080027c4   0x080027c4   0x0000030c   Code   RO          511    .text               stm32f10x_spi.o
    0x08002ad0   0x08002ad0   0x00000084   Code   RO          550    .text               bsp.o
    0x08002b54   0x08002b54   0x000002a8   Code   RO          565    .text               cpu_core.o
    0x08002dfc   0x08002dfc   0x00000034   Code   RO          603    .text               cpu_a.o
    0x08002e30   0x08002e30   0x00000256   Code   RO          606    .text               lib_ascii.o
    0x08003086   0x08003086   0x00000002   PAD
    0x08003088   0x08003088   0x000009c6   Code   RO          639    .text               lib_mem.o
    0x08003a4e   0x08003a4e   0x00000002   PAD
    0x08003a50   0x08003a50   0x0000092c   Code   RO          658    .text               lib_str.o
    0x0800437c   0x0800437c   0x00000220   Code   RO          675    .text               lib_mem_a.o
    0x0800459c   0x0800459c   0x000000fc   Code   RO          678    .text               os_cfg_app.o
    0x08004698   0x08004698   0x00000e04   Code   RO          701    .text               os_core.o
    0x0800549c   0x0800549c   0x000001b0   Code   RO          713    .text               os_dbg.o
    0x0800564c   0x0800564c   0x00000e28   Code   RO          728    .text               os_flag.o
    0x08006474   0x08006474   0x00000444   Code   RO          740    .text               os_int.o
    0x080068b8   0x080068b8   0x00000238   Code   RO          752    .text               os_mem.o
    0x08006af0   0x08006af0   0x0000022c   Code   RO          764    .text               os_msg.o
    0x08006d1c   0x08006d1c   0x00000ad4   Code   RO          776    .text               os_mutex.o
    0x080077f0   0x080077f0   0x0000007c   Code   RO          794    .text               os_prio.o
    0x0800786c   0x0800786c   0x000008d8   Code   RO          813    .text               os_q.o
    0x08008144   0x08008144   0x00000830   Code   RO          825    .text               os_sem.o
    0x08008974   0x08008974   0x00000638   Code   RO          837    .text               os_stat.o
    0x08008fac   0x08008fac   0x00001bb4   Code   RO          849    .text               os_task.o
    0x0800ab60   0x0800ab60   0x000004fc   Code   RO          861    .text               os_tick.o
    0x0800b05c   0x0800b05c   0x00000564   Code   RO          873    .text               os_time.o
    0x0800b5c0   0x0800b5c0   0x00000818   Code   RO          885    .text               os_tmr.o
    0x0800bdd8   0x0800bdd8   0x0000026c   Code   RO          911    .text               os_cpu_c.o
    0x0800c044   0x0800c044   0x000000f4   Code   RO          932    .text               os_app_hooks.o
    0x0800c138   0x0800c138   0x00000002   Code   RO          952    .text               c_w.l(use_no_semi_2.o)
    0x0800c13a   0x0800c13a   0x000000ee   Code   RO          954    .text               c_w.l(lludivv7m.o)
    0x0800c228   0x0800c228   0x00000018   Code   RO          960    .text               c_w.l(noretval__2printf.o)
    0x0800c240   0x0800c240   0x00000028   Code   RO          962    .text               c_w.l(noretval__2sprintf.o)
    0x0800c268   0x0800c268   0x00000068   Code   RO          964    .text               c_w.l(__printf.o)
    0x0800c2d0   0x0800c2d0   0x00000052   Code   RO          966    .text               c_w.l(_printf_str.o)
    0x0800c322   0x0800c322   0x00000002   PAD
    0x0800c324   0x0800c324   0x00000078   Code   RO          968    .text               c_w.l(_printf_dec.o)
    0x0800c39c   0x0800c39c   0x0000003e   Code   RO          994    .text               c_w.l(strlen.o)
    0x0800c3da   0x0800c3da   0x00000064   Code   RO          996    .text               c_w.l(rt_memcpy_w.o)
    0x0800c43e   0x0800c43e   0x0000004e   Code   RO          998    .text               c_w.l(rt_memclr_w.o)
    0x0800c48c   0x0800c48c   0x00000006   Code   RO         1000    .text               c_w.l(heapauxi.o)
    0x0800c492   0x0800c492   0x00000002   Code   RO         1026    .text               c_w.l(use_no_semi.o)
    0x0800c494   0x0800c494   0x000000b2   Code   RO         1033    .text               c_w.l(_printf_intcommon.o)
    0x0800c546   0x0800c546   0x0000041e   Code   RO         1035    .text               c_w.l(_printf_fp_dec.o)
    0x0800c964   0x0800c964   0x00000030   Code   RO         1037    .text               c_w.l(_printf_char_common.o)
    0x0800c994   0x0800c994   0x0000000a   Code   RO         1039    .text               c_w.l(_sputc.o)
    0x0800c99e   0x0800c99e   0x0000002c   Code   RO         1041    .text               c_w.l(_printf_char.o)
    0x0800c9ca   0x0800c9ca   0x00000002   PAD
    0x0800c9cc   0x0800c9cc   0x00000024   Code   RO         1043    .text               c_w.l(_printf_char_file.o)
    0x0800c9f0   0x0800c9f0   0x00000008   Code   RO         1075    .text               c_w.l(rt_locale_intlibspace.o)
    0x0800c9f8   0x0800c9f8   0x0000008a   Code   RO         1077    .text               c_w.l(lludiv10.o)
    0x0800ca82   0x0800ca82   0x00000002   PAD
    0x0800ca84   0x0800ca84   0x00000080   Code   RO         1079    .text               c_w.l(_printf_fp_infnan.o)
    0x0800cb04   0x0800cb04   0x000000e4   Code   RO         1083    .text               c_w.l(bigflt0.o)
    0x0800cbe8   0x0800cbe8   0x00000008   Code   RO         1108    .text               c_w.l(ferror.o)
    0x0800cbf0   0x0800cbf0   0x00000008   Code   RO         1119    .text               c_w.l(libspace.o)
    0x0800cbf8   0x0800cbf8   0x0000004a   Code   RO         1122    .text               c_w.l(sys_stackheap_outer.o)
    0x0800cc42   0x0800cc42   0x00000012   Code   RO         1124    .text               c_w.l(exit.o)
    0x0800cc54   0x0800cc54   0x00000080   Code   RO         1130    .text               c_w.l(strcmpv7m.o)
    0x0800ccd4   0x0800ccd4   0x0000003e   Code   RO         1086    CL$$btod_d2e        c_w.l(btod.o)
    0x0800cd12   0x0800cd12   0x00000046   Code   RO         1088    CL$$btod_d2e_denorm_low  c_w.l(btod.o)
    0x0800cd58   0x0800cd58   0x00000060   Code   RO         1087    CL$$btod_d2e_norm_op1  c_w.l(btod.o)
    0x0800cdb8   0x0800cdb8   0x00000338   Code   RO         1096    CL$$btod_div_common  c_w.l(btod.o)
    0x0800d0f0   0x0800d0f0   0x000000dc   Code   RO         1093    CL$$btod_e2e        c_w.l(btod.o)
    0x0800d1cc   0x0800d1cc   0x0000002a   Code   RO         1090    CL$$btod_ediv       c_w.l(btod.o)
    0x0800d1f6   0x0800d1f6   0x0000002a   Code   RO         1089    CL$$btod_emul       c_w.l(btod.o)
    0x0800d220   0x0800d220   0x00000244   Code   RO         1095    CL$$btod_mult_common  c_w.l(btod.o)
    0x0800d464   0x0800d464   0x00000098   Code   RO          929    CODE                os_cpu_a.o
    0x0800d4fc   0x0800d4fc   0x00000028   Code   RO         1117    i.__ARM_fpclassify  m_ws.l(fpclassify.o)
    0x0800d524   0x0800d524   0x0000002c   Code   RO         1113    locale$$code        c_w.l(lc_numeric_c.o)
    0x0800d550   0x0800d550   0x000002b0   Code   RO         1005    x$fpl$ddiv          fz_ws.l(ddiv.o)
    0x0800d800   0x0800d800   0x00000154   Code   RO         1008    x$fpl$dmul          fz_ws.l(dmul.o)
    0x0800d954   0x0800d954   0x0000009c   Code   RO         1046    x$fpl$dnaninf       fz_ws.l(dnaninf.o)
    0x0800d9f0   0x0800d9f0   0x0000000c   Code   RO         1048    x$fpl$dretinf       fz_ws.l(dretinf.o)
    0x0800d9fc   0x0800d9fc   0x00000056   Code   RO         1010    x$fpl$f2d           fz_ws.l(f2d.o)
    0x0800da52   0x0800da52   0x00000002   PAD
    0x0800da54   0x0800da54   0x000000c4   Code   RO         1012    x$fpl$fadd          fz_ws.l(faddsub_clz.o)
    0x0800db18   0x0800db18   0x00000030   Code   RO         1019    x$fpl$fflt          fz_ws.l(fflt_clz.o)
    0x0800db48   0x0800db48   0x00000026   Code   RO         1018    x$fpl$ffltu         fz_ws.l(fflt_clz.o)
    0x0800db6e   0x0800db6e   0x0000008c   Code   RO         1050    x$fpl$fnaninf       fz_ws.l(fnaninf.o)
    0x0800dbfa   0x0800dbfa   0x0000000a   Code   RO         1052    x$fpl$fretinf       fz_ws.l(fretinf.o)
    0x0800dc04   0x0800dc04   0x000000ea   Code   RO         1014    x$fpl$fsub          fz_ws.l(faddsub_clz.o)
    0x0800dcee   0x0800dcee   0x00000004   Code   RO         1024    x$fpl$printf1       fz_ws.l(printf1.o)
    0x0800dcf2   0x0800dcf2   0x00000000   Code   RO         1054    x$fpl$usenofp       fz_ws.l(usenofp.o)
    0x0800dcf2   0x0800dcf2   0x00000002   PAD
    0x0800dcf4   0x0800dcf4   0x00000104   Data   RO          567    .constdata          cpu_core.o
    0x0800ddf8   0x0800ddf8   0x00000094   Data   RO          659    .constdata          lib_str.o
    0x0800de8c   0x0800de8c   0x000000a4   Data   RO          680    .constdata          os_cfg_app.o
    0x0800df30   0x0800df30   0x0000016c   Data   RO          714    .constdata          os_dbg.o
    0x0800e09c   0x0800e09c   0x00000094   Data   RO         1084    .constdata          c_w.l(bigflt0.o)
    0x0800e130   0x0800e130   0x00000046   Data   RO          933    .conststring        os_app_hooks.o
    0x0800e176   0x0800e176   0x00000002   PAD
    0x0800e178   0x0800e178   0x00000020   Data   RO         1258    Region$$Table       anon$$obj.o
    0x0800e198   0x0800e198   0x0000001c   Data   RO         1112    locale$$data        c_w.l(lc_numeric_c.o)


    Execution Region RW_IRAM1 (Exec base: 0x20000000, Load base: 0x0800e1b4, Size: 0x000059d0, Max: 0x00010000, ABSOLUTE)

    Exec Addr    Load Addr    Size         Type   Attr      Idx    E Section Name        Object

    0x20000000   0x0800e1b4   0x00000014   Data   RW          199    .data               system_stm32f10x.o
    0x20000014   0x0800e1c8   0x0000000b   Data   RW          248    .data               task.o
    0x2000001f   0x0800e1d3   0x00000003   Data   RW          301    .data               msg.o
    0x20000022   0x0800e1d6   0x00000004   Data   RW          319    .data               delay.o
    0x20000026   0x0800e1da   0x00000002   PAD
    0x20000028   0x0800e1dc   0x00000006   Data   RW          351    .data               usart.o
    0x2000002e   0x0800e1e2   0x00000014   Data   RW          438    .data               stm32f10x_rcc.o
    0x20000042   0x0800e1f6   0x00000002   PAD
    0x20000044   0x0800e1f8   0x00000004   Data   RW          568    .data               cpu_core.o
    0x20000048   0x0800e1fc   0x00000004   Data   RW          641    .data               lib_mem.o
    0x2000004c   0x0800e200   0x00000008   Data   RW          795    .data               os_prio.o
    0x20000054   0x0800e208   0x000000c8   Data   RW          898    .data               os_var.o
    0x2000011c   0x0800e2d0   0x00000004   Data   RW          912    .data               os_cpu_c.o
    0x20000120   0x0800e2d4   0x00000004   Data   RW          934    .data               os_app_hooks.o
    0x20000124        -       0x000008c4   Zero   RW            2    .bss                main.o
    0x200009e8        -       0x00001904   Zero   RW          247    .bss                task.o
    0x200022ec        -       0x00000bf0   Zero   RW          300    .bss                msg.o
    0x20002edc        -       0x000000c8   Zero   RW          350    .bss                usart.o
    0x20002fa4        -       0x00000010   Zero   RW          566    .bss                cpu_core.o
    0x20002fb4        -       0x00000448   Zero   RW          640    .bss                lib_mem.o
    0x200033fc        -       0x00001490   Zero   RW          679    .bss                os_cfg_app.o
    0x2000488c        -       0x000006e0   Zero   RW          897    .bss                os_var.o
    0x20004f6c        -       0x00000060   Zero   RW         1120    .bss                c_w.l(libspace.o)
    0x20004fcc   0x0800e2d8   0x00000004   PAD
    0x20004fd0        -       0x00000200   Zero   RW          383    HEAP                startup_stm32f10x_hd.o
    0x200051d0        -       0x00000800   Zero   RW          382    STACK               startup_stm32f10x_hd.o


==============================================================================

Image component sizes


      Code (inc. data)   RO Data    RW Data    ZI Data      Debug   Object Name

       236          8          0          0          0       1075   adc.o
       460          8          0          0          0       2161   ads1118.o
       132         12          0          0          0       1123   bsp.o
        52          0          0          0          0        316   cpu_a.o
       680         14        260          4         16      14263   cpu_core.o
       332         28          0          4          0       1761   delay.o
        76          8          0          0          0        463   led.o
       598          0          0          0          0       3856   lib_ascii.o
      2502         32          0          4       1096      22116   lib_mem.o
       544          0          0          0          0        464   lib_mem_a.o
      2348          6        148          0          0      13710   lib_str.o
       564         82          0          0       2244     280444   main.o
       220         22          0          0          0       1769   misc.o
      1636        408          0          3       3056       3966   msg.o
       244         40         70          4          0       1805   os_app_hooks.o
       252        166        164          0       5264      20802   os_cfg_app.o
      3588        294          0          0          0      12405   os_core.o
       152         32          0          0          0        372   os_cpu_a.o
       620         66          0          4          0       3709   os_cpu_c.o
       432        286        364          0          0       4677   os_dbg.o
      3624        110          0          0          0       7987   os_flag.o
      1092        146          0          0          0       2292   os_int.o
       568         20          0          0          0       2716   os_mem.o
       556         12          0          0          0       2751   os_msg.o
      2772        114          0          0          0       5522   os_mutex.o
       124          4          0          8          0       1672   os_prio.o
      2264         76          0          0          0       6288   os_q.o
      2096         70          0          0          0       6308   os_sem.o
      1592        180          0          0          0       2769   os_stat.o
      7092        270          0          0          0      14134   os_task.o
      1276         90          0          0          0       3241   os_tick.o
      1380         46          0          0          0       3245   os_time.o
      2072        140          0          0          0       6434   os_tmr.o
         0          0          0        200       1760      19309   os_var.o
        64         26        304          0       2560        772   startup_stm32f10x_hd.o
      1102         26          0          0          0      11013   stm32f10x_adc.o
       860         38          0          0          0       5709   stm32f10x_gpio.o
        22          0          0          0          0        971   stm32f10x_it.o
       932         36          0         20          0       8868   stm32f10x_rcc.o
       780         14          0          0          0       6586   stm32f10x_spi.o
      1032         22          0          0          0       8428   stm32f10x_usart.o
         0          0          0          0          0         32   sys.o
       480         38          0         20          0       1655   system_stm32f10x.o
      1248        302          0         11       6404      13867   task.o
       416         20          0          6        200       3403   usart.o

    ----------------------------------------------------------------------
     49120       3312       1344        292      22600     537229   Object Totals
         0          0         32          0          0          0   (incl. Generated)
         8          0          2          4          0          0   (incl. Padding)

    ----------------------------------------------------------------------

      Code (inc. data)   RO Data    RW Data    ZI Data      Debug   Library Member Name

         8          0          0          0          0         68   __main.o
       104          0          0          0          0         84   __printf.o
         0          0          0          0          0          0   __rtentry.o
        12          0          0          0          0          0   __rtentry2.o
         6          0          0          0          0          0   __rtentry4.o
        52          8          0          0          0          0   __scatter.o
        26          0          0          0          0          0   __scatter_copy.o
        28          0          0          0          0          0   __scatter_zi.o
        44          0          0          0          0        108   _printf_char.o
        48          6          0          0          0         96   _printf_char_common.o
        36          4          0          0          0         80   _printf_char_file.o
         6          0          0          0          0          0   _printf_d.o
       120         16          0          0          0         92   _printf_dec.o
         6          0          0          0          0          0   _printf_f.o
      1054          0          0          0          0        216   _printf_fp_dec.o
       128         16          0          0          0         84   _printf_fp_infnan.o
       178          0          0          0          0         88   _printf_intcommon.o
         0          0          0          0          0          0   _printf_percent.o
         4          0          0          0          0          0   _printf_percent_end.o
         6          0          0          0          0          0   _printf_s.o
        82          0          0          0          0         80   _printf_str.o
        10          0          0          0          0         68   _sputc.o
       228          4        148          0          0         96   bigflt0.o
      1936        128          0          0          0        672   btod.o
        18          0          0          0          0         80   exit.o
         8          0          0          0          0         68   ferror.o
         6          0          0          0          0        152   heapauxi.o
        44         10         28          0          0         76   lc_numeric_c.o
         2          0          0          0          0          0   libinit.o
        18          0          0          0          0          0   libinit2.o
         2          0          0          0          0          0   libshutdown.o
         2          0          0          0          0          0   libshutdown2.o
         8          4          0          0         96         68   libspace.o
       138          0          0          0          0         80   lludiv10.o
       238          0          0          0          0        100   lludivv7m.o
        24          4          0          0          0         84   noretval__2printf.o
        40          6          0          0          0         84   noretval__2sprintf.o
         8          4          0          0          0         68   rt_locale_intlibspace.o
        78          0          0          0          0         80   rt_memclr_w.o
       100          0          0          0          0         80   rt_memcpy_w.o
         2          0          0          0          0          0   rtexit.o
        10          0          0          0          0          0   rtexit2.o
       128          0          0          0          0         68   strcmpv7m.o
        62          0          0          0          0         76   strlen.o
        74          0          0          0          0         80   sys_stackheap_outer.o
         2          0          0          0          0         68   use_no_semi.o
         2          0          0          0          0         68   use_no_semi_2.o
       688        140          0          0          0        208   ddiv.o
       340         12          0          0          0        104   dmul.o
       156          4          0          0          0         92   dnaninf.o
        12          0          0          0          0         68   dretinf.o
        86          4          0          0          0         84   f2d.o
       430          8          0          0          0        168   faddsub_clz.o
        86          0          0          0          0        136   fflt_clz.o
       140          4          0          0          0         84   fnaninf.o
        10          0          0          0          0         68   fretinf.o
         4          0          0          0          0         68   printf1.o
         0          0          0          0          0          0   usenofp.o
        40          0          0          0          0         68   fpclassify.o

    ----------------------------------------------------------------------
      7140        382        176          0        100       4360   Library Totals
        12          0          0          0          4          0   (incl. Padding)

    ----------------------------------------------------------------------

      Code (inc. data)   RO Data    RW Data    ZI Data      Debug   Library Name

      5136        210        176          0         96       3212   c_w.l
      1952        172          0          0          0       1080   fz_ws.l
        40          0          0          0          0         68   m_ws.l

    ----------------------------------------------------------------------
      7140        382        176          0        100       4360   Library Totals

    ----------------------------------------------------------------------

==============================================================================


      Code (inc. data)   RO Data    RW Data    ZI Data      Debug   

     56260       3694       1520        292      22700     535293   Grand Totals
     56260       3694       1520        292      22700     535293   ELF Image Totals
     56260       3694       1520        292          0          0   ROM Totals

==============================================================================

    Total RO  Size (Code + RO Data)                57780 (  56.43kB)
    Total RW  Size (RW Data + ZI Data)             22992 (  22.45kB)
    Total ROM Size (Code + RO Data + RW Data)      58072 (  56.71kB)

==============================================================================

